Component: Arm Compiler for Embedded 6.23 Tool: armlink [5f102400]

==============================================================================

Section Cross References

    main.o(.text.main) refers to zf_common_clock.o(.text.clock_init) for clock_init
    main.o(.text.main) refers to zf_common_debug.o(.text.debug_init) for debug_init
    main.o(.text.main) refers to zf_common_clock.o(.data.system_clock) for system_clock
    main.o(.text.main) refers to zf_driver_pit.o(.text.pit_init) for pit_init
    main.o(.text.main) refers to zf_driver_pit.o(.text.pit_enable) for pit_enable
    main.o(.text.main) refers to main.o(.bss.pid) for pid
    main.o(.text.main) refers to pid.o(.text.PID_Init) for PID_Init
    main.o(.text.main) refers to pid.o(.text.PID_SetOutputLimits) for PID_SetOutputLimits
    main.o(.text.main) refers to zf_driver_pwm.o(.text.pwm_init) for pwm_init
    main.o(.text.main) refers to zf_driver_pwm.o(.text.pwm_set_duty) for pwm_set_duty
    main.o(.ARM.exidx.text.main) refers to main.o(.text.main) for [Anonymous Symbol]
    main.o(.text.TIM6_IRQHandler) refers to main.o(.bss.b) for b
    main.o(.text.TIM6_IRQHandler) refers to main.o(.bss.pid) for pid
    main.o(.text.TIM6_IRQHandler) refers to pid.o(.text.PID_Compute) for PID_Compute
    main.o(.ARM.exidx.text.TIM6_IRQHandler) refers to main.o(.text.TIM6_IRQHandler) for [Anonymous Symbol]
    isr.o(.ARM.exidx.text.TIM1_UP_IRQHandler) refers to isr.o(.text.TIM1_UP_IRQHandler) for [Anonymous Symbol]
    isr.o(.ARM.exidx.text.TIM2_IRQHandler) refers to isr.o(.text.TIM2_IRQHandler) for [Anonymous Symbol]
    isr.o(.ARM.exidx.text.TIM3_IRQHandler) refers to isr.o(.text.TIM3_IRQHandler) for [Anonymous Symbol]
    isr.o(.ARM.exidx.text.TIM4_IRQHandler) refers to isr.o(.text.TIM4_IRQHandler) for [Anonymous Symbol]
    isr.o(.ARM.exidx.text.TIM5_IRQHandler) refers to isr.o(.text.TIM5_IRQHandler) for [Anonymous Symbol]
    isr.o(.ARM.exidx.text.TIM7_IRQHandler) refers to isr.o(.text.TIM7_IRQHandler) for [Anonymous Symbol]
    isr.o(.text.TIM8_UP_IRQHandler) refers to zf_device_tsl1401.o(.text.tsl1401_collect_pit_handler) for tsl1401_collect_pit_handler
    isr.o(.ARM.exidx.text.TIM8_UP_IRQHandler) refers to isr.o(.text.TIM8_UP_IRQHandler) for [Anonymous Symbol]
    isr.o(.ARM.exidx.text.UART1_IRQHandler) refers to isr.o(.text.UART1_IRQHandler) for [Anonymous Symbol]
    isr.o(.text.UART2_IRQHandler) refers to zf_device_gps_tau1201.o(.text.gps_uart_callback) for gps_uart_callback
    isr.o(.ARM.exidx.text.UART2_IRQHandler) refers to isr.o(.text.UART2_IRQHandler) for [Anonymous Symbol]
    isr.o(.ARM.exidx.text.UART3_IRQHandler) refers to isr.o(.text.UART3_IRQHandler) for [Anonymous Symbol]
    isr.o(.ARM.exidx.text.UART4_IRQHandler) refers to isr.o(.text.UART4_IRQHandler) for [Anonymous Symbol]
    isr.o(.ARM.exidx.text.UART5_IRQHandler) refers to isr.o(.text.UART5_IRQHandler) for [Anonymous Symbol]
    isr.o(.text.UART6_IRQHandler) refers to zf_device_type.o(.data.wireless_module_uart_handler) for wireless_module_uart_handler
    isr.o(.ARM.exidx.text.UART6_IRQHandler) refers to isr.o(.text.UART6_IRQHandler) for [Anonymous Symbol]
    isr.o(.ARM.exidx.text.UART7_IRQHandler) refers to isr.o(.text.UART7_IRQHandler) for [Anonymous Symbol]
    isr.o(.text.UART8_IRQHandler) refers to zf_device_type.o(.data.camera_uart_handler) for camera_uart_handler
    isr.o(.ARM.exidx.text.UART8_IRQHandler) refers to isr.o(.text.UART8_IRQHandler) for [Anonymous Symbol]
    isr.o(.ARM.exidx.text.EXTI0_IRQHandler) refers to isr.o(.text.EXTI0_IRQHandler) for [Anonymous Symbol]
    isr.o(.ARM.exidx.text.EXTI1_IRQHandler) refers to isr.o(.text.EXTI1_IRQHandler) for [Anonymous Symbol]
    isr.o(.ARM.exidx.text.EXTI2_IRQHandler) refers to isr.o(.text.EXTI2_IRQHandler) for [Anonymous Symbol]
    isr.o(.ARM.exidx.text.EXTI3_IRQHandler) refers to isr.o(.text.EXTI3_IRQHandler) for [Anonymous Symbol]
    isr.o(.text.EXTI4_IRQHandler) refers to zf_device_dl1a.o(.text.dl1a_int_handler) for dl1a_int_handler
    isr.o(.ARM.exidx.text.EXTI4_IRQHandler) refers to isr.o(.text.EXTI4_IRQHandler) for [Anonymous Symbol]
    isr.o(.text.EXTI9_5_IRQHandler) refers to zf_device_type.o(.data.camera_vsync_handler) for camera_vsync_handler
    isr.o(.ARM.exidx.text.EXTI9_5_IRQHandler) refers to isr.o(.text.EXTI9_5_IRQHandler) for [Anonymous Symbol]
    isr.o(.text.EXTI15_10_IRQHandler) refers to zf_device_dm1xa.o(.text.dm1xa_light_callback) for dm1xa_light_callback
    isr.o(.text.EXTI15_10_IRQHandler) refers to zf_device_dm1xa.o(.text.dm1xa_sound_callback) for dm1xa_sound_callback
    isr.o(.ARM.exidx.text.EXTI15_10_IRQHandler) refers to isr.o(.text.EXTI15_10_IRQHandler) for [Anonymous Symbol]
    isr.o(.ARM.exidx.text.DMA1_Channel1_IRQHandler) refers to isr.o(.text.DMA1_Channel1_IRQHandler) for [Anonymous Symbol]
    isr.o(.ARM.exidx.text.DMA1_Channel2_IRQHandler) refers to isr.o(.text.DMA1_Channel2_IRQHandler) for [Anonymous Symbol]
[...]
    Removing dcmple.o(.text), (54 bytes).
    Removing dcmplt.o(.text), (54 bytes).
    Removing dcmpge.o(.text), (54 bytes).
    Removing dcmpeq.o(.text), (56 bytes).
    Removing dflti.o(.text), (34 bytes).
    Removing dfltui.o(.text), (26 bytes).
    Removing dfixui.o(.text), (50 bytes).
    Removing d2f.o(.text), (56 bytes).
    Removing dscalb.o(.text), (46 bytes).
    Removing dsqrt.o(.text), (162 bytes).
    Removing cdcmple.o(.text), (48 bytes).

1905 unused section(s) (total 252030 bytes) removed from the image.

==============================================================================

Image Symbol Table

    Local Symbols

    Symbol Name                              Value     Ov Type        Size  Object(Section)

    ../clib/division.s                       0x00000000   Number         0  aeabi_sdiv.o ABSOLUTE
    ../clib/microlib/division.c              0x00000000   Number         0  uidiv.o ABSOLUTE
    ../clib/microlib/division.c              0x00000000   Number         0  uldiv.o ABSOLUTE
    ../clib/microlib/errno.c                 0x00000000   Number         0  errno.o ABSOLUTE
    ../clib/microlib/init/entry.s            0x00000000   Number         0  entry.o ABSOLUTE
    ../clib/microlib/init/entry.s            0x00000000   Number         0  entry4.o ABSOLUTE
    ../clib/microlib/init/entry.s            0x00000000   Number         0  entry5.o ABSOLUTE
    ../clib/microlib/init/entry.s            0x00000000   Number         0  entry7a.o ABSOLUTE
    ../clib/microlib/init/entry.s            0x00000000   Number         0  entry7b.o ABSOLUTE
    ../clib/microlib/init/entry.s            0x00000000   Number         0  entry8a.o ABSOLUTE
    ../clib/microlib/init/entry.s            0x00000000   Number         0  entry8b.o ABSOLUTE
    ../clib/microlib/init/entry.s            0x00000000   Number         0  entry9a.o ABSOLUTE
    ../clib/microlib/init/entry.s            0x00000000   Number         0  entry9b.o ABSOLUTE
    ../clib/microlib/init/entry.s            0x00000000   Number         0  entry10a.o ABSOLUTE
    ../clib/microlib/init/entry.s            0x00000000   Number         0  entry10b.o ABSOLUTE
    ../clib/microlib/init/entry.s            0x00000000   Number         0  entry11a.o ABSOLUTE
    ../clib/microlib/init/entry.s            0x00000000   Number         0  entry11b.o ABSOLUTE
    ../clib/microlib/longlong.c              0x00000000   Number         0  llshl.o ABSOLUTE
    ../clib/microlib/longlong.c              0x00000000   Number         0  llushr.o ABSOLUTE
    ../clib/microlib/longlong.c              0x00000000   Number         0  llsshr.o ABSOLUTE
    ../clib/microlib/printf/printf.c         0x00000000   Number         0  printfa.o ABSOLUTE
    ../clib/microlib/stdio/streams.c         0x00000000   Number         0  stdout.o ABSOLUTE
    ../clib/microlib/string/memcmp.c         0x00000000   Number         0  memcmp.o ABSOLUTE
    ../clib/microlib/string/memcpy.c         0x00000000   Number         0  memcpya.o ABSOLUTE
    ../clib/microlib/string/memcpy.c         0x00000000   Number         0  memcpyb.o ABSOLUTE
    ../clib/microlib/string/memset.c         0x00000000   Number         0  memseta.o ABSOLUTE
    ../clib/microlib/string/strchr.c         0x00000000   Number         0  strchr.o ABSOLUTE
    ../clib/microlib/string/strlen.c         0x00000000   Number         0  strlen.o ABSOLUTE
    ../clib/microlib/string/strncmp.c        0x00000000   Number         0  strncmp.o ABSOLUTE
    ../clib/microlib/string/strncpy.c        0x00000000   Number         0  strncpy.o ABSOLUTE
    ../clib/microlib/string/strrchr.c        0x00000000   Number         0  strrchr.o ABSOLUTE
    ../clib/microlib/string/strstr.c         0x00000000   Number         0  strstr.o ABSOLUTE
    ../clib/microlib/stubs.s                 0x00000000   Number         0  iusefp.o ABSOLUTE
    ../fplib/microlib/d2f.c                  0x00000000   Number         0  d2f.o ABSOLUTE
    ../fplib/microlib/f2d.c                  0x00000000   Number         0  f2d.o ABSOLUTE
    ../fplib/microlib/fpadd.c                0x00000000   Number         0  fadd.o ABSOLUTE
    ../fplib/microlib/fpadd.c                0x00000000   Number         0  dadd.o ABSOLUTE
    ../fplib/microlib/fpcmp.c                0x00000000   Number         0  fcmple.o ABSOLUTE
    ../fplib/microlib/fpcmp.c                0x00000000   Number         0  fcmpge.o ABSOLUTE
    ../fplib/microlib/fpcmp.c                0x00000000   Number         0  dcmple.o ABSOLUTE
    ../fplib/microlib/fpcmp.c                0x00000000   Number         0  dcmplt.o ABSOLUTE
    ../fplib/microlib/fpcmp.c                0x00000000   Number         0  dcmpge.o ABSOLUTE
    ../fplib/microlib/fpcmp.c                0x00000000   Number         0  dcmpeq.o ABSOLUTE
    ../fplib/microlib/fpdiv.c                0x00000000   Number         0  fdiv.o ABSOLUTE
    ../fplib/microlib/fpdiv.c                0x00000000   Number         0  ddiv.o ABSOLUTE
    ../fplib/microlib/fpepilogue.c           0x00000000   Number         0  fepilogue.o ABSOLUTE
    ../fplib/microlib/fpepilogue.c           0x00000000   Number         0  depilogue.o ABSOLUTE
    ../fplib/microlib/fpfix.c                0x00000000   Number         0  ffixi.o ABSOLUTE
    ../fplib/microlib/fpfix.c                0x00000000   Number         0  dfixi.o ABSOLUTE
    ../fplib/microlib/fpfix.c                0x00000000   Number         0  dfixui.o ABSOLUTE
    ../fplib/microlib/fpfix.c                0x00000000   Number         0  dfixul.o ABSOLUTE
    ../fplib/microlib/fpflt.c                0x00000000   Number         0  fflti.o ABSOLUTE
    ../fplib/microlib/fpflt.c                0x00000000   Number         0  ffltui.o ABSOLUTE
    ../fplib/microlib/fpflt.c                0x00000000   Number         0  dflti.o ABSOLUTE
    ../fplib/microlib/fpflt.c                0x00000000   Number         0  dfltui.o ABSOLUTE
    ../fplib/microlib/fpmul.c                0x00000000   Number         0  fmul.o ABSOLUTE
    ../fplib/microlib/fpmul.c                0x00000000   Number         0  dmul.o ABSOLUTE
    ../fplib/microlib/fpscalb.c              0x00000000   Number         0  dscalb.o ABSOLUTE
    ../fplib/microlib/fpsqrt.c               0x00000000   Number         0  dsqrt.o ABSOLUTE
    ../mathlib/asin.c                        0x00000000   Number         0  asin.o ABSOLUTE
    ../mathlib/atan.c                        0x00000000   Number         0  atan.o ABSOLUTE
    ../mathlib/atan2.c                       0x00000000   Number         0  atan2.o ABSOLUTE
    ../mathlib/cos.c                         0x00000000   Number         0  cos.o ABSOLUTE
    ../mathlib/cos_i.c                       0x00000000   Number         0  cos_i.o ABSOLUTE
    ../mathlib/dunder.c                      0x00000000   Number         0  dunder.o ABSOLUTE
    ../mathlib/fpclassify.c                  0x00000000   Number         0  fpclassify.o ABSOLUTE
    ../mathlib/poly.c                        0x00000000   Number         0  poly.o ABSOLUTE
    ../mathlib/pow.c                         0x00000000   Number         0  pow.o ABSOLUTE
    ../mathlib/qnan.c                        0x00000000   Number         0  qnan.o ABSOLUTE
    ../mathlib/rred.c                        0x00000000   Number         0  rred.o ABSOLUTE
    ../mathlib/sin.c                         0x00000000   Number         0  sin.o ABSOLUTE
    ../mathlib/sin_i.c                       0x00000000   Number         0  sin_i.o ABSOLUTE
    ../mathlib/sqrt.c                        0x00000000   Number         0  sqrt.o ABSOLUTE
    ..\..\libraries\sdk\mdk\startup_mm32f3277g.s 0x00000000   Number         0  startup_mm32f3277g.o ABSOLUTE
    cdcmple.s                                0x00000000   Number         0  cdcmple.o ABSOLUTE
    cdrcmple.s                               0x00000000   Number         0  cdrcmple.o ABSOLUTE
    dc.s                                     0x00000000   Number         0  dc.o ABSOLUTE
    diskio.c                                 0x00000000   Number         0  diskio.o ABSOLUTE
    ff.c                                     0x00000000   Number         0  ff.o ABSOLUTE
    ffsystem.c                               0x00000000   Number         0  ffsystem.o ABSOLUTE
    ffunicode.c                              0x00000000   Number         0  ffunicode.o ABSOLUTE
    hal_adc.c                                0x00000000   Number         0  hal_adc.o ABSOLUTE
    hal_comp.c                               0x00000000   Number         0  hal_comp.o ABSOLUTE
    hal_dac.c                                0x00000000   Number         0  hal_dac.o ABSOLUTE
    hal_dma.c                                0x00000000   Number         0  hal_dma.o ABSOLUTE
    hal_exti.c                               0x00000000   Number         0  hal_exti.o ABSOLUTE
    hal_fsmc.c                               0x00000000   Number         0  hal_fsmc.o ABSOLUTE
    hal_gpio.c                               0x00000000   Number         0  hal_gpio.o ABSOLUTE
    hal_i2c.c                                0x00000000   Number         0  hal_i2c.o ABSOLUTE
    hal_iwdg.c                               0x00000000   Number         0  hal_iwdg.o ABSOLUTE
    hal_rcc.c                                0x00000000   Number         0  hal_rcc.o ABSOLUTE
    hal_rtc.c                                0x00000000   Number         0  hal_rtc.o ABSOLUTE
    hal_sdio.c                               0x00000000   Number         0  hal_sdio.o ABSOLUTE
    hal_spi.c                                0x00000000   Number         0  hal_spi.o ABSOLUTE
    hal_syscfg.c                             0x00000000   Number         0  hal_syscfg.o ABSOLUTE
    hal_tim_16b.c                            0x00000000   Number         0  hal_tim_16b.o ABSOLUTE
    hal_tim_32b.c                            0x00000000   Number         0  hal_tim_32b.o ABSOLUTE
    hal_tim_adv.c                            0x00000000   Number         0  hal_tim_adv.o ABSOLUTE
    hal_tim_basic.c                          0x00000000   Number         0  hal_tim_basic.o ABSOLUTE
    hal_uart.c                               0x00000000   Number         0  hal_uart.o ABSOLUTE
    hal_usb.c                                0x00000000   Number         0  hal_usb.o ABSOLUTE
    hal_wwdg.c                               0x00000000   Number         0  hal_wwdg.o ABSOLUTE
    handlers.s                               0x00000000   Number         0  handlers.o ABSOLUTE
    init.s                                   0x00000000   Number         0  init.o ABSOLUTE
    isr.c                                    0x00000000   Number         0  isr.o ABSOLUTE
    main.c                                   0x00000000   Number         0  main.o ABSOLUTE
    pid.c                                    0x00000000   Number         0  pid.o ABSOLUTE
    system_mm32f3277g.c                      0x00000000   Number         0  system_mm32f3277g.o ABSOLUTE
    zf_common_clock.c                        0x00000000   Number         0  zf_common_clock.o ABSOLUTE
    zf_common_debug.c                        0x00000000   Number         0  zf_common_debug.o ABSOLUTE
    zf_common_fifo.c                         0x00000000   Number         0  zf_common_fifo.o ABSOLUTE
    zf_common_font.c                         0x00000000   Number         0  zf_common_font.o ABSOLUTE
    zf_common_function.c                     0x00000000   Number         0  zf_common_function.o ABSOLUTE
    zf_common_interrupt.c                    0x00000000   Number         0  zf_common_interrupt.o ABSOLUTE
    zf_device_absolute_encoder.c             0x00000000   Number         0  zf_device_absolute_encoder.o ABSOLUTE
    zf_device_bluetooth_ch9141.c             0x00000000   Number         0  zf_device_bluetooth_ch9141.o ABSOLUTE
    zf_device_camera.c                       0x00000000   Number         0  zf_device_camera.o ABSOLUTE
    zf_device_config.c                       0x00000000   Number         0  zf_device_config.o ABSOLUTE
    zf_device_dl1a.c                         0x00000000   Number         0  zf_device_dl1a.o ABSOLUTE
    zf_device_dm1xa.c                        0x00000000   Number         0  zf_device_dm1xa.o ABSOLUTE
    zf_device_gps_tau1201.c                  0x00000000   Number         0  zf_device_gps_tau1201.o ABSOLUTE
    zf_device_icm20602.c                     0x00000000   Number         0  zf_device_icm20602.o ABSOLUTE
    zf_device_imu660ra.c                     0x00000000   Number         0  zf_device_imu660ra.o ABSOLUTE
    zf_device_imu963ra.c                     0x00000000   Number         0  zf_device_imu963ra.o ABSOLUTE
    zf_device_ips114.c                       0x00000000   Number         0  zf_device_ips114.o ABSOLUTE
    zf_device_ips200.c                       0x00000000   Number         0  zf_device_ips200.o ABSOLUTE
    zf_device_key.c                          0x00000000   Number         0  zf_device_key.o ABSOLUTE
    zf_device_mpu6050.c                      0x00000000   Number         0  zf_device_mpu6050.o ABSOLUTE
    zf_device_mt9v03x.c                      0x00000000   Number         0  zf_device_mt9v03x.o ABSOLUTE
    zf_device_oled.c                         0x00000000   Number         0  zf_device_oled.o ABSOLUTE
    zf_device_ov7725.c                       0x00000000   Number         0  zf_device_ov7725.o ABSOLUTE
    zf_device_scc8660.c                      0x00000000   Number         0  zf_device_scc8660.o ABSOLUTE
    zf_device_sdcard.c                       0x00000000   Number         0  zf_device_sdcard.o ABSOLUTE
    zf_device_tft180.c                       0x00000000   Number         0  zf_device_tft180.o ABSOLUTE
    zf_device_tsl1401.c                      0x00000000   Number         0  zf_device_tsl1401.o ABSOLUTE
    zf_device_type.c                         0x00000000   Number         0  zf_device_type.o ABSOLUTE
    zf_device_virtual_oscilloscope.c         0x00000000   Number         0  zf_device_virtual_oscilloscope.o ABSOLUTE
    zf_device_wifi_uart.c                    0x00000000   Number         0  zf_device_wifi_uart.o ABSOLUTE
    zf_device_wireless_uart.c                0x00000000   Number         0  zf_device_wireless_uart.o ABSOLUTE
    zf_driver_adc.c                          0x00000000   Number         0  zf_driver_adc.o ABSOLUTE
    zf_driver_dac.c                          0x00000000   Number         0  zf_driver_dac.o ABSOLUTE
    zf_driver_delay.c                        0x00000000   Number         0  zf_driver_delay.o ABSOLUTE
    zf_driver_dma.c                          0x00000000   Number         0  zf_driver_dma.o ABSOLUTE
    zf_driver_encoder.c                      0x00000000   Number         0  zf_driver_encoder.o ABSOLUTE
    zf_driver_exti.c                         0x00000000   Number         0  zf_driver_exti.o ABSOLUTE
    zf_driver_flash.c                        0x00000000   Number         0  zf_driver_flash.o ABSOLUTE
    zf_driver_gpio.c                         0x00000000   Number         0  zf_driver_gpio.o ABSOLUTE
    zf_driver_iic.c                          0x00000000   Number         0  zf_driver_iic.o ABSOLUTE
    zf_driver_pit.c                          0x00000000   Number         0  zf_driver_pit.o ABSOLUTE
    zf_driver_pwm.c                          0x00000000   Number         0  zf_driver_pwm.o ABSOLUTE
    zf_driver_sdio.c                         0x00000000   Number         0  zf_driver_sdio.o ABSOLUTE
    zf_driver_soft_iic.c                     0x00000000   Number         0  zf_driver_soft_iic.o ABSOLUTE
    zf_driver_soft_spi.c                     0x00000000   Number         0  zf_driver_soft_spi.o ABSOLUTE
    zf_driver_spi.c                          0x00000000   Number         0  zf_driver_spi.o ABSOLUTE
    zf_driver_timer.c                        0x00000000   Number         0  zf_driver_timer.o ABSOLUTE
    zf_driver_uart.c                         0x00000000   Number         0  zf_driver_uart.o ABSOLUTE
    RESET                                    0x08000000   Section      400  startup_mm32f3277g.o(RESET)
    .ARM.Collect$$$$00000000                 0x08000400   Section        0  entry.o(.ARM.Collect$$$$00000000)
    .ARM.Collect$$$$00000003                 0x08000400   Section        4  entry4.o(.ARM.Collect$$$$00000003)
    .ARM.Collect$$$$00000004                 0x08000404   Section        4  entry5.o(.ARM.Collect$$$$00000004)
    .ARM.Collect$$$$00000008                 0x08000408   Section        0  entry7b.o(.ARM.Collect$$$$00000008)
    .ARM.Collect$$$$0000000A                 0x08000408   Section        0  entry8b.o(.ARM.Collect$$$$0000000A)
    .ARM.Collect$$$$0000000B                 0x08000408   Section        8  entry9a.o(.ARM.Collect$$$$0000000B)
    __lit__00000000                          0x08000410   Data           4  entry4.o(.ARM.Collect$$$$00002714)
    .ARM.Collect$$$$0000000D                 0x08000410   Section        0  entry10a.o(.ARM.Collect$$$$0000000D)
    .ARM.Collect$$$$0000000F                 0x08000410   Section        0  entry11a.o(.ARM.Collect$$$$0000000F)
    .ARM.Collect$$$$00002714                 0x08000410   Section        4  entry4.o(.ARM.Collect$$$$00002714)
    .text                                    0x08000414   Section       36  startup_mm32f3277g.o(.text)
    .text                                    0x08000438   Section        0  memcpya.o(.text)
    .text                                    0x0800045c   Section        0  memseta.o(.text)
    .text                                    0x08000480   Section        0  strlen.o(.text)
    .text                                    0x0800048e   Section        0  strncmp.o(.text)
    .text                                    0x080004ac   Section        0  fadd.o(.text)
    .text                                    0x0800055c   Section        0  fmul.o(.text)
    .text                                    0x080005c0   Section        0  fdiv.o(.text)
    .text                                    0x0800063c   Section        0  dadd.o(.text)
    .text                                    0x0800078a   Section        0  dmul.o(.text)
    .text                                    0x0800086e   Section        0  ddiv.o(.text)
    .text                                    0x0800094c   Section        0  fcmple.o(.text)
    .text                                    0x08000968   Section        0  fcmpge.o(.text)
    .text                                    0x08000984   Section        0  fflti.o(.text)
    .text                                    0x08000996   Section        0  ffltui.o(.text)
    .text                                    0x080009a0   Section        0  ffixi.o(.text)
    .text                                    0x080009d2   Section        0  dfixi.o(.text)
    .text                                    0x08000a10   Section        0  f2d.o(.text)
    .text                                    0x08000a36   Section        0  uidiv.o(.text)
    .text                                    0x08000a62   Section        0  uldiv.o(.text)
    .text                                    0x08000ac4   Section        0  llshl.o(.text)
    .text                                    0x08000ae2   Section        0  llushr.o(.text)
    .text                                    0x08000b02   Section        0  llsshr.o(.text)
    .text                                    0x08000b26   Section        0  iusefp.o(.text)
    .text                                    0x08000b26   Section        0  fepilogue.o(.text)
    .text                                    0x08000b94   Section        0  depilogue.o(.text)
    .text                                    0x08000c4e   Section        0  dfixul.o(.text)
    .text                                    0x08000c80   Section       48  cdrcmple.o(.text)
    .text                                    0x08000cb0   Section       48  init.o(.text)
    [Anonymous Symbol]                       0x08000ce0   Section        0  isr.o(.text.DMA1_Channel1_IRQHandler)
    [Anonymous Symbol]                       0x08000d00   Section        0  isr.o(.text.DMA1_Channel2_IRQHandler)
    [Anonymous Symbol]                       0x08000d24   Section        0  isr.o(.text.DMA1_Channel3_IRQHandler)
    [Anonymous Symbol]                       0x08000d48   Section        0  isr.o(.text.DMA1_Channel4_IRQHandler)
    [Anonymous Symbol]                       0x08000d78   Section        0  isr.o(.text.DMA1_Channel5_IRQHandler)
    [Anonymous Symbol]                       0x08000d9c   Section        0  isr.o(.text.DMA1_Channel6_IRQHandler)
    [Anonymous Symbol]                       0x08000dc0   Section        0  isr.o(.text.DMA1_Channel7_IRQHandler)
    [Anonymous Symbol]                       0x08000de4   Section        0  isr.o(.text.DMA2_Channel1_IRQHandler)
    [Anonymous Symbol]                       0x08000e08   Section        0  isr.o(.text.DMA2_Channel2_IRQHandler)
    [Anonymous Symbol]                       0x08000e30   Section        0  isr.o(.text.DMA2_Channel3_IRQHandler)
    [Anonymous Symbol]                       0x08000e58   Section        0  isr.o(.text.DMA2_Channel4_IRQHandler)
    [Anonymous Symbol]                       0x08000e80   Section        0  isr.o(.text.DMA2_Channel5_IRQHandler)
    [Anonymous Symbol]                       0x08000ea8   Section        0  isr.o(.text.EXTI0_IRQHandler)
    [Anonymous Symbol]                       0x08000ebc   Section        0  isr.o(.text.EXTI15_10_IRQHandler)
    [Anonymous Symbol]                       0x08000fa0   Section        0  isr.o(.text.EXTI1_IRQHandler)
    [Anonymous Symbol]                       0x08000fb4   Section        0  isr.o(.text.EXTI2_IRQHandler)
    [Anonymous Symbol]                       0x08000fc8   Section        0  isr.o(.text.EXTI3_IRQHandler)
    [Anonymous Symbol]                       0x08000fdc   Section        0  isr.o(.text.EXTI4_IRQHandler)
    [Anonymous Symbol]                       0x08000ff4   Section        0  isr.o(.text.EXTI9_5_IRQHandler)
    [Anonymous Symbol]                       0x080010b8   Section        0  pid.o(.text.PID_Compute)
    [Anonymous Symbol]                       0x08001188   Section        0  pid.o(.text.PID_Init)
    [Anonymous Symbol]                       0x080011d0   Section        0  pid.o(.text.PID_SetOutputLimits)
    [Anonymous Symbol]                       0x080011e8   Section        0  system_mm32f3277g.o(.text.SystemInit)
    [Anonymous Symbol]                       0x080011f8   Section        0  isr.o(.text.TIM1_UP_IRQHandler)
    [Anonymous Symbol]                       0x0800120c   Section        0  isr.o(.text.TIM2_IRQHandler)
    [Anonymous Symbol]                       0x0800121c   Section        0  isr.o(.text.TIM3_IRQHandler)
    [Anonymous Symbol]                       0x08001230   Section        0  isr.o(.text.TIM4_IRQHandler)
    [Anonymous Symbol]                       0x08001244   Section        0  isr.o(.text.TIM5_IRQHandler)
    [Anonymous Symbol]                       0x08001258   Section        0  main.o(.text.TIM6_IRQHandler)
    [Anonymous Symbol]                       0x08001284   Section        0  isr.o(.text.TIM7_IRQHandler)
    [Anonymous Symbol]                       0x08001298   Section        0  isr.o(.text.TIM8_UP_IRQHandler)
    [Anonymous Symbol]                       0x080012b0   Section        0  isr.o(.text.UART1_IRQHandler)
    [Anonymous Symbol]                       0x080012f8   Section        0  isr.o(.text.UART2_IRQHandler)
    [Anonymous Symbol]                       0x08001348   Section        0  isr.o(.text.UART3_IRQHandler)
    [Anonymous Symbol]                       0x08001390   Section        0  isr.o(.text.UART4_IRQHandler)
    [Anonymous Symbol]                       0x080013d8   Section        0  isr.o(.text.UART5_IRQHandler)
    [Anonymous Symbol]                       0x08001420   Section        0  isr.o(.text.UART6_IRQHandler)
    [Anonymous Symbol]                       0x08001478   Section        0  isr.o(.text.UART7_IRQHandler)
    [Anonymous Symbol]                       0x080014c0   Section        0  isr.o(.text.UART8_IRQHandler)
    __NVIC_EnableIRQ                         0x08001519   Thumb Code    48  zf_common_interrupt.o(.text.__NVIC_EnableIRQ)
    [Anonymous Symbol]                       0x08001518   Section        0  zf_common_interrupt.o(.text.__NVIC_EnableIRQ)
    __NVIC_SetPriorityGrouping               0x08001549   Thumb Code    60  zf_common_interrupt.o(.text.__NVIC_SetPriorityGrouping)
    [Anonymous Symbol]                       0x08001548   Section        0  zf_common_interrupt.o(.text.__NVIC_SetPriorityGrouping)
    [Anonymous Symbol]                       0x08001584   Section        0  zf_driver_adc.o(.text.adc_convert)
    [Anonymous Symbol]                       0x0800161c   Section        0  zf_driver_gpio.o(.text.afio_init)
    [Anonymous Symbol]                       0x0800179c   Section        0  zf_common_clock.o(.text.clock_init)
    clock_reset                              0x080017c1   Thumb Code   152  zf_common_clock.o(.text.clock_reset)
    [Anonymous Symbol]                       0x080017c0   Section        0  zf_common_clock.o(.text.clock_reset)
    clock_set_freq                           0x08001859   Thumb Code   608  zf_common_clock.o(.text.clock_set_freq)
    [Anonymous Symbol]                       0x08001858   Section        0  zf_common_clock.o(.text.clock_set_freq)
    [Anonymous Symbol]                       0x08001ab8   Section        0  zf_common_debug.o(.text.debug_assert_handler)
    debug_delay                              0x08001b25   Thumb Code    64  zf_common_debug.o(.text.debug_delay)
    [Anonymous Symbol]                       0x08001b24   Section        0  zf_common_debug.o(.text.debug_delay)
    [Anonymous Symbol]                       0x08001b64   Section        0  zf_common_debug.o(.text.debug_init)
    debug_output                             0x08001b99   Thumb Code   942  zf_common_debug.o(.text.debug_output)
    [Anonymous Symbol]                       0x08001b98   Section        0  zf_common_debug.o(.text.debug_output)
    [Anonymous Symbol]                       0x08001f48   Section        0  zf_common_debug.o(.text.debug_output_init)
    [Anonymous Symbol]                       0x08001f94   Section        0  zf_common_debug.o(.text.debug_output_struct_init)
    debug_protective_handler                 0x08001fc5   Thumb Code   242  zf_common_debug.o(.text.debug_protective_handler)
    [Anonymous Symbol]                       0x08001fc4   Section        0  zf_common_debug.o(.text.debug_protective_handler)
    debug_uart_str_output                    0x080020b9   Thumb Code    18  zf_common_debug.o(.text.debug_uart_str_output)
    [Anonymous Symbol]                       0x080020b8   Section        0  zf_common_debug.o(.text.debug_uart_str_output)
    [Anonymous Symbol]                       0x080020cc   Section        0  zf_device_dl1a.o(.text.dl1a_get_distance)
    [Anonymous Symbol]                       0x0800216c   Section        0  zf_device_dl1a.o(.text.dl1a_int_handler)
    [Anonymous Symbol]                       0x08002174   Section        0  zf_device_dm1xa.o(.text.dm1xa_light_callback)
    [Anonymous Symbol]                       0x080021b0   Section        0  zf_device_dm1xa.o(.text.dm1xa_sound_callback)
    [Anonymous Symbol]                       0x080022b0   Section        0  zf_common_fifo.o(.text.fifo_clear)
    fifo_end_offset                          0x08002359   Thumb Code    46  zf_common_fifo.o(.text.fifo_end_offset)
    [Anonymous Symbol]                       0x08002358   Section        0  zf_common_fifo.o(.text.fifo_end_offset)
    fifo_head_offset                         0x08002389   Thumb Code    46  zf_common_fifo.o(.text.fifo_head_offset)
    [Anonymous Symbol]                       0x08002388   Section        0  zf_common_fifo.o(.text.fifo_head_offset)
    [Anonymous Symbol]                       0x080023b8   Section        0  zf_common_fifo.o(.text.fifo_read_buffer)
    [Anonymous Symbol]                       0x080025a8   Section        0  zf_common_fifo.o(.text.fifo_used)
    [Anonymous Symbol]                       0x080025d0   Section        0  zf_common_fifo.o(.text.fifo_write_buffer)
    [Anonymous Symbol]                       0x080027cc   Section        0  zf_common_function.o(.text.func_get_greatest_common_divisor)
    [Anonymous Symbol]                       0x08002810   Section        0  zf_driver_gpio.o(.text.gpio_get_level)
    [Anonymous Symbol]                       0x08002840   Section        0  zf_driver_gpio.o(.text.gpio_init)
    [Anonymous Symbol]                       0x08002a28   Section        0  zf_driver_gpio.o(.text.gpio_set_level)
    [Anonymous Symbol]                       0x08002a8c   Section        0  zf_device_gps_tau1201.o(.text.gps_uart_callback)
    [Anonymous Symbol]                       0x08002bc8   Section        0  zf_common_interrupt.o(.text.interrupt_enable)
    [Anonymous Symbol]                       0x08002bdc   Section        0  zf_common_interrupt.o(.text.interrupt_global_disable)
    [Anonymous Symbol]                       0x08002c00   Section        0  zf_common_interrupt.o(.text.interrupt_init)
    [Anonymous Symbol]                       0x08002c0c   Section        0  main.o(.text.main)
    [Anonymous Symbol]                       0x08002ce8   Section        0  zf_driver_pit.o(.text.pit_enable)
    [Anonymous Symbol]                       0x08002d78   Section        0  zf_driver_pit.o(.text.pit_init)
    [Anonymous Symbol]                       0x08002eac   Section        0  zf_driver_pwm.o(.text.pwm_init)
    [Anonymous Symbol]                       0x08003104   Section        0  zf_driver_pwm.o(.text.pwm_set_duty)
    [Anonymous Symbol]                       0x08003234   Section        0  zf_driver_soft_iic.o(.text.soft_iic_read_8bit_registers)
    soft_iic_read_data                       0x080032cd   Thumb Code   356  zf_driver_soft_iic.o(.text.soft_iic_read_data)
    [Anonymous Symbol]                       0x080032cc   Section        0  zf_driver_soft_iic.o(.text.soft_iic_read_data)
    soft_iic_send_ack                        0x08003431   Thumb Code   282  zf_driver_soft_iic.o(.text.soft_iic_send_ack)
    [Anonymous Symbol]                       0x08003430   Section        0  zf_driver_soft_iic.o(.text.soft_iic_send_ack)
    soft_iic_send_data                       0x0800354d   Thumb Code   296  zf_driver_soft_iic.o(.text.soft_iic_send_data)
    [Anonymous Symbol]                       0x0800354c   Section        0  zf_driver_soft_iic.o(.text.soft_iic_send_data)
    soft_iic_start                           0x08003675   Thumb Code   218  zf_driver_soft_iic.o(.text.soft_iic_start)
    [Anonymous Symbol]                       0x08003674   Section        0  zf_driver_soft_iic.o(.text.soft_iic_start)
    soft_iic_stop                            0x08003751   Thumb Code   218  zf_driver_soft_iic.o(.text.soft_iic_stop)
    [Anonymous Symbol]                       0x08003750   Section        0  zf_driver_soft_iic.o(.text.soft_iic_stop)
    soft_iic_wait_ack                        0x0800382d   Thumb Code   248  zf_driver_soft_iic.o(.text.soft_iic_wait_ack)
    [Anonymous Symbol]                       0x0800382c   Section        0  zf_driver_soft_iic.o(.text.soft_iic_wait_ack)
    [Anonymous Symbol]                       0x08003924   Section        0  zf_driver_soft_iic.o(.text.soft_iic_write_8bit_register)
    [Anonymous Symbol]                       0x0800397c   Section        0  zf_driver_timer.o(.text.timer_clear)
    [Anonymous Symbol]                       0x08003a30   Section        0  zf_driver_timer.o(.text.timer_clock_enable)
    [Anonymous Symbol]                       0x08003ae8   Section        0  zf_driver_timer.o(.text.timer_funciton_check)
    [Anonymous Symbol]                       0x08003b50   Section        0  zf_driver_timer.o(.text.timer_get)
    [Anonymous Symbol]                       0x08003c08   Section        0  zf_device_tsl1401.o(.text.tsl1401_collect_pit_handler)
    type_default_callback                    0x08003ce9   Thumb Code     2  zf_device_type.o(.text.type_default_callback)
    [Anonymous Symbol]                       0x08003ce8   Section        0  zf_device_type.o(.text.type_default_callback)
    [Anonymous Symbol]                       0x08003cec   Section        0  zf_driver_uart.o(.text.uart_init)
    [Anonymous Symbol]                       0x08003f78   Section        0  zf_driver_uart.o(.text.uart_query_byte)
    [Anonymous Symbol]                       0x08003fe0   Section        0  zf_driver_uart.o(.text.uart_write_byte)
    [Anonymous Symbol]                       0x08004020   Section        0  zf_driver_uart.o(.text.uart_write_string)
    i.__0sprintf                             0x08004060   Section        0  printfa.o(i.__0sprintf)
    i.__scatterload_copy                     0x08004088   Section       14  handlers.o(i.__scatterload_copy)
    i.__scatterload_null                     0x08004096   Section        2  handlers.o(i.__scatterload_null)
    i.__scatterload_zeroinit                 0x08004098   Section       14  handlers.o(i.__scatterload_zeroinit)
    _fp_digits                               0x080040a9   Thumb Code   366  printfa.o(i._fp_digits)
    i._fp_digits                             0x080040a8   Section        0  printfa.o(i._fp_digits)
    _printf_core                             0x0800422d   Thumb Code  1744  printfa.o(i._printf_core)
    i._printf_core                           0x0800422c   Section        0  printfa.o(i._printf_core)
    _printf_post_padding                     0x08004909   Thumb Code    36  printfa.o(i._printf_post_padding)
    i._printf_post_padding                   0x08004908   Section        0  printfa.o(i._printf_post_padding)
    _printf_pre_padding                      0x0800492d   Thumb Code    46  printfa.o(i._printf_pre_padding)
    i._printf_pre_padding                    0x0800492c   Section        0  printfa.o(i._printf_pre_padding)
    _sputc                                   0x0800495b   Thumb Code    10  printfa.o(i._sputc)
    i._sputc                                 0x0800495a   Section        0  printfa.o(i._sputc)
    .L__const.debug_protective_handler.pin_list 0x08004964   Data         172  zf_common_debug.o(.rodata..L__const.debug_protective_handler.pin_list)
    .L.str.6                                 0x08004a10   Data          21  zf_common_debug.o(.rodata.str1.1)
    [Anonymous Symbol]                       0x08004a10   Section        0  zf_common_debug.o(.rodata.str1.1)
    .L.str.1                                 0x08004a1d   Data          12  zf_common_debug.o(.rodata.str1.1)
    .L.str.5                                 0x08004a25   Data          25  zf_common_debug.o(.rodata.str1.1)
    .L.str.4                                 0x08004a3e   Data           9  zf_common_debug.o(.rodata.str1.1)
    .L.str                                   0x08004a53   Data          13  zf_common_debug.o(.rodata.str1.1)
    .L.str.2                                 0x08004a60   Data           9  zf_common_debug.o(.rodata.str1.1)
    .L.str.3                                 0x08004a69   Data          13  zf_common_debug.o(.rodata.str1.1)
    .L.str                                   0x08004a76   Data          43  zf_common_fifo.o(.rodata.str1.1)
    [Anonymous Symbol]                       0x08004a76   Section        0  zf_common_fifo.o(.rodata.str1.1)
    .L.str                                   0x08004aa1   Data          42  zf_driver_pit.o(.rodata.str1.1)
    [Anonymous Symbol]                       0x08004aa1   Section        0  zf_driver_pit.o(.rodata.str1.1)
    .L.str                                   0x08004acb   Data          42  zf_driver_pwm.o(.rodata.str1.1)
    [Anonymous Symbol]                       0x08004acb   Section        0  zf_driver_pwm.o(.rodata.str1.1)
    .L.str                                   0x08004af5   Data          47  zf_driver_soft_iic.o(.rodata.str1.1)
    [Anonymous Symbol]                       0x08004af5   Section        0  zf_driver_soft_iic.o(.rodata.str1.1)
    .L.str                                   0x08004b24   Data          43  zf_driver_uart.o(.rodata.str1.1)
    [Anonymous Symbol]                       0x08004b24   Section        0  zf_driver_uart.o(.rodata.str1.1)
    .L.str.1                                 0x08004b4f   Data           4  zf_device_gps_tau1201.o(.rodata.str1.1)
    [Anonymous Symbol]                       0x08004b4f   Section        0  zf_device_gps_tau1201.o(.rodata.str1.1)
    .L.str                                   0x08004b53   Data           4  zf_device_gps_tau1201.o(.rodata.str1.1)
    adc_index                                0x20000000   Data           8  zf_driver_adc.o(.data.adc_index)
    [Anonymous Symbol]                       0x20000000   Section        0  zf_driver_adc.o(.data.adc_index)
    dm1xa_distance_mm                        0x20000016   Data           2  zf_device_dm1xa.o(.data.dm1xa_distance_mm)
    [Anonymous Symbol]                       0x20000016   Section        0  zf_device_dm1xa.o(.data.dm1xa_distance_mm)
    uart_index                               0x2000003c   Data          32  zf_driver_uart.o(.data.uart_index)
    [Anonymous Symbol]                       0x2000003c   Section        0  zf_driver_uart.o(.data.uart_index)
    zf_debug_assert_enable                   0x20000060   Data           1  zf_common_debug.o(.data.zf_debug_assert_enable)
    [Anonymous Symbol]                       0x20000060   Section        0  zf_common_debug.o(.data.zf_debug_assert_enable)
    adc_resolution                           0x20000064   Data           2  zf_driver_adc.o(.bss.adc_resolution)
    [Anonymous Symbol]                       0x20000064   Section        0  zf_driver_adc.o(.bss.adc_resolution)
    debug_assert_handler.assert_nest_index   0x2000006c   Data           1  zf_common_debug.o(.bss.debug_assert_handler.assert_nest_index)
    [Anonymous Symbol]                       0x2000006c   Section        0  zf_common_debug.o(.bss.debug_assert_handler.assert_nest_index)
    debug_output_info                        0x20000070   Data          20  zf_common_debug.o(.bss.debug_output_info)
    [Anonymous Symbol]                       0x20000070   Section        0  zf_common_debug.o(.bss.debug_output_info)
    dl1a_iic_struct                          0x20000088   Data          16  zf_device_dl1a.o(.bss.dl1a_iic_struct)
    [Anonymous Symbol]                       0x20000088   Section        0  zf_device_dl1a.o(.bss.dl1a_iic_struct)
    dm1xa_plus_count                         0x20000098   Data           4  zf_device_dm1xa.o(.bss.dm1xa_plus_count)
    [Anonymous Symbol]                       0x20000098   Section        0  zf_device_dm1xa.o(.bss.dm1xa_plus_count)
    dm1xa_ranging_state                      0x2000009c   Data           1  zf_device_dm1xa.o(.bss.dm1xa_ranging_state)
    [Anonymous Symbol]                       0x2000009c   Section        0  zf_device_dm1xa.o(.bss.dm1xa_ranging_state)
    dm1xa_type                               0x2000009d   Data           1  zf_device_dm1xa.o(.bss.dm1xa_type)
    [Anonymous Symbol]                       0x2000009d   Section        0  zf_device_dm1xa.o(.bss.dm1xa_type)
    gps_gga_buffer                           0x2000009e   Data         128  zf_device_gps_tau1201.o(.bss.gps_gga_buffer)
    [Anonymous Symbol]                       0x2000009e   Section        0  zf_device_gps_tau1201.o(.bss.gps_gga_buffer)
    gps_rmc_buffer                           0x2000011f   Data         128  zf_device_gps_tau1201.o(.bss.gps_rmc_buffer)
    [Anonymous Symbol]                       0x2000011f   Section        0  zf_device_gps_tau1201.o(.bss.gps_rmc_buffer)
    gps_tau1201_receiver_fifo                0x200001a4   Data          24  zf_device_gps_tau1201.o(.bss.gps_tau1201_receiver_fifo)
    [Anonymous Symbol]                       0x200001a4   Section        0  zf_device_gps_tau1201.o(.bss.gps_tau1201_receiver_fifo)
    gps_tau1201_state                        0x200001bc   Data           1  zf_device_gps_tau1201.o(.bss.gps_tau1201_state)
    [Anonymous Symbol]                       0x200001bc   Section        0  zf_device_gps_tau1201.o(.bss.gps_tau1201_state)
    interrupt_nest_count                     0x200001c0   Data           4  zf_common_interrupt.o(.bss.interrupt_nest_count)
    [Anonymous Symbol]                       0x200001c0   Section        0  zf_common_interrupt.o(.bss.interrupt_nest_count)
    timer_function_state                     0x200001e4   Data           8  zf_driver_timer.o(.bss.timer_function_state)
    [Anonymous Symbol]                       0x200001e4   Section        0  zf_driver_timer.o(.bss.timer_function_state)
    timer_mode_state                         0x200001ec   Data           8  zf_driver_timer.o(.bss.timer_mode_state)
    [Anonymous Symbol]                       0x200001ec   Section        0  zf_driver_timer.o(.bss.timer_mode_state)
    tsl1401_init_state                       0x200003f5   Data           1  zf_device_tsl1401.o(.bss.tsl1401_init_state)
    [Anonymous Symbol]                       0x200003f5   Section        0  zf_device_tsl1401.o(.bss.tsl1401_init_state)
    zf_debug_init_flag                       0x200003f6   Data           1  zf_common_debug.o(.bss.zf_debug_init_flag)
    [Anonymous Symbol]                       0x200003f6   Section        0  zf_common_debug.o(.bss.zf_debug_init_flag)

    Global Symbols

    Symbol Name                              Value     Ov Type        Size  Object(Section)

    BuildAttributes$$THM_ISAv4$P$D$K$B$S$PE$A:L22UL41UL21$X:L11$S22US41US21$IEEE1$IW$~IW$USESV6$~STKCKD$USESV7$~SHL$OTIME$ROPI$IEEEX$EBA8$MICROLIB$REQ8$PRES8$EABIv2 0x00000000   Number         0  anon$$obj.o ABSOLUTE
    __cpp_initialize__aeabi_                  - Undefined Weak Reference
    __cxa_finalize                            - Undefined Weak Reference
    __decompress                              - Undefined Weak Reference
    _clock_init                               - Undefined Weak Reference
    _microlib_exit                            - Undefined Weak Reference
    __Vectors_Size                           0x00000190   Number         0  startup_mm32f3277g.o ABSOLUTE
    __Vectors                                0x08000000   Data           4  startup_mm32f3277g.o(RESET)
    __Vectors_End                            0x08000190   Data           0  startup_mm32f3277g.o(RESET)
    __main                                   0x08000401   Thumb Code     0  entry.o(.ARM.Collect$$$$00000000)
    _main_stk                                0x08000401   Thumb Code     0  entry4.o(.ARM.Collect$$$$00000003)
    _main_scatterload                        0x08000405   Thumb Code     0  entry5.o(.ARM.Collect$$$$00000004)
    __main_after_scatterload                 0x08000409   Thumb Code     0  entry5.o(.ARM.Collect$$$$00000004)
    _main_clock                              0x08000409   Thumb Code     0  entry7b.o(.ARM.Collect$$$$00000008)
    _main_cpp_init                           0x08000409   Thumb Code     0  entry8b.o(.ARM.Collect$$$$0000000A)
    _main_init                               0x08000409   Thumb Code     0  entry9a.o(.ARM.Collect$$$$0000000B)
    __rt_final_cpp                           0x08000411   Thumb Code     0  entry10a.o(.ARM.Collect$$$$0000000D)
    __rt_final_exit                          0x08000411   Thumb Code     0  entry11a.o(.ARM.Collect$$$$0000000F)
    Reset_Handler                            0x08000415   Thumb Code     8  startup_mm32f3277g.o(.text)
    NMI_Handler                              0x0800041d   Thumb Code     2  startup_mm32f3277g.o(.text)
    HardFault_Handler                        0x0800041f   Thumb Code     2  startup_mm32f3277g.o(.text)
    MemManage_Handler                        0x08000421   Thumb Code     2  startup_mm32f3277g.o(.text)
    BusFault_Handler                         0x08000423   Thumb Code     2  startup_mm32f3277g.o(.text)
    UsageFault_Handler                       0x08000425   Thumb Code     2  startup_mm32f3277g.o(.text)
    SVC_Handler                              0x08000427   Thumb Code     2  startup_mm32f3277g.o(.text)
    DebugMon_Handler                         0x08000429   Thumb Code     2  startup_mm32f3277g.o(.text)
    PendSV_Handler                           0x0800042b   Thumb Code     2  startup_mm32f3277g.o(.text)
    SysTick_Handler                          0x0800042d   Thumb Code     2  startup_mm32f3277g.o(.text)
    ADC1_2_IRQHandler                        0x0800042f   Thumb Code     0  startup_mm32f3277g.o(.text)
    ADC3_IRQHandler                          0x0800042f   Thumb Code     0  startup_mm32f3277g.o(.text)
    CAN1_RX_IRQHandler                       0x0800042f   Thumb Code     0  startup_mm32f3277g.o(.text)
    COMP1_2_IRQHandler                       0x0800042f   Thumb Code     0  startup_mm32f3277g.o(.text)
    ETH_IRQHandler                           0x0800042f   Thumb Code     0  startup_mm32f3277g.o(.text)
    FLASH_IRQHandler                         0x0800042f   Thumb Code     0  startup_mm32f3277g.o(.text)
    FlashCache_IRQHandler                    0x0800042f   Thumb Code     0  startup_mm32f3277g.o(.text)
    I2C1_IRQHandler                          0x0800042f   Thumb Code     0  startup_mm32f3277g.o(.text)
    I2C2_IRQHandler                          0x0800042f   Thumb Code     0  startup_mm32f3277g.o(.text)
    OTG_FS_IRQHandler                        0x0800042f   Thumb Code     0  startup_mm32f3277g.o(.text)
    OTG_FS_WKUP_IRQHandler                   0x0800042f   Thumb Code     0  startup_mm32f3277g.o(.text)
    PVD_IRQHandler                           0x0800042f   Thumb Code     0  startup_mm32f3277g.o(.text)
    RCC_CRS_IRQHandler                       0x0800042f   Thumb Code     0  startup_mm32f3277g.o(.text)
    RTCAlarm_IRQHandler                      0x0800042f   Thumb Code     0  startup_mm32f3277g.o(.text)
    RTC_IRQHandler                           0x0800042f   Thumb Code     0  startup_mm32f3277g.o(.text)
    SDIO_IRQHandler                          0x0800042f   Thumb Code     0  startup_mm32f3277g.o(.text)
    SPI1_IRQHandler                          0x0800042f   Thumb Code     0  startup_mm32f3277g.o(.text)
    SPI2_IRQHandler                          0x0800042f   Thumb Code     0  startup_mm32f3277g.o(.text)
    SPI3_IRQHandler                          0x0800042f   Thumb Code     0  startup_mm32f3277g.o(.text)
    TAMPER_IRQHandler                        0x0800042f   Thumb Code     0  startup_mm32f3277g.o(.text)
    TIM1_BRK_IRQHandler                      0x0800042f   Thumb Code     0  startup_mm32f3277g.o(.text)
    TIM1_CC_IRQHandler                       0x0800042f   Thumb Code     0  startup_mm32f3277g.o(.text)
    TIM1_TRG_COM_IRQHandler                  0x0800042f   Thumb Code     0  startup_mm32f3277g.o(.text)
    TIM8_BRK_IRQHandler                      0x0800042f   Thumb Code     0  startup_mm32f3277g.o(.text)
    TIM8_CC_IRQHandler                       0x0800042f   Thumb Code     0  startup_mm32f3277g.o(.text)
    TIM8_TRG_COM_IRQHandler                  0x0800042f   Thumb Code     0  startup_mm32f3277g.o(.text)
    WWDG_IRQHandler                          0x0800042f   Thumb Code     0  startup_mm32f3277g.o(.text)
    __aeabi_memcpy                           0x08000439   Thumb Code    36  memcpya.o(.text)
    __aeabi_memcpy4                          0x08000439   Thumb Code     0  memcpya.o(.text)
    __aeabi_memcpy8                          0x08000439   Thumb Code     0  memcpya.o(.text)
    __aeabi_memset                           0x0800045d   Thumb Code    14  memseta.o(.text)
    __aeabi_memset4                          0x0800045d   Thumb Code     0  memseta.o(.text)
    __aeabi_memset8                          0x0800045d   Thumb Code     0  memseta.o(.text)
    __aeabi_memclr                           0x0800046b   Thumb Code     4  memseta.o(.text)
    __aeabi_memclr4                          0x0800046b   Thumb Code     0  memseta.o(.text)
    __aeabi_memclr8                          0x0800046b   Thumb Code     0  memseta.o(.text)
    _memset$wrapper                          0x0800046f   Thumb Code    18  memseta.o(.text)
    strlen                                   0x08000481   Thumb Code    14  strlen.o(.text)
    strncmp                                  0x0800048f   Thumb Code    30  strncmp.o(.text)
    __aeabi_fadd                             0x080004ad   Thumb Code   164  fadd.o(.text)
    __aeabi_fsub                             0x08000551   Thumb Code     6  fadd.o(.text)
    __aeabi_frsub                            0x08000557   Thumb Code     6  fadd.o(.text)
    __aeabi_fmul                             0x0800055d   Thumb Code   100  fmul.o(.text)
    __aeabi_fdiv                             0x080005c1   Thumb Code   124  fdiv.o(.text)
    __aeabi_dadd                             0x0800063d   Thumb Code   322  dadd.o(.text)
    __aeabi_dsub                             0x0800077f   Thumb Code     6  dadd.o(.text)
    __aeabi_drsub                            0x08000785   Thumb Code     6  dadd.o(.text)
    __aeabi_dmul                             0x0800078b   Thumb Code   228  dmul.o(.text)
    __aeabi_ddiv                             0x0800086f   Thumb Code   222  ddiv.o(.text)
    __aeabi_fcmple                           0x0800094d   Thumb Code    28  fcmple.o(.text)
    __aeabi_fcmpge                           0x08000969   Thumb Code    28  fcmpge.o(.text)
    __aeabi_i2f                              0x08000985   Thumb Code    18  fflti.o(.text)
    __aeabi_ui2f                             0x08000997   Thumb Code    10  ffltui.o(.text)
    __aeabi_f2iz                             0x080009a1   Thumb Code    50  ffixi.o(.text)
    __aeabi_d2iz                             0x080009d3   Thumb Code    62  dfixi.o(.text)
    __aeabi_f2d                              0x08000a11   Thumb Code    38  f2d.o(.text)
    __aeabi_uidiv                            0x08000a37   Thumb Code     0  uidiv.o(.text)
    __aeabi_uidivmod                         0x08000a37   Thumb Code    44  uidiv.o(.text)
    __aeabi_uldivmod                         0x08000a63   Thumb Code    98  uldiv.o(.text)
    __aeabi_llsl                             0x08000ac5   Thumb Code    30  llshl.o(.text)
    _ll_shift_l                              0x08000ac5   Thumb Code     0  llshl.o(.text)
    __aeabi_llsr                             0x08000ae3   Thumb Code    32  llushr.o(.text)
    _ll_ushift_r                             0x08000ae3   Thumb Code     0  llushr.o(.text)
    __aeabi_lasr                             0x08000b03   Thumb Code    36  llsshr.o(.text)
    _ll_sshift_r                             0x08000b03   Thumb Code     0  llsshr.o(.text)
    __I$use$fp                               0x08000b27   Thumb Code     0  iusefp.o(.text)
    _float_round                             0x08000b27   Thumb Code    18  fepilogue.o(.text)
    _float_epilogue                          0x08000b39   Thumb Code    92  fepilogue.o(.text)
    _double_round                            0x08000b95   Thumb Code    30  depilogue.o(.text)
    _double_epilogue                         0x08000bb3   Thumb Code   156  depilogue.o(.text)
    __aeabi_d2ulz                            0x08000c4f   Thumb Code    48  dfixul.o(.text)
    __aeabi_cdrcmple                         0x08000c81   Thumb Code    48  cdrcmple.o(.text)
    __scatterload                            0x08000cb1   Thumb Code    38  init.o(.text)
    __scatterload_rt2                        0x08000cb1   Thumb Code     0  init.o(.text)
    DMA1_Channel1_IRQHandler                 0x08000ce1   Thumb Code    32  isr.o(.text.DMA1_Channel1_IRQHandler)
    DMA1_Channel2_IRQHandler                 0x08000d01   Thumb Code    34  isr.o(.text.DMA1_Channel2_IRQHandler)
    DMA1_Channel3_IRQHandler                 0x08000d25   Thumb Code    34  isr.o(.text.DMA1_Channel3_IRQHandler)
    DMA1_Channel4_IRQHandler                 0x08000d49   Thumb Code    48  isr.o(.text.DMA1_Channel4_IRQHandler)
    DMA1_Channel5_IRQHandler                 0x08000d79   Thumb Code    34  isr.o(.text.DMA1_Channel5_IRQHandler)
    DMA1_Channel6_IRQHandler                 0x08000d9d   Thumb Code    34  isr.o(.text.DMA1_Channel6_IRQHandler)
    DMA1_Channel7_IRQHandler                 0x08000dc1   Thumb Code    34  isr.o(.text.DMA1_Channel7_IRQHandler)
    DMA2_Channel1_IRQHandler                 0x08000de5   Thumb Code    36  isr.o(.text.DMA2_Channel1_IRQHandler)
    DMA2_Channel2_IRQHandler                 0x08000e09   Thumb Code    38  isr.o(.text.DMA2_Channel2_IRQHandler)
    DMA2_Channel3_IRQHandler                 0x08000e31   Thumb Code    38  isr.o(.text.DMA2_Channel3_IRQHandler)
    DMA2_Channel4_IRQHandler                 0x08000e59   Thumb Code    38  isr.o(.text.DMA2_Channel4_IRQHandler)
    DMA2_Channel5_IRQHandler                 0x08000e81   Thumb Code    38  isr.o(.text.DMA2_Channel5_IRQHandler)
    EXTI0_IRQHandler                         0x08000ea9   Thumb Code    18  isr.o(.text.EXTI0_IRQHandler)
    EXTI15_10_IRQHandler                     0x08000ebd   Thumb Code   228  isr.o(.text.EXTI15_10_IRQHandler)
    EXTI1_IRQHandler                         0x08000fa1   Thumb Code    18  isr.o(.text.EXTI1_IRQHandler)
    EXTI2_IRQHandler                         0x08000fb5   Thumb Code    18  isr.o(.text.EXTI2_IRQHandler)
    EXTI3_IRQHandler                         0x08000fc9   Thumb Code    18  isr.o(.text.EXTI3_IRQHandler)
    EXTI4_IRQHandler                         0x08000fdd   Thumb Code    24  isr.o(.text.EXTI4_IRQHandler)
    EXTI9_5_IRQHandler                       0x08000ff5   Thumb Code   196  isr.o(.text.EXTI9_5_IRQHandler)
    PID_Compute                              0x080010b9   Thumb Code   208  pid.o(.text.PID_Compute)
    PID_Init                                 0x08001189   Thumb Code    72  pid.o(.text.PID_Init)
    PID_SetOutputLimits                      0x080011d1   Thumb Code    24  pid.o(.text.PID_SetOutputLimits)
    SystemInit                               0x080011e9   Thumb Code    16  system_mm32f3277g.o(.text.SystemInit)
    TIM1_UP_IRQHandler                       0x080011f9   Thumb Code    18  isr.o(.text.TIM1_UP_IRQHandler)
    TIM2_IRQHandler                          0x0800120d   Thumb Code    16  isr.o(.text.TIM2_IRQHandler)
    TIM3_IRQHandler                          0x0800121d   Thumb Code    18  isr.o(.text.TIM3_IRQHandler)
    TIM4_IRQHandler                          0x08001231   Thumb Code    18  isr.o(.text.TIM4_IRQHandler)
    TIM5_IRQHandler                          0x08001245   Thumb Code    18  isr.o(.text.TIM5_IRQHandler)
    TIM6_IRQHandler                          0x08001259   Thumb Code    42  main.o(.text.TIM6_IRQHandler)
    TIM7_IRQHandler                          0x08001285   Thumb Code    18  isr.o(.text.TIM7_IRQHandler)
    TIM8_UP_IRQHandler                       0x08001299   Thumb Code    24  isr.o(.text.TIM8_UP_IRQHandler)
    UART1_IRQHandler                         0x080012b1   Thumb Code    72  isr.o(.text.UART1_IRQHandler)
    UART2_IRQHandler                         0x080012f9   Thumb Code    78  isr.o(.text.UART2_IRQHandler)
    UART3_IRQHandler                         0x08001349   Thumb Code    72  isr.o(.text.UART3_IRQHandler)
    UART4_IRQHandler                         0x08001391   Thumb Code    72  isr.o(.text.UART4_IRQHandler)
    UART5_IRQHandler                         0x080013d9   Thumb Code    72  isr.o(.text.UART5_IRQHandler)
    UART6_IRQHandler                         0x08001421   Thumb Code    86  isr.o(.text.UART6_IRQHandler)
    UART7_IRQHandler                         0x08001479   Thumb Code    72  isr.o(.text.UART7_IRQHandler)
    UART8_IRQHandler                         0x080014c1   Thumb Code    86  isr.o(.text.UART8_IRQHandler)
    adc_convert                              0x08001585   Thumb Code   150  zf_driver_adc.o(.text.adc_convert)
    afio_init                                0x0800161d   Thumb Code   384  zf_driver_gpio.o(.text.afio_init)
    clock_init                               0x0800179d   Thumb Code    36  zf_common_clock.o(.text.clock_init)
    debug_assert_handler                     0x08001ab9   Thumb Code   108  zf_common_debug.o(.text.debug_assert_handler)
    debug_init                               0x08001b65   Thumb Code    50  zf_common_debug.o(.text.debug_init)
    debug_output_init                        0x08001f49   Thumb Code    76  zf_common_debug.o(.text.debug_output_init)
    debug_output_struct_init                 0x08001f95   Thumb Code    48  zf_common_debug.o(.text.debug_output_struct_init)
    dl1a_get_distance                        0x080020cd   Thumb Code   158  zf_device_dl1a.o(.text.dl1a_get_distance)
    dl1a_int_handler                         0x0800216d   Thumb Code     8  zf_device_dl1a.o(.text.dl1a_int_handler)
    dm1xa_light_callback                     0x08002175   Thumb Code    58  zf_device_dm1xa.o(.text.dm1xa_light_callback)
    dm1xa_sound_callback                     0x080021b1   Thumb Code   256  zf_device_dm1xa.o(.text.dm1xa_sound_callback)
    fifo_clear                               0x080022b1   Thumb Code   168  zf_common_fifo.o(.text.fifo_clear)
    fifo_read_buffer                         0x080023b9   Thumb Code   496  zf_common_fifo.o(.text.fifo_read_buffer)
    fifo_used                                0x080025a9   Thumb Code    40  zf_common_fifo.o(.text.fifo_used)
    fifo_write_buffer                        0x080025d1   Thumb Code   506  zf_common_fifo.o(.text.fifo_write_buffer)
    func_get_greatest_common_divisor         0x080027cd   Thumb Code    66  zf_common_function.o(.text.func_get_greatest_common_divisor)
    gpio_get_level                           0x08002811   Thumb Code    46  zf_driver_gpio.o(.text.gpio_get_level)
    gpio_init                                0x08002841   Thumb Code   488  zf_driver_gpio.o(.text.gpio_init)
    gpio_set_level                           0x08002a29   Thumb Code    98  zf_driver_gpio.o(.text.gpio_set_level)
    gps_uart_callback                        0x08002a8d   Thumb Code   314  zf_device_gps_tau1201.o(.text.gps_uart_callback)
    interrupt_enable                         0x08002bc9   Thumb Code    20  zf_common_interrupt.o(.text.interrupt_enable)
    interrupt_global_disable                 0x08002bdd   Thumb Code    36  zf_common_interrupt.o(.text.interrupt_global_disable)
    interrupt_init                           0x08002c01   Thumb Code    10  zf_common_interrupt.o(.text.interrupt_init)
    main                                     0x08002c0d   Thumb Code   218  main.o(.text.main)
    pit_enable                               0x08002ce9   Thumb Code   144  zf_driver_pit.o(.text.pit_enable)
    pit_init                                 0x08002d79   Thumb Code   306  zf_driver_pit.o(.text.pit_init)
    pwm_init                                 0x08002ead   Thumb Code   598  zf_driver_pwm.o(.text.pwm_init)
    pwm_set_duty                             0x08003105   Thumb Code   302  zf_driver_pwm.o(.text.pwm_set_duty)
    soft_iic_read_8bit_registers             0x08003235   Thumb Code   152  zf_driver_soft_iic.o(.text.soft_iic_read_8bit_registers)
    soft_iic_write_8bit_register             0x08003925   Thumb Code    86  zf_driver_soft_iic.o(.text.soft_iic_write_8bit_register)
    timer_clear                              0x0800397d   Thumb Code   178  zf_driver_timer.o(.text.timer_clear)
    timer_clock_enable                       0x08003a31   Thumb Code   182  zf_driver_timer.o(.text.timer_clock_enable)
    timer_funciton_check                     0x08003ae9   Thumb Code   104  zf_driver_timer.o(.text.timer_funciton_check)
    timer_get                                0x08003b51   Thumb Code   182  zf_driver_timer.o(.text.timer_get)
    tsl1401_collect_pit_handler              0x08003c09   Thumb Code   224  zf_device_tsl1401.o(.text.tsl1401_collect_pit_handler)
    uart_init                                0x08003ced   Thumb Code   652  zf_driver_uart.o(.text.uart_init)
    uart_query_byte                          0x08003f79   Thumb Code   102  zf_driver_uart.o(.text.uart_query_byte)
    uart_write_byte                          0x08003fe1   Thumb Code    64  zf_driver_uart.o(.text.uart_write_byte)
    uart_write_string                        0x08004021   Thumb Code    64  zf_driver_uart.o(.text.uart_write_string)
    __0sprintf                               0x08004061   Thumb Code    34  printfa.o(i.__0sprintf)
    __1sprintf                               0x08004061   Thumb Code     0  printfa.o(i.__0sprintf)
    __2sprintf                               0x08004061   Thumb Code     0  printfa.o(i.__0sprintf)
    __c89sprintf                             0x08004061   Thumb Code     0  printfa.o(i.__0sprintf)
    sprintf                                  0x08004061   Thumb Code     0  printfa.o(i.__0sprintf)
    __scatterload_copy                       0x08004089   Thumb Code    14  handlers.o(i.__scatterload_copy)
    __scatterload_null                       0x08004097   Thumb Code     2  handlers.o(i.__scatterload_null)
    __scatterload_zeroinit                   0x08004099   Thumb Code    14  handlers.o(i.__scatterload_zeroinit)
    Region$$Table$$Base                      0x08004b58   Number         0  anon$$obj.o(Region$$Table)
    Region$$Table$$Limit                     0x08004b78   Number         0  anon$$obj.o(Region$$Table)
    camera_dma_handler                       0x20000008   Data           4  zf_device_type.o(.data.camera_dma_handler)
    camera_uart_handler                      0x2000000c   Data           4  zf_device_type.o(.data.camera_uart_handler)
    camera_vsync_handler                     0x20000010   Data           4  zf_device_type.o(.data.camera_vsync_handler)
    dl1a_distance_mm                         0x20000014   Data           2  zf_device_dl1a.o(.data.dl1a_distance_mm)
    gpio_group                               0x20000018   Data          32  zf_driver_gpio.o(.data.gpio_group)
    system_clock                             0x20000038   Data           4  zf_common_clock.o(.data.system_clock)
    wireless_module_uart_handler             0x2000005c   Data           4  zf_device_type.o(.data.wireless_module_uart_handler)
    b                                        0x20000068   Data           4  main.o(.bss.b)
    dl1a_finsh_flag                          0x20000084   Data           1  zf_device_dl1a.o(.bss.dl1a_finsh_flag)
    gps_gga_state                            0x2000011e   Data           1  zf_device_gps_tau1201.o(.bss.gps_gga_state)
    gps_rmc_state                            0x2000019f   Data           1  zf_device_gps_tau1201.o(.bss.gps_rmc_state)
    gps_tau1201_flag                         0x200001a0   Data           1  zf_device_gps_tau1201.o(.bss.gps_tau1201_flag)
    pid                                      0x200001c4   Data          32  main.o(.bss.pid)
    tsl1401_data                             0x200001f4   Data         512  zf_device_tsl1401.o(.bss.tsl1401_data)
    tsl1401_finish_flag                      0x200003f4   Data           1  zf_device_tsl1401.o(.bss.tsl1401_finish_flag)
    Image$$ARM_LIB_STACK$$ZI$$Limit          0x20020000   Number         0  anon$$obj.o ABSOLUTE



==============================================================================

Memory Map of the image

  Image Entry point : 0x08000401

  Load Region LR_m_text (Base: 0x08000000, Size: 0x00004bdc, Max: 0x00080000, ABSOLUTE)

    Execution Region VECTOR_ROM (Exec base: 0x08000000, Load base: 0x08000000, Size: 0x00000190, Max: 0x00000400, ABSOLUTE)

    Exec Addr    Load Addr    Size         Type   Attr      Idx    E Section Name        Object

    0x08000000   0x08000000   0x00000190   Data   RO         1529    RESET               startup_mm32f3277g.o


    Execution Region ER_m_text (Exec base: 0x08000400, Load base: 0x08000400, Size: 0x00004778, Max: 0x0007fc00, ABSOLUTE, FIXED)

    Exec Addr    Load Addr    Size         Type   Attr      Idx    E Section Name        Object

    0x08000400   0x08000400   0x00000000   Code   RO         2509  * .ARM.Collect$$$$00000000  mc_w.l(entry.o)
    0x08000400   0x08000400   0x00000004   Code   RO         2637    .ARM.Collect$$$$00000003  mc_w.l(entry4.o)
    0x08000404   0x08000404   0x00000004   Code   RO         2640    .ARM.Collect$$$$00000004  mc_w.l(entry5.o)
    0x08000408   0x08000408   0x00000000   Code   RO         2642    .ARM.Collect$$$$00000008  mc_w.l(entry7b.o)
    0x08000408   0x08000408   0x00000000   Code   RO         2644    .ARM.Collect$$$$0000000A  mc_w.l(entry8b.o)
    0x08000408   0x08000408   0x00000008   Code   RO         2645    .ARM.Collect$$$$0000000B  mc_w.l(entry9a.o)
    0x08000410   0x08000410   0x00000000   Code   RO         2647    .ARM.Collect$$$$0000000D  mc_w.l(entry10a.o)
    0x08000410   0x08000410   0x00000000   Code   RO         2649    .ARM.Collect$$$$0000000F  mc_w.l(entry11a.o)
    0x08000410   0x08000410   0x00000004   Code   RO         2638    .ARM.Collect$$$$00002714  mc_w.l(entry4.o)
    0x08000414   0x08000414   0x00000024   Code   RO         1530    .text               startup_mm32f3277g.o
    0x08000438   0x08000438   0x00000024   Code   RO         2512    .text               mc_w.l(memcpya.o)
    0x0800045c   0x0800045c   0x00000024   Code   RO         2514    .text               mc_w.l(memseta.o)
    0x08000480   0x08000480   0x0000000e   Code   RO         2522    .text               mc_w.l(strlen.o)
    0x0800048e   0x0800048e   0x0000001e   Code   RO         2526    .text               mc_w.l(strncmp.o)
    0x080004ac   0x080004ac   0x000000b0   Code   RO         2560    .text               mf_w.l(fadd.o)
    0x0800055c   0x0800055c   0x00000064   Code   RO         2562    .text               mf_w.l(fmul.o)
    0x080005c0   0x080005c0   0x0000007c   Code   RO         2564    .text               mf_w.l(fdiv.o)
    0x0800063c   0x0800063c   0x0000014e   Code   RO         2566    .text               mf_w.l(dadd.o)
    0x0800078a   0x0800078a   0x000000e4   Code   RO         2568    .text               mf_w.l(dmul.o)
    0x0800086e   0x0800086e   0x000000de   Code   RO         2570    .text               mf_w.l(ddiv.o)
    0x0800094c   0x0800094c   0x0000001c   Code   RO         2572    .text               mf_w.l(fcmple.o)
    0x08000968   0x08000968   0x0000001c   Code   RO         2574    .text               mf_w.l(fcmpge.o)
    0x08000984   0x08000984   0x00000012   Code   RO         2584    .text               mf_w.l(fflti.o)
    0x08000996   0x08000996   0x0000000a   Code   RO         2586    .text               mf_w.l(ffltui.o)
    0x080009a0   0x080009a0   0x00000032   Code   RO         2592    .text               mf_w.l(ffixi.o)
    0x080009d2   0x080009d2   0x0000003e   Code   RO         2594    .text               mf_w.l(dfixi.o)
    0x08000a10   0x08000a10   0x00000026   Code   RO         2598    .text               mf_w.l(f2d.o)
    0x08000a36   0x08000a36   0x0000002c   Code   RO         2661    .text               mc_w.l(uidiv.o)
    0x08000a62   0x08000a62   0x00000062   Code   RO         2663    .text               mc_w.l(uldiv.o)
    0x08000ac4   0x08000ac4   0x0000001e   Code   RO         2665    .text               mc_w.l(llshl.o)
    0x08000ae2   0x08000ae2   0x00000020   Code   RO         2667    .text               mc_w.l(llushr.o)
    0x08000b02   0x08000b02   0x00000024   Code   RO         2669    .text               mc_w.l(llsshr.o)
    0x08000b26   0x08000b26   0x00000000   Code   RO         2678    .text               mc_w.l(iusefp.o)
    0x08000b26   0x08000b26   0x0000006e   Code   RO         2679    .text               mf_w.l(fepilogue.o)
    0x08000b94   0x08000b94   0x000000ba   Code   RO         2681    .text               mf_w.l(depilogue.o)
    0x08000c4e   0x08000c4e   0x00000030   Code   RO         2687    .text               mf_w.l(dfixul.o)
    0x08000c7e   0x08000c7e   0x00000002   PAD
    0x08000c80   0x08000c80   0x00000030   Code   RO         2691    .text               mf_w.l(cdrcmple.o)
    0x08000cb0   0x08000cb0   0x00000030   Code   RO         2693    .text               mc_w.l(init.o)
    0x08000ce0   0x08000ce0   0x00000020   Code   RO           65    .text.DMA1_Channel1_IRQHandler  isr.o
    0x08000d00   0x08000d00   0x00000022   Code   RO           67    .text.DMA1_Channel2_IRQHandler  isr.o
    0x08000d22   0x08000d22   0x00000002   PAD
    0x08000d24   0x08000d24   0x00000022   Code   RO           69    .text.DMA1_Channel3_IRQHandler  isr.o
    0x08000d46   0x08000d46   0x00000002   PAD
    0x08000d48   0x08000d48   0x00000030   Code   RO           71    .text.DMA1_Channel4_IRQHandler  isr.o
    0x08000d78   0x08000d78   0x00000022   Code   RO           73    .text.DMA1_Channel5_IRQHandler  isr.o
    0x08000d9a   0x08000d9a   0x00000002   PAD
    0x08000d9c   0x08000d9c   0x00000022   Code   RO           75    .text.DMA1_Channel6_IRQHandler  isr.o
    0x08000dbe   0x08000dbe   0x00000002   PAD
    0x08000dc0   0x08000dc0   0x00000022   Code   RO           77    .text.DMA1_Channel7_IRQHandler  isr.o
    0x08000de2   0x08000de2   0x00000002   PAD
    0x08000de4   0x08000de4   0x00000024   Code   RO           79    .text.DMA2_Channel1_IRQHandler  isr.o
    0x08000e08   0x08000e08   0x00000026   Code   RO           81    .text.DMA2_Channel2_IRQHandler  isr.o
    0x08000e2e   0x08000e2e   0x00000002   PAD
    0x08000e30   0x08000e30   0x00000026   Code   RO           83    .text.DMA2_Channel3_IRQHandler  isr.o
    0x08000e56   0x08000e56   0x00000002   PAD
    0x08000e58   0x08000e58   0x00000026   Code   RO           85    .text.DMA2_Channel4_IRQHandler  isr.o
    0x08000e7e   0x08000e7e   0x00000002   PAD
    0x08000e80   0x08000e80   0x00000026   Code   RO           87    .text.DMA2_Channel5_IRQHandler  isr.o
    0x08000ea6   0x08000ea6   0x00000002   PAD
    0x08000ea8   0x08000ea8   0x00000012   Code   RO           51    .text.EXTI0_IRQHandler  isr.o
    0x08000eba   0x08000eba   0x00000002   PAD
    0x08000ebc   0x08000ebc   0x000000e4   Code   RO           63    .text.EXTI15_10_IRQHandler  isr.o
    0x08000fa0   0x08000fa0   0x00000012   Code   RO           53    .text.EXTI1_IRQHandler  isr.o
    0x08000fb2   0x08000fb2   0x00000002   PAD
    0x08000fb4   0x08000fb4   0x00000012   Code   RO           55    .text.EXTI2_IRQHandler  isr.o
    0x08000fc6   0x08000fc6   0x00000002   PAD
    0x08000fc8   0x08000fc8   0x00000012   Code   RO           57    .text.EXTI3_IRQHandler  isr.o
    0x08000fda   0x08000fda   0x00000002   PAD
    0x08000fdc   0x08000fdc   0x00000018   Code   RO           59    .text.EXTI4_IRQHandler  isr.o
    0x08000ff4   0x08000ff4   0x000000c4   Code   RO           61    .text.EXTI9_5_IRQHandler  isr.o
    0x080010b8   0x080010b8   0x000000d0   Code   RO           98    .text.PID_Compute   pid.o
    0x08001188   0x08001188   0x00000048   Code   RO           96    .text.PID_Init      pid.o
    0x080011d0   0x080011d0   0x00000018   Code   RO          100    .text.PID_SetOutputLimits  pid.o
    0x080011e8   0x080011e8   0x00000010   Code   RO         1522    .text.SystemInit    system_mm32f3277g.o
    0x080011f8   0x080011f8   0x00000012   Code   RO           21    .text.TIM1_UP_IRQHandler  isr.o
    0x0800120a   0x0800120a   0x00000002   PAD
    0x0800120c   0x0800120c   0x00000010   Code   RO           23    .text.TIM2_IRQHandler  isr.o
    0x0800121c   0x0800121c   0x00000012   Code   RO           25    .text.TIM3_IRQHandler  isr.o
    0x0800122e   0x0800122e   0x00000002   PAD
    0x08001230   0x08001230   0x00000012   Code   RO           27    .text.TIM4_IRQHandler  isr.o
    0x08001242   0x08001242   0x00000002   PAD
    0x08001244   0x08001244   0x00000012   Code   RO           29    .text.TIM5_IRQHandler  isr.o
    0x08001256   0x08001256   0x00000002   PAD
    0x08001258   0x08001258   0x0000002a   Code   RO            6    .text.TIM6_IRQHandler  main.o
    0x08001282   0x08001282   0x00000002   PAD
    0x08001284   0x08001284   0x00000012   Code   RO           31    .text.TIM7_IRQHandler  isr.o
    0x08001296   0x08001296   0x00000002   PAD
    0x08001298   0x08001298   0x00000018   Code   RO           33    .text.TIM8_UP_IRQHandler  isr.o
    0x080012b0   0x080012b0   0x00000048   Code   RO           35    .text.UART1_IRQHandler  isr.o
    0x080012f8   0x080012f8   0x0000004e   Code   RO           37    .text.UART2_IRQHandler  isr.o
    0x08001346   0x08001346   0x00000002   PAD
    0x08001348   0x08001348   0x00000048   Code   RO           39    .text.UART3_IRQHandler  isr.o
    0x08001390   0x08001390   0x00000048   Code   RO           41    .text.UART4_IRQHandler  isr.o
    0x080013d8   0x080013d8   0x00000048   Code   RO           43    .text.UART5_IRQHandler  isr.o
    0x08001420   0x08001420   0x00000056   Code   RO           45    .text.UART6_IRQHandler  isr.o
    0x08001476   0x08001476   0x00000002   PAD
    0x08001478   0x08001478   0x00000048   Code   RO           47    .text.UART7_IRQHandler  isr.o
    0x080014c0   0x080014c0   0x00000056   Code   RO           49    .text.UART8_IRQHandler  isr.o
    0x08001516   0x08001516   0x00000002   PAD
    0x08001518   0x08001518   0x00000030   Code   RO          247    .text.__NVIC_EnableIRQ  zf_common_interrupt.o
    0x08001548   0x08001548   0x0000003c   Code   RO          259    .text.__NVIC_SetPriorityGrouping  zf_common_interrupt.o
    0x08001584   0x08001584   0x00000096   Code   RO          269    .text.adc_convert   zf_driver_adc.o
    0x0800161a   0x0800161a   0x00000002   PAD
    0x0800161c   0x0800161c   0x00000180   Code   RO          376    .text.afio_init     zf_driver_gpio.o
    0x0800179c   0x0800179c   0x00000024   Code   RO          109    .text.clock_init    zf_common_clock.o
    0x080017c0   0x080017c0   0x00000098   Code   RO          111    .text.clock_reset   zf_common_clock.o
    0x08001858   0x08001858   0x00000260   Code   RO          113    .text.clock_set_freq  zf_common_clock.o
    0x08001ab8   0x08001ab8   0x0000006c   Code   RO          131    .text.debug_assert_handler  zf_common_debug.o
    0x08001b24   0x08001b24   0x00000040   Code   RO          137    .text.debug_delay   zf_common_debug.o
    0x08001b64   0x08001b64   0x00000032   Code   RO          145    .text.debug_init    zf_common_debug.o
    0x08001b96   0x08001b96   0x00000002   PAD
    0x08001b98   0x08001b98   0x000003ae   Code   RO          135    .text.debug_output  zf_common_debug.o
    0x08001f46   0x08001f46   0x00000002   PAD
    0x08001f48   0x08001f48   0x0000004c   Code   RO          143    .text.debug_output_init  zf_common_debug.o
    0x08001f94   0x08001f94   0x00000030   Code   RO          141    .text.debug_output_struct_init  zf_common_debug.o
    0x08001fc4   0x08001fc4   0x000000f2   Code   RO          133    .text.debug_protective_handler  zf_common_debug.o
    0x080020b6   0x080020b6   0x00000002   PAD
    0x080020b8   0x080020b8   0x00000012   Code   RO          147    .text.debug_uart_str_output  zf_common_debug.o
    0x080020ca   0x080020ca   0x00000002   PAD
    0x080020cc   0x080020cc   0x0000009e   Code   RO          773    .text.dl1a_get_distance  zf_device_dl1a.o
    0x0800216a   0x0800216a   0x00000002   PAD
    0x0800216c   0x0800216c   0x00000008   Code   RO          775    .text.dl1a_int_handler  zf_device_dl1a.o
    0x08002174   0x08002174   0x0000003a   Code   RO          816    .text.dm1xa_light_callback  zf_device_dm1xa.o
    0x080021ae   0x080021ae   0x00000002   PAD
    0x080021b0   0x080021b0   0x00000100   Code   RO          814    .text.dm1xa_sound_callback  zf_device_dm1xa.o
    0x080022b0   0x080022b0   0x000000a8   Code   RO          162    .text.fifo_clear    zf_common_fifo.o
    0x08002358   0x08002358   0x0000002e   Code   RO          174    .text.fifo_end_offset  zf_common_fifo.o
    0x08002386   0x08002386   0x00000002   PAD
    0x08002388   0x08002388   0x0000002e   Code   RO          168    .text.fifo_head_offset  zf_common_fifo.o
    0x080023b6   0x080023b6   0x00000002   PAD
    0x080023b8   0x080023b8   0x000001f0   Code   RO          176    .text.fifo_read_buffer  zf_common_fifo.o
    0x080025a8   0x080025a8   0x00000028   Code   RO          164    .text.fifo_used     zf_common_fifo.o
    0x080025d0   0x080025d0   0x000001fa   Code   RO          170    .text.fifo_write_buffer  zf_common_fifo.o
    0x080027ca   0x080027ca   0x00000002   PAD
    0x080027cc   0x080027cc   0x00000042   Code   RO          202    .text.func_get_greatest_common_divisor  zf_common_function.o
    0x0800280e   0x0800280e   0x00000002   PAD
    0x08002810   0x08002810   0x0000002e   Code   RO          368    .text.gpio_get_level  zf_driver_gpio.o
    0x0800283e   0x0800283e   0x00000002   PAD
    0x08002840   0x08002840   0x000001e8   Code   RO          374    .text.gpio_init     zf_driver_gpio.o
    0x08002a28   0x08002a28   0x00000062   Code   RO          366    .text.gpio_set_level  zf_driver_gpio.o
    0x08002a8a   0x08002a8a   0x00000002   PAD
    0x08002a8c   0x08002a8c   0x0000013a   Code   RO          845    .text.gps_uart_callback  zf_device_gps_tau1201.o
    0x08002bc6   0x08002bc6   0x00000002   PAD
    0x08002bc8   0x08002bc8   0x00000014   Code   RO          245    .text.interrupt_enable  zf_common_interrupt.o
    0x08002bdc   0x08002bdc   0x00000024   Code   RO          243    .text.interrupt_global_disable  zf_common_interrupt.o
    0x08002c00   0x08002c00   0x0000000a   Code   RO          257    .text.interrupt_init  zf_common_interrupt.o
    0x08002c0a   0x08002c0a   0x00000002   PAD
    0x08002c0c   0x08002c0c   0x000000da   Code   RO            4    .text.main          main.o
    0x08002ce6   0x08002ce6   0x00000002   PAD
    0x08002ce8   0x08002ce8   0x00000090   Code   RO          440    .text.pit_enable    zf_driver_pit.o
    0x08002d78   0x08002d78   0x00000132   Code   RO          444    .text.pit_init      zf_driver_pit.o
    0x08002eaa   0x08002eaa   0x00000002   PAD
    0x08002eac   0x08002eac   0x00000256   Code   RO          457    .text.pwm_init      zf_driver_pwm.o
    0x08003102   0x08003102   0x00000002   PAD
    0x08003104   0x08003104   0x0000012e   Code   RO          455    .text.pwm_set_duty  zf_driver_pwm.o
    0x08003232   0x08003232   0x00000002   PAD
    0x08003234   0x08003234   0x00000098   Code   RO          526    .text.soft_iic_read_8bit_registers  zf_driver_soft_iic.o
    0x080032cc   0x080032cc   0x00000164   Code   RO          516    .text.soft_iic_read_data  zf_driver_soft_iic.o
    0x08003430   0x08003430   0x0000011a   Code   RO          544    .text.soft_iic_send_ack  zf_driver_soft_iic.o
    0x0800354a   0x0800354a   0x00000002   PAD
    0x0800354c   0x0800354c   0x00000128   Code   RO          496    .text.soft_iic_send_data  zf_driver_soft_iic.o
    0x08003674   0x08003674   0x000000da   Code   RO          494    .text.soft_iic_start  zf_driver_soft_iic.o
    0x0800374e   0x0800374e   0x00000002   PAD
    0x08003750   0x08003750   0x000000da   Code   RO          498    .text.soft_iic_stop  zf_driver_soft_iic.o
    0x0800382a   0x0800382a   0x00000002   PAD
    0x0800382c   0x0800382c   0x000000f8   Code   RO          542    .text.soft_iic_wait_ack  zf_driver_soft_iic.o
    0x08003924   0x08003924   0x00000056   Code   RO          506    .text.soft_iic_write_8bit_register  zf_driver_soft_iic.o
    0x0800397a   0x0800397a   0x00000002   PAD
    0x0800397c   0x0800397c   0x000000b2   Code   RO          661    .text.timer_clear   zf_driver_timer.o
    0x08003a2e   0x08003a2e   0x00000002   PAD
    0x08003a30   0x08003a30   0x000000b6   Code   RO          653    .text.timer_clock_enable  zf_driver_timer.o
    0x08003ae6   0x08003ae6   0x00000002   PAD
    0x08003ae8   0x08003ae8   0x00000068   Code   RO          651    .text.timer_funciton_check  zf_driver_timer.o
    0x08003b50   0x08003b50   0x000000b6   Code   RO          659    .text.timer_get     zf_driver_timer.o
    0x08003c06   0x08003c06   0x00000002   PAD
    0x08003c08   0x08003c08   0x000000e0   Code   RO         1376    .text.tsl1401_collect_pit_handler  zf_device_tsl1401.o
    0x08003ce8   0x08003ce8   0x00000002   Code   RO         1392    .text.type_default_callback  zf_device_type.o
    0x08003cea   0x08003cea   0x00000002   PAD
    0x08003cec   0x08003cec   0x0000028c   Code   RO          691    .text.uart_init     zf_driver_uart.o
    0x08003f78   0x08003f78   0x00000066   Code   RO          685    .text.uart_query_byte  zf_driver_uart.o
    0x08003fde   0x08003fde   0x00000002   PAD
    0x08003fe0   0x08003fe0   0x00000040   Code   RO          677    .text.uart_write_byte  zf_driver_uart.o
    0x08004020   0x08004020   0x00000040   Code   RO          681    .text.uart_write_string  zf_driver_uart.o
    0x08004060   0x08004060   0x00000028   Code   RO         2535    i.__0sprintf        mc_w.l(printfa.o)
    0x08004088   0x08004088   0x0000000e   Code   RO         2697    i.__scatterload_copy  mc_w.l(handlers.o)
    0x08004096   0x08004096   0x00000002   Code   RO         2698    i.__scatterload_null  mc_w.l(handlers.o)
    0x08004098   0x08004098   0x0000000e   Code   RO         2699    i.__scatterload_zeroinit  mc_w.l(handlers.o)
    0x080040a6   0x080040a6   0x00000002   PAD
    0x080040a8   0x080040a8   0x00000184   Code   RO         2540    i._fp_digits        mc_w.l(printfa.o)
    0x0800422c   0x0800422c   0x000006dc   Code   RO         2541    i._printf_core      mc_w.l(printfa.o)
    0x08004908   0x08004908   0x00000024   Code   RO         2542    i._printf_post_padding  mc_w.l(printfa.o)
    0x0800492c   0x0800492c   0x0000002e   Code   RO         2543    i._printf_pre_padding  mc_w.l(printfa.o)
    0x0800495a   0x0800495a   0x0000000a   Code   RO         2545    i._sputc            mc_w.l(printfa.o)
    0x08004964   0x08004964   0x000000ac   Data   RO          154    .rodata..L__const.debug_protective_handler.pin_list  zf_common_debug.o
    0x08004a10   0x08004a10   0x00000066   Data   RO          152    .rodata.str1.1      zf_common_debug.o
    0x08004a76   0x08004a76   0x0000002b   Data   RO          182    .rodata.str1.1      zf_common_fifo.o
    0x08004aa1   0x08004aa1   0x0000002a   Data   RO          446    .rodata.str1.1      zf_driver_pit.o
    0x08004acb   0x08004acb   0x0000002a   Data   RO          459    .rodata.str1.1      zf_driver_pwm.o
    0x08004af5   0x08004af5   0x0000002f   Data   RO          546    .rodata.str1.1      zf_driver_soft_iic.o
    0x08004b24   0x08004b24   0x0000002b   Data   RO          694    .rodata.str1.1      zf_driver_uart.o
    0x08004b4f   0x08004b4f   0x00000008   Data   RO          868    .rodata.str1.1      zf_device_gps_tau1201.o
    0x08004b57   0x08004b57   0x00000001   PAD
    0x08004b58   0x08004b58   0x00000020   Data   RO         2696    Region$$Table       anon$$obj.o


    Execution Region RW_m_data (Exec base: 0x20000000, Load base: 0x08004b78, Size: 0x000003f8, Max: 0x0001dc00, ABSOLUTE)

    Exec Addr    Load Addr    Size         Type   Attr      Idx    E Section Name        Object

    0x20000000   0x08004b78   0x00000008   Data   RW          275    .data.adc_index     zf_driver_adc.o
    0x20000008   0x08004b80   0x00000004   Data   RW         1401    .data.camera_dma_handler  zf_device_type.o
    0x2000000c   0x08004b84   0x00000004   Data   RW         1399    .data.camera_uart_handler  zf_device_type.o
    0x20000010   0x08004b88   0x00000004   Data   RW         1400    .data.camera_vsync_handler  zf_device_type.o
    0x20000014   0x08004b8c   0x00000002   Data   RW          804    .data.dl1a_distance_mm  zf_device_dl1a.o
    0x20000016   0x08004b8e   0x00000002   Data   RW          827    .data.dm1xa_distance_mm  zf_device_dm1xa.o
    0x20000018   0x08004b90   0x00000020   Data   RW          378    .data.gpio_group    zf_driver_gpio.o
    0x20000038   0x08004bb0   0x00000004   Data   RW          115    .data.system_clock  zf_common_clock.o
    0x2000003c   0x08004bb4   0x00000020   Data   RW          693    .data.uart_index    zf_driver_uart.o
    0x2000005c   0x08004bd4   0x00000004   Data   RW         1403    .data.wireless_module_uart_handler  zf_device_type.o
    0x20000060   0x08004bd8   0x00000001   Data   RW          150    .data.zf_debug_assert_enable  zf_common_debug.o
    0x20000061   0x08004bd9   0x00000003   PAD
    0x20000064        -       0x00000002   Zero   RW          276    .bss.adc_resolution  zf_driver_adc.o
    0x20000066   0x08004bd9   0x00000002   PAD
    0x20000068        -       0x00000004   Zero   RW           12    .bss.b              main.o
    0x2000006c        -       0x00000001   Zero   RW          151    .bss.debug_assert_handler.assert_nest_index  zf_common_debug.o
    0x2000006d   0x08004bd9   0x00000003   PAD
    0x20000070        -       0x00000014   Zero   RW          153    .bss.debug_output_info  zf_common_debug.o
    0x20000084        -       0x00000001   Zero   RW          803    .bss.dl1a_finsh_flag  zf_device_dl1a.o
    0x20000085   0x08004bd9   0x00000003   PAD
    0x20000088        -       0x00000010   Zero   RW          805    .bss.dl1a_iic_struct  zf_device_dl1a.o
    0x20000098        -       0x00000004   Zero   RW          825    .bss.dm1xa_plus_count  zf_device_dm1xa.o
    0x2000009c        -       0x00000001   Zero   RW          826    .bss.dm1xa_ranging_state  zf_device_dm1xa.o
    0x2000009d        -       0x00000001   Zero   RW          824    .bss.dm1xa_type     zf_device_dm1xa.o
    0x2000009e        -       0x00000080   Zero   RW          865    .bss.gps_gga_buffer  zf_device_gps_tau1201.o
    0x2000011e        -       0x00000001   Zero   RW          860    .bss.gps_gga_state  zf_device_gps_tau1201.o
    0x2000011f        -       0x00000080   Zero   RW          863    .bss.gps_rmc_buffer  zf_device_gps_tau1201.o
    0x2000019f        -       0x00000001   Zero   RW          861    .bss.gps_rmc_state  zf_device_gps_tau1201.o
    0x200001a0        -       0x00000001   Zero   RW          859    .bss.gps_tau1201_flag  zf_device_gps_tau1201.o
    0x200001a1   0x08004bd9   0x00000003   PAD
    0x200001a4        -       0x00000018   Zero   RW          867    .bss.gps_tau1201_receiver_fifo  zf_device_gps_tau1201.o
    0x200001bc        -       0x00000001   Zero   RW          866    .bss.gps_tau1201_state  zf_device_gps_tau1201.o
    0x200001bd   0x08004bd9   0x00000003   PAD
    0x200001c0        -       0x00000004   Zero   RW          261    .bss.interrupt_nest_count  zf_common_interrupt.o
    0x200001c4        -       0x00000020   Zero   RW           11    .bss.pid            main.o
    0x200001e4        -       0x00000008   Zero   RW          667    .bss.timer_function_state  zf_driver_timer.o
    0x200001ec        -       0x00000008   Zero   RW          668    .bss.timer_mode_state  zf_driver_timer.o
    0x200001f4        -       0x00000200   Zero   RW         1383    .bss.tsl1401_data   zf_device_tsl1401.o
    0x200003f4        -       0x00000001   Zero   RW         1384    .bss.tsl1401_finish_flag  zf_device_tsl1401.o
    0x200003f5        -       0x00000001   Zero   RW         1382    .bss.tsl1401_init_state  zf_device_tsl1401.o
    0x200003f6        -       0x00000001   Zero   RW          149    .bss.zf_debug_init_flag  zf_common_debug.o


    Execution Region ARM_LIB_HEAP (Exec base: 0x200003f8, Load base: 0x08004bdc, Size: 0x00000400, Max: 0x00000400, ABSOLUTE)

    Exec Addr    Load Addr    Size         Type   Attr      Idx    E Section Name        Object

    0x200003f8        -       0x00000400   Zero   RW            1    ARM_LIB_HEAP.bss    anon$$obj.o


    Execution Region ARM_LIB_STACK (Exec base: 0x2001e000, Load base: 0x08004bdc, Size: 0x00002000, Max: 0x00002000, ABSOLUTE)

    Exec Addr    Load Addr    Size         Type   Attr      Idx    E Section Name        Object

    0x2001e000        -       0x00002000   Zero   RW            2    ARM_LIB_STACK.bss   anon$$obj.o


==============================================================================

Image component sizes


      Code (inc. data)   RO Data    RW Data    ZI Data      Debug   Object Name

      1698          0          0          0          0       6370   isr.o
       260          0          0          0         36       3017   main.o
       304          0          0          0          0       1363   pid.o
        36          8        400          0          0        884   startup_mm32f3277g.o
        16          0          0          0          0        463   system_mm32f3277g.o
       796          0          0          4          0       2964   zf_common_clock.o
      1548          0        274          1         22       8216   zf_common_debug.o
      1302          0         43          0          0       5470   zf_common_fifo.o
        66          0          0          0          0       8087   zf_common_function.o
       174          0          0          0          4       4701   zf_common_interrupt.o
       166          0          0          2         17       7746   zf_device_dl1a.o
       314          4          0          2          6       3573   zf_device_dm1xa.o
       314          0          8          0        284       8191   zf_device_gps_tau1201.o
       224          0          0          0        514       3558   zf_device_tsl1401.o
         2          0          0         16          0       1566   zf_device_type.o
       150          0          0          8          2       4750   zf_driver_adc.o
      1016          0          0         32          0       4867   zf_driver_gpio.o
       450         16         42          0          0       5145   zf_driver_pit.o
       900         16         42          0          0       5419   zf_driver_pwm.o
      1856          0         47          0          0       8835   zf_driver_soft_iic.o
       646         24          0          0         16       7474   zf_driver_timer.o
       882          8         43         32          0       7526   zf_driver_uart.o

    ----------------------------------------------------------------------
     13220         76        932        100      10132     110185   Object Totals
         0          0         32          0       9216          0   (incl. Generated)
       100          0          1          3         15          0   (incl. Padding)

    ----------------------------------------------------------------------

      Code (inc. data)   RO Data    RW Data    ZI Data      Debug   Library Member Name

         0          0          0          0          0          0   entry.o
         0          0          0          0          0          0   entry10a.o
         0          0          0          0          0          0   entry11a.o
         8          4          0          0          0          0   entry4.o
         4          0          0          0          0          0   entry5.o
         0          0          0          0          0          0   entry7b.o
         0          0          0          0          0          0   entry8b.o
         8          4          0          0          0          0   entry9a.o
        30          0          0          0          0          0   handlers.o
        48         10          0          0          0         68   init.o
         0          0          0          0          0          0   iusefp.o
        30          0          0          0          0         68   llshl.o
        36          0          0          0          0         68   llsshr.o
        32          0          0          0          0         68   llushr.o
        36          0          0          0          0         68   memcpya.o
        36          0          0          0          0        108   memseta.o
      2276         86          0          0          0        520   printfa.o
        14          0          0          0          0         68   strlen.o
        30          0          0          0          0         80   strncmp.o
        44          0          0          0          0         80   uidiv.o
        98          0          0          0          0         92   uldiv.o
        48          0          0          0          0         68   cdrcmple.o
       334          0          0          0          0        148   dadd.o
       222          0          0          0          0        100   ddiv.o
       186          0          0          0          0        176   depilogue.o
        62          0          0          0          0         80   dfixi.o
        48          0          0          0          0         68   dfixul.o
       228          0          0          0          0         96   dmul.o
        38          0          0          0          0         68   f2d.o
       176          0          0          0          0        140   fadd.o
        28          0          0          0          0         68   fcmpge.o
        28          0          0          0          0         68   fcmple.o
       124          0          0          0          0         88   fdiv.o
       110          0          0          0          0        168   fepilogue.o
        50          0          0          0          0         68   ffixi.o
        18          0          0          0          0         68   fflti.o
        10          0          0          0          0         68   ffltui.o
       100          0          0          0          0         76   fmul.o

    ----------------------------------------------------------------------
      4544        104          0          0          0       2904   Library Totals
         4          0          0          0          0          0   (incl. Padding)

    ----------------------------------------------------------------------

      Code (inc. data)   RO Data    RW Data    ZI Data      Debug   Library Name

      2730        104          0          0          0       1288   mc_w.l
      1810          0          0          0          0       1616   mf_w.l

    ----------------------------------------------------------------------
      4544        104          0          0          0       2904   Library Totals

    ----------------------------------------------------------------------

==============================================================================


      Code (inc. data)   RO Data    RW Data    ZI Data      Debug   

     17764        180        932        100      10132     111281   Grand Totals
     17764        180        932        100      10132     111281   ELF Image Totals
     17764        180        932        100          0          0   ROM Totals

==============================================================================

    Total RO  Size (Code + RO Data)                18696 (  18.26kB)
    Total RW  Size (RW Data + ZI Data)             10232 (   9.99kB)
    Total ROM Size (Code + RO Data + RW Data)      18796 (  18.36kB)

==============================================================================

