<html>
<body>
<pre>
<h1>礦ision Build Log</h1>
<h2>Tool Versions:</h2>
IDE-Version: μVision V5.42.0.0
Copyright (C) 2025 ARM Ltd and ARM Germany GmbH. All rights reserved.
License Information: 3 3288969769@qq.com, 2, LIC=EXJT4-FTE6Z-Z9PG9-4NUPU-KIDFG-VZ57Y
 
Tool Versions:
Toolchain:       MDK-ARM Plus  Version: 5.42.0.0
Toolchain Path:  D:\car\江协\32\keil32\ARM\ARMCLANG\Bin
C Compiler:      ArmClang.exe V6.23
Assembler:       Armasm.exe V6.23
Linker/Locator:  ArmLink.exe V6.23
Library Manager: ArmAr.exe V6.23
Hex Converter:   FromElf.exe V6.23
CPU DLL:         SARMCM3.DLL V5.42.0.0
Dialog DLL:      DCM.DLL V1.17.5.0
Target DLL:      CMSIS_AGDI.dll V1.33.22.0
Dialog DLL:      TCM.DLL V1.56.6.0
 
<h2>Project:</h2>
D:\mm32\task\taskmotor\mdk\mm32f327x_g8p.uvprojx
Project File Date:  07/01/2025

<h2>Output:</h2>
*** Using Compiler 'V6.23', folder: 'D:\car\江协\32\keil32\ARM\ARMCLANG\Bin'
Build target 'mm32f327x_g8p_project'
compiling main.c...
compiling isr.c...
linking...
Program Size: Code=17764 RO-data=932 RW-data=100 ZI-data=10132  
".\Objects\MM32F327X_G8P.axf" - 0 Error(s), 0 Warning(s).

<h2>Software Packages used:</h2>

Package Vendor: MindMotion
                http://www.mindmotion.com.cn/Download/MDK_KEIL/MindMotion.MM32F3270_DFP.1.1.8.pack
                MindMotion::MM32F3270_DFP@1.1.8
                MindMotion MM32F3270 Series Device Support, Drivers and Examples

<h2>Collection of Component include folders:</h2>
  D:/car/江协/32/keil32/ARM/PACK/MindMotion/MM32F3270_DFP/1.1.8/Device/MM32F327x/Include

<h2>Collection of Component Files used:</h2>
Build Time Elapsed:  00:00:01
</pre>
</body>
</html>
