Component: Arm Compiler for Embedded 6.23 Tool: armlink [5f102400]

==============================================================================

Section Cross References

    main.o(.text.main) refers to zf_common_clock.o(.text.clock_init) for clock_init
    main.o(.text.main) refers to zf_common_debug.o(.text.debug_init) for debug_init
    main.o(.text.main) refers to auto_menu.o(.text.menu_init) for menu_init
    main.o(.text.main) refers to auto_menu.o(.text.show_process) for show_process
    main.o(.text.main) refers to zf_driver_delay.o(.text.system_delay_ms) for system_delay_ms
    main.o(.ARM.exidx.text.main) refers to main.o(.text.main) for [Anonymous Symbol]
    isr.o(.ARM.exidx.text.TIM1_UP_IRQHandler) refers to isr.o(.text.TIM1_UP_IRQHandler) for [Anonymous Symbol]
    isr.o(.text.TIM2_IRQHandler) refers to key.o(.bss.key1_flag) for key1_flag
    isr.o(.text.TIM2_IRQHandler) refers to key.o(.bss.key1_count) for key1_count
    isr.o(.text.TIM2_IRQHandler) refers to main.o(.data.count_time) for count_time
    isr.o(.text.TIM2_IRQHandler) refers to key.o(.bss.key2_flag) for key2_flag
    isr.o(.text.TIM2_IRQHandler) refers to key.o(.bss.key2_count) for key2_count
    isr.o(.text.TIM2_IRQHandler) refers to key.o(.bss.key3_flag) for key3_flag
    isr.o(.text.TIM2_IRQHandler) refers to key.o(.bss.key3_count) for key3_count
    isr.o(.text.TIM2_IRQHandler) refers to key.o(.bss.key4_flag) for key4_flag
    isr.o(.text.TIM2_IRQHandler) refers to key.o(.bss.key4_count) for key4_count
    isr.o(.ARM.exidx.text.TIM2_IRQHandler) refers to isr.o(.text.TIM2_IRQHandler) for [Anonymous Symbol]
    isr.o(.ARM.exidx.text.TIM3_IRQHandler) refers to isr.o(.text.TIM3_IRQHandler) for [Anonymous Symbol]
    isr.o(.ARM.exidx.text.TIM4_IRQHandler) refers to isr.o(.text.TIM4_IRQHandler) for [Anonymous Symbol]
    isr.o(.text.TIM5_IRQHandler) refers to zf_driver_encoder.o(.text.encoder_get_count) for encoder_get_count
    isr.o(.text.TIM5_IRQHandler) refers to main.o(.bss.encoder1) for encoder1
    isr.o(.text.TIM5_IRQHandler) refers to zf_driver_encoder.o(.text.encoder_clear_count) for encoder_clear_count
    isr.o(.text.TIM5_IRQHandler) refers to main.o(.bss.encoder2) for encoder2
    isr.o(.ARM.exidx.text.TIM5_IRQHandler) refers to isr.o(.text.TIM5_IRQHandler) for [Anonymous Symbol]
    isr.o(.ARM.exidx.text.TIM6_IRQHandler) refers to isr.o(.text.TIM6_IRQHandler) for [Anonymous Symbol]
    isr.o(.ARM.exidx.text.TIM7_IRQHandler) refers to isr.o(.text.TIM7_IRQHandler) for [Anonymous Symbol]
    isr.o(.text.TIM8_UP_IRQHandler) refers to zf_device_tsl1401.o(.text.tsl1401_collect_pit_handler) for tsl1401_collect_pit_handler
    isr.o(.ARM.exidx.text.TIM8_UP_IRQHandler) refers to isr.o(.text.TIM8_UP_IRQHandler) for [Anonymous Symbol]
    isr.o(.ARM.exidx.text.UART1_IRQHandler) refers to isr.o(.text.UART1_IRQHandler) for [Anonymous Symbol]
    isr.o(.text.UART2_IRQHandler) refers to zf_device_gps_tau1201.o(.text.gps_uart_callback) for gps_uart_callback
    isr.o(.ARM.exidx.text.UART2_IRQHandler) refers to isr.o(.text.UART2_IRQHandler) for [Anonymous Symbol]
    isr.o(.ARM.exidx.text.UART3_IRQHandler) refers to isr.o(.text.UART3_IRQHandler) for [Anonymous Symbol]
    isr.o(.ARM.exidx.text.UART4_IRQHandler) refers to isr.o(.text.UART4_IRQHandler) for [Anonymous Symbol]
    isr.o(.ARM.exidx.text.UART5_IRQHandler) refers to isr.o(.text.UART5_IRQHandler) for [Anonymous Symbol]
    isr.o(.text.UART6_IRQHandler) refers to zf_device_type.o(.data.wireless_module_uart_handler) for wireless_module_uart_handler
    isr.o(.ARM.exidx.text.UART6_IRQHandler) refers to isr.o(.text.UART6_IRQHandler) for [Anonymous Symbol]
    isr.o(.ARM.exidx.text.UART7_IRQHandler) refers to isr.o(.text.UART7_IRQHandler) for [Anonymous Symbol]
    isr.o(.text.UART8_IRQHandler) refers to zf_device_type.o(.data.camera_uart_handler) for camera_uart_handler
    isr.o(.ARM.exidx.text.UART8_IRQHandler) refers to isr.o(.text.UART8_IRQHandler) for [Anonymous Symbol]
    isr.o(.ARM.exidx.text.EXTI0_IRQHandler) refers to isr.o(.text.EXTI0_IRQHandler) for [Anonymous Symbol]
    isr.o(.ARM.exidx.text.EXTI1_IRQHandler) refers to isr.o(.text.EXTI1_IRQHandler) for [Anonymous Symbol]
    isr.o(.ARM.exidx.text.EXTI2_IRQHandler) refers to isr.o(.text.EXTI2_IRQHandler) for [Anonymous Symbol]
    isr.o(.ARM.exidx.text.EXTI3_IRQHandler) refers to isr.o(.text.EXTI3_IRQHandler) for [Anonymous Symbol]
    isr.o(.text.EXTI4_IRQHandler) refers to zf_device_dl1a.o(.text.dl1a_int_handler) for dl1a_int_handler
    isr.o(.ARM.exidx.text.EXTI4_IRQHandler) refers to isr.o(.text.EXTI4_IRQHandler) for [Anonymous Symbol]
    isr.o(.text.EXTI9_5_IRQHandler) refers to zf_device_type.o(.data.camera_vsync_handler) for camera_vsync_handler
    isr.o(.ARM.exidx.text.EXTI9_5_IRQHandler) refers to isr.o(.text.EXTI9_5_IRQHandler) for [Anonymous Symbol]
    isr.o(.text.EXTI15_10_IRQHandler) refers to zf_device_dm1xa.o(.text.dm1xa_light_callback) for dm1xa_light_callback
[...]
    soft_iic_read_data                       0x08005621   Thumb Code   356  zf_driver_soft_iic.o(.text.soft_iic_read_data)
    [Anonymous Symbol]                       0x08005620   Section        0  zf_driver_soft_iic.o(.text.soft_iic_read_data)
    soft_iic_send_ack                        0x08005785   Thumb Code   282  zf_driver_soft_iic.o(.text.soft_iic_send_ack)
    [Anonymous Symbol]                       0x08005784   Section        0  zf_driver_soft_iic.o(.text.soft_iic_send_ack)
    soft_iic_send_data                       0x080058a1   Thumb Code   296  zf_driver_soft_iic.o(.text.soft_iic_send_data)
    [Anonymous Symbol]                       0x080058a0   Section        0  zf_driver_soft_iic.o(.text.soft_iic_send_data)
    soft_iic_start                           0x080059c9   Thumb Code   218  zf_driver_soft_iic.o(.text.soft_iic_start)
    [Anonymous Symbol]                       0x080059c8   Section        0  zf_driver_soft_iic.o(.text.soft_iic_start)
    soft_iic_stop                            0x08005aa5   Thumb Code   218  zf_driver_soft_iic.o(.text.soft_iic_stop)
    [Anonymous Symbol]                       0x08005aa4   Section        0  zf_driver_soft_iic.o(.text.soft_iic_stop)
    soft_iic_wait_ack                        0x08005b81   Thumb Code   248  zf_driver_soft_iic.o(.text.soft_iic_wait_ack)
    [Anonymous Symbol]                       0x08005b80   Section        0  zf_driver_soft_iic.o(.text.soft_iic_wait_ack)
    [Anonymous Symbol]                       0x08005c78   Section        0  zf_driver_soft_iic.o(.text.soft_iic_write_8bit_register)
    [Anonymous Symbol]                       0x08005cd0   Section        0  auto_menu.o(.text.son_link)
    [Anonymous Symbol]                       0x08005cfc   Section        0  zf_driver_spi.o(.text.spi_init)
    [Anonymous Symbol]                       0x08006064   Section        0  zf_driver_spi.o(.text.spi_write_16bit)
    [Anonymous Symbol]                       0x0800611c   Section        0  zf_driver_spi.o(.text.spi_write_8bit)
    [Anonymous Symbol]                       0x080061a4   Section        0  zf_driver_delay.o(.text.system_delay_ms)
    [Anonymous Symbol]                       0x08006240   Section        0  zf_driver_timer.o(.text.timer_clear)
    [Anonymous Symbol]                       0x080062f4   Section        0  zf_driver_timer.o(.text.timer_get)
    [Anonymous Symbol]                       0x080063ac   Section        0  zf_device_tsl1401.o(.text.tsl1401_collect_pit_handler)
    type_default_callback                    0x0800648d   Thumb Code     2  zf_device_type.o(.text.type_default_callback)
    [Anonymous Symbol]                       0x0800648c   Section        0  zf_device_type.o(.text.type_default_callback)
    [Anonymous Symbol]                       0x08006490   Section        0  zf_driver_uart.o(.text.uart_init)
    [Anonymous Symbol]                       0x0800671c   Section        0  zf_driver_uart.o(.text.uart_query_byte)
    [Anonymous Symbol]                       0x08006784   Section        0  zf_driver_uart.o(.text.uart_write_byte)
    [Anonymous Symbol]                       0x080067c4   Section        0  zf_driver_uart.o(.text.uart_write_string)
    [Anonymous Symbol]                       0x08006804   Section        0  auto_menu.o(.text.unit_default)
    [Anonymous Symbol]                       0x08006838   Section        0  auto_menu.o(.text.unit_index_init)
    [Anonymous Symbol]                       0x0800685c   Section        0  auto_menu.o(.text.unit_param_set)
    i.__0sprintf                             0x08006bac   Section        0  printfa.o(i.__0sprintf)
    i.__free$2region                         0x08006bd4   Section        0  malloc2.o(i.__free$2region)
    i.__malloc$2region                       0x08006c24   Section        0  malloc2.o(i.__malloc$2region)
    i.__scatterload_copy                     0x08006c90   Section       14  handlers.o(i.__scatterload_copy)
    i.__scatterload_null                     0x08006c9e   Section        2  handlers.o(i.__scatterload_null)
    i.__scatterload_zeroinit                 0x08006ca0   Section       14  handlers.o(i.__scatterload_zeroinit)
    _fp_digits                               0x08006cb1   Thumb Code   366  printfa.o(i._fp_digits)
    i._fp_digits                             0x08006cb0   Section        0  printfa.o(i._fp_digits)
    _printf_core                             0x08006e35   Thumb Code  1744  printfa.o(i._printf_core)
    i._printf_core                           0x08006e34   Section        0  printfa.o(i._printf_core)
    _printf_post_padding                     0x08007511   Thumb Code    36  printfa.o(i._printf_post_padding)
    i._printf_post_padding                   0x08007510   Section        0  printfa.o(i._printf_post_padding)
    _printf_pre_padding                      0x08007535   Thumb Code    46  printfa.o(i._printf_pre_padding)
    i._printf_pre_padding                    0x08007534   Section        0  printfa.o(i._printf_pre_padding)
    _sputc                                   0x08007563   Thumb Code    10  printfa.o(i._sputc)
    i._sputc                                 0x08007562   Section        0  printfa.o(i._sputc)
    .L__const.debug_protective_handler.pin_list 0x0800756c   Data         172  zf_common_debug.o(.rodata..L__const.debug_protective_handler.pin_list)
    .L.str.3                                 0x08007e30   Data          13  auto_menu.o(.rodata.str1.1)
    [Anonymous Symbol]                       0x08007e30   Section        0  auto_menu.o(.rodata.str1.1)
    .L.str.5                                 0x08007e33   Data          10  auto_menu.o(.rodata.str1.1)
    .L.str.4                                 0x08007e34   Data           9  auto_menu.o(.rodata.str1.1)
    .L.str                                   0x08007e3d   Data           6  auto_menu.o(.rodata.str1.1)
    .L.str.2                                 0x08007e41   Data           2  auto_menu.o(.rodata.str1.1)
    .L.str.14                                0x08007e43   Data          10  auto_menu.o(.rodata.str1.1)
    .L.str.17                                0x08007e4d   Data          10  auto_menu.o(.rodata.str1.1)
    .L.str.1                                 0x08007e57   Data           2  auto_menu.o(.rodata.str1.1)
    .L.str.7                                 0x08007e59   Data           6  auto_menu.o(.rodata.str1.1)
    .L.str.6                                 0x08007e5f   Data           6  auto_menu.o(.rodata.str1.1)
    .L.str.12                                0x08007e65   Data           7  auto_menu.o(.rodata.str1.1)
    .L.str.8                                 0x08007e6c   Data           5  auto_menu.o(.rodata.str1.1)
    .L.str.11                                0x08007e6f   Data           2  auto_menu.o(.rodata.str1.1)
    .L.str.13                                0x08007e71   Data           7  auto_menu.o(.rodata.str1.1)
    .L.str.10                                0x08007e78   Data           2  auto_menu.o(.rodata.str1.1)
    .L.str.9                                 0x08007e7a   Data           2  auto_menu.o(.rodata.str1.1)
    .L.str.16                                0x08007e7c   Data          11  auto_menu.o(.rodata.str1.1)
    .L.str.15                                0x08007e87   Data          10  auto_menu.o(.rodata.str1.1)
    .L.str.6                                 0x08007e91   Data          21  zf_common_debug.o(.rodata.str1.1)
    [Anonymous Symbol]                       0x08007e91   Section        0  zf_common_debug.o(.rodata.str1.1)
    .L.str.1                                 0x08007e9e   Data          12  zf_common_debug.o(.rodata.str1.1)
    .L.str.5                                 0x08007ea6   Data          25  zf_common_debug.o(.rodata.str1.1)
    .L.str.4                                 0x08007ebf   Data           9  zf_common_debug.o(.rodata.str1.1)
    .L.str                                   0x08007ed4   Data          13  zf_common_debug.o(.rodata.str1.1)
    .L.str.2                                 0x08007ee1   Data           9  zf_common_debug.o(.rodata.str1.1)
    .L.str.3                                 0x08007eea   Data          13  zf_common_debug.o(.rodata.str1.1)
    .L.str                                   0x08007ef7   Data          43  zf_common_fifo.o(.rodata.str1.1)
    [Anonymous Symbol]                       0x08007ef7   Section        0  zf_common_fifo.o(.rodata.str1.1)
    .L.str                                   0x08007f22   Data          47  zf_common_function.o(.rodata.str1.1)
    [Anonymous Symbol]                       0x08007f22   Section        0  zf_common_function.o(.rodata.str1.1)
    .L.str                                   0x08007f51   Data          44  zf_driver_delay.o(.rodata.str1.1)
    [Anonymous Symbol]                       0x08007f51   Section        0  zf_driver_delay.o(.rodata.str1.1)
    .L.str                                   0x08007f7d   Data          47  zf_driver_soft_iic.o(.rodata.str1.1)
    [Anonymous Symbol]                       0x08007f7d   Section        0  zf_driver_soft_iic.o(.rodata.str1.1)
    .L.str                                   0x08007fac   Data          42  zf_driver_spi.o(.rodata.str1.1)
    [Anonymous Symbol]                       0x08007fac   Section        0  zf_driver_spi.o(.rodata.str1.1)
    .L.str                                   0x08007fd6   Data          43  zf_driver_uart.o(.rodata.str1.1)
    [Anonymous Symbol]                       0x08007fd6   Section        0  zf_driver_uart.o(.rodata.str1.1)
    .L.str.1                                 0x08008001   Data           4  zf_device_gps_tau1201.o(.rodata.str1.1)
    [Anonymous Symbol]                       0x08008001   Section        0  zf_device_gps_tau1201.o(.rodata.str1.1)
    .L.str                                   0x08008005   Data           4  zf_device_gps_tau1201.o(.rodata.str1.1)
    .L.str                                   0x08008009   Data          45  zf_device_ips200.o(.rodata.str1.1)
    [Anonymous Symbol]                       0x08008009   Section        0  zf_device_ips200.o(.rodata.str1.1)
    _rand_state                              0x20000000   Data           4  rand.o(.data)
    .data                                    0x20000000   Section        4  rand.o(.data)
    .data                                    0x20000004   Section        4  mvars.o(.data)
    .data                                    0x20000008   Section        4  mvars.o(.data)
    IPS200_BGCOLOR                           0x2000000e   Data           2  auto_menu.o(.data.IPS200_BGCOLOR)
    [Anonymous Symbol]                       0x2000000e   Section        0  auto_menu.o(.data.IPS200_BGCOLOR)
    adc_index                                0x20000010   Data           8  zf_driver_adc.o(.data.adc_index)
    [Anonymous Symbol]                       0x20000010   Section        0  zf_driver_adc.o(.data.adc_index)
    dm1xa_distance_mm                        0x2000002e   Data           2  zf_device_dm1xa.o(.data.dm1xa_distance_mm)
    [Anonymous Symbol]                       0x2000002e   Section        0  zf_device_dm1xa.o(.data.dm1xa_distance_mm)
    encoder_dir_pin                          0x20000030   Data           8  zf_driver_encoder.o(.data.encoder_dir_pin)
    [Anonymous Symbol]                       0x20000030   Section        0  zf_driver_encoder.o(.data.encoder_dir_pin)
    ips200_bgcolor                           0x20000058   Data           2  zf_device_ips200.o(.data.ips200_bgcolor)
    [Anonymous Symbol]                       0x20000058   Section        0  zf_device_ips200.o(.data.ips200_bgcolor)
    ips200_display_font                      0x2000005a   Data           1  zf_device_ips200.o(.data.ips200_display_font)
    [Anonymous Symbol]                       0x2000005a   Section        0  zf_device_ips200.o(.data.ips200_display_font)
    ips200_pencolor                          0x2000005c   Data           2  zf_device_ips200.o(.data.ips200_pencolor)
    [Anonymous Symbol]                       0x2000005c   Section        0  zf_device_ips200.o(.data.ips200_pencolor)
    ips200_x_max                             0x2000005e   Data           2  zf_device_ips200.o(.data.ips200_x_max)
    [Anonymous Symbol]                       0x2000005e   Section        0  zf_device_ips200.o(.data.ips200_x_max)
    ips200_y_max                             0x20000060   Data           2  zf_device_ips200.o(.data.ips200_y_max)
    [Anonymous Symbol]                       0x20000060   Section        0  zf_device_ips200.o(.data.ips200_y_max)
    ips_bl_pin                               0x20000062   Data           1  zf_device_ips200.o(.data.ips_bl_pin)
    [Anonymous Symbol]                       0x20000062   Section        0  zf_device_ips200.o(.data.ips_bl_pin)
    ips_cs_pin                               0x20000063   Data           1  zf_device_ips200.o(.data.ips_cs_pin)
    [Anonymous Symbol]                       0x20000063   Section        0  zf_device_ips200.o(.data.ips_cs_pin)
    ips_rst_pin                              0x20000064   Data           1  zf_device_ips200.o(.data.ips_rst_pin)
    [Anonymous Symbol]                       0x20000064   Section        0  zf_device_ips200.o(.data.ips_rst_pin)
    spi_index                                0x20000068   Data           8  zf_driver_spi.o(.data.spi_index)
    [Anonymous Symbol]                       0x20000068   Section        0  zf_driver_spi.o(.data.spi_index)
    uart_index                               0x20000090   Data          32  zf_driver_uart.o(.data.uart_index)
    [Anonymous Symbol]                       0x20000090   Section        0  zf_driver_uart.o(.data.uart_index)
    zf_debug_assert_enable                   0x200000b4   Data           1  zf_common_debug.o(.data.zf_debug_assert_enable)
    [Anonymous Symbol]                       0x200000b4   Section        0  zf_common_debug.o(.data.zf_debug_assert_enable)
    P_dad_head                               0x200000b8   Data           4  auto_menu.o(.bss.P_dad_head)
    [Anonymous Symbol]                       0x200000b8   Section        0  auto_menu.o(.bss.P_dad_head)
    adc_resolution                           0x200000bc   Data           2  zf_driver_adc.o(.bss.adc_resolution)
    [Anonymous Symbol]                       0x200000bc   Section        0  zf_driver_adc.o(.bss.adc_resolution)
    button_entry.long_press_button           0x200000c2   Data           1  key.o(.bss.button_entry.long_press_button)
    [Anonymous Symbol]                       0x200000c2   Section        0  key.o(.bss.button_entry.long_press_button)
    button_entry.long_press_cnt              0x200000c3   Data           1  key.o(.bss.button_entry.long_press_cnt)
    [Anonymous Symbol]                       0x200000c3   Section        0  key.o(.bss.button_entry.long_press_cnt)
    change_value.last_index                  0x200000c4   Data           1  auto_menu.o(.bss.change_value.last_index)
    [Anonymous Symbol]                       0x200000c4   Section        0  auto_menu.o(.bss.change_value.last_index)
    debug_assert_handler.assert_nest_index   0x200000cc   Data           1  zf_common_debug.o(.bss.debug_assert_handler.assert_nest_index)
    [Anonymous Symbol]                       0x200000cc   Section        0  zf_common_debug.o(.bss.debug_assert_handler.assert_nest_index)
    debug_output_info                        0x200000d0   Data          20  zf_common_debug.o(.bss.debug_output_info)
    [Anonymous Symbol]                       0x200000d0   Section        0  zf_common_debug.o(.bss.debug_output_info)
    dl1a_iic_struct                          0x200000e8   Data          16  zf_device_dl1a.o(.bss.dl1a_iic_struct)
    [Anonymous Symbol]                       0x200000e8   Section        0  zf_device_dl1a.o(.bss.dl1a_iic_struct)
    dm1xa_plus_count                         0x200000f8   Data           4  zf_device_dm1xa.o(.bss.dm1xa_plus_count)
    [Anonymous Symbol]                       0x200000f8   Section        0  zf_device_dm1xa.o(.bss.dm1xa_plus_count)
    dm1xa_ranging_state                      0x200000fc   Data           1  zf_device_dm1xa.o(.bss.dm1xa_ranging_state)
    [Anonymous Symbol]                       0x200000fc   Section        0  zf_device_dm1xa.o(.bss.dm1xa_ranging_state)
    dm1xa_type                               0x200000fd   Data           1  zf_device_dm1xa.o(.bss.dm1xa_type)
    [Anonymous Symbol]                       0x200000fd   Section        0  zf_device_dm1xa.o(.bss.dm1xa_type)
    gps_gga_buffer                           0x20000109   Data         128  zf_device_gps_tau1201.o(.bss.gps_gga_buffer)
    [Anonymous Symbol]                       0x20000109   Section        0  zf_device_gps_tau1201.o(.bss.gps_gga_buffer)
    gps_rmc_buffer                           0x2000018a   Data         128  zf_device_gps_tau1201.o(.bss.gps_rmc_buffer)
    [Anonymous Symbol]                       0x2000018a   Section        0  zf_device_gps_tau1201.o(.bss.gps_rmc_buffer)
    gps_tau1201_receiver_fifo                0x2000020c   Data          24  zf_device_gps_tau1201.o(.bss.gps_tau1201_receiver_fifo)
    [Anonymous Symbol]                       0x2000020c   Section        0  zf_device_gps_tau1201.o(.bss.gps_tau1201_receiver_fifo)
    gps_tau1201_state                        0x20000224   Data           1  zf_device_gps_tau1201.o(.bss.gps_tau1201_state)
    [Anonymous Symbol]                       0x20000224   Section        0  zf_device_gps_tau1201.o(.bss.gps_tau1201_state)
    interrupt_nest_count                     0x20000228   Data           4  zf_common_interrupt.o(.bss.interrupt_nest_count)
    [Anonymous Symbol]                       0x20000228   Section        0  zf_common_interrupt.o(.bss.interrupt_nest_count)
    ips200_display_dir                       0x2000022c   Data           1  zf_device_ips200.o(.bss.ips200_display_dir)
    [Anonymous Symbol]                       0x2000022c   Section        0  zf_device_ips200.o(.bss.ips200_display_dir)
    ips200_display_type                      0x2000022d   Data           1  zf_device_ips200.o(.bss.ips200_display_type)
    [Anonymous Symbol]                       0x2000022d   Section        0  zf_device_ips200.o(.bss.ips200_display_type)
    p_unit                                   0x20001760   Data           4  auto_menu.o(.bss.p_unit)
    [Anonymous Symbol]                       0x20001760   Section        0  auto_menu.o(.bss.p_unit)
    p_unit_last                              0x20001764   Data           4  auto_menu.o(.bss.p_unit_last)
    [Anonymous Symbol]                       0x20001764   Section        0  auto_menu.o(.bss.p_unit_last)
    static_cnt                               0x20001768   Data           4  auto_menu.o(.bss.static_cnt)
    [Anonymous Symbol]                       0x20001768   Section        0  auto_menu.o(.bss.static_cnt)
    timer_mode_state                         0x2000176c   Data           8  zf_driver_timer.o(.bss.timer_mode_state)
    [Anonymous Symbol]                       0x2000176c   Section        0  zf_driver_timer.o(.bss.timer_mode_state)
    tsl1401_init_state                       0x20001975   Data           1  zf_device_tsl1401.o(.bss.tsl1401_init_state)
    [Anonymous Symbol]                       0x20001975   Section        0  zf_device_tsl1401.o(.bss.tsl1401_init_state)
    unit_param_set.dad                       0x20001978   Data           4  auto_menu.o(.bss.unit_param_set.dad)
    [Anonymous Symbol]                       0x20001978   Section        0  auto_menu.o(.bss.unit_param_set.dad)
    unit_param_set.p_middle                  0x2000197c   Data           4  auto_menu.o(.bss.unit_param_set.p_middle)
    [Anonymous Symbol]                       0x2000197c   Section        0  auto_menu.o(.bss.unit_param_set.p_middle)
    zf_debug_init_flag                       0x20001980   Data           1  zf_common_debug.o(.bss.zf_debug_init_flag)
    [Anonymous Symbol]                       0x20001980   Section        0  zf_common_debug.o(.bss.zf_debug_init_flag)

    Global Symbols

    Symbol Name                              Value     Ov Type        Size  Object(Section)

    BuildAttributes$$THM_ISAv4$P$D$K$B$S$PE$A:L22UL41UL21$X:L11$S22US41US21$IEEE1$IW$~IW$USESV6$~STKCKD$USESV7$~SHL$OTIME$ROPI$IEEEX$EBA8$MICROLIB$REQ8$PRES8$EABIv2 0x00000000   Number         0  anon$$obj.o ABSOLUTE
    __cpp_initialize__aeabi_                  - Undefined Weak Reference
    __cxa_finalize                            - Undefined Weak Reference
    __decompress                              - Undefined Weak Reference
    _clock_init                               - Undefined Weak Reference
    _microlib_exit                            - Undefined Weak Reference
    __Vectors_Size                           0x00000190   Number         0  startup_mm32f3277g.o ABSOLUTE
    __Vectors                                0x08000000   Data           4  startup_mm32f3277g.o(RESET)
    __Vectors_End                            0x08000190   Data           0  startup_mm32f3277g.o(RESET)
    __main                                   0x08000401   Thumb Code     0  entry.o(.ARM.Collect$$$$00000000)
    _main_stk                                0x08000401   Thumb Code     0  entry4.o(.ARM.Collect$$$$00000003)
    _main_scatterload                        0x08000405   Thumb Code     0  entry5.o(.ARM.Collect$$$$00000004)
    __main_after_scatterload                 0x08000409   Thumb Code     0  entry5.o(.ARM.Collect$$$$00000004)
    _main_clock                              0x08000409   Thumb Code     0  entry7b.o(.ARM.Collect$$$$00000008)
    _main_cpp_init                           0x08000409   Thumb Code     0  entry8b.o(.ARM.Collect$$$$0000000A)
    _main_init                               0x08000409   Thumb Code     0  entry9a.o(.ARM.Collect$$$$0000000B)
    __rt_final_cpp                           0x08000411   Thumb Code     0  entry10a.o(.ARM.Collect$$$$0000000D)
    __rt_final_exit                          0x08000411   Thumb Code     0  entry11a.o(.ARM.Collect$$$$0000000F)
    Reset_Handler                            0x08000415   Thumb Code     8  startup_mm32f3277g.o(.text)
    NMI_Handler                              0x0800041d   Thumb Code     2  startup_mm32f3277g.o(.text)
    HardFault_Handler                        0x0800041f   Thumb Code     2  startup_mm32f3277g.o(.text)
    MemManage_Handler                        0x08000421   Thumb Code     2  startup_mm32f3277g.o(.text)
    BusFault_Handler                         0x08000423   Thumb Code     2  startup_mm32f3277g.o(.text)
    UsageFault_Handler                       0x08000425   Thumb Code     2  startup_mm32f3277g.o(.text)
    SVC_Handler                              0x08000427   Thumb Code     2  startup_mm32f3277g.o(.text)
    DebugMon_Handler                         0x08000429   Thumb Code     2  startup_mm32f3277g.o(.text)
    PendSV_Handler                           0x0800042b   Thumb Code     2  startup_mm32f3277g.o(.text)
    SysTick_Handler                          0x0800042d   Thumb Code     2  startup_mm32f3277g.o(.text)
    ADC1_2_IRQHandler                        0x0800042f   Thumb Code     0  startup_mm32f3277g.o(.text)
    ADC3_IRQHandler                          0x0800042f   Thumb Code     0  startup_mm32f3277g.o(.text)
    CAN1_RX_IRQHandler                       0x0800042f   Thumb Code     0  startup_mm32f3277g.o(.text)
    COMP1_2_IRQHandler                       0x0800042f   Thumb Code     0  startup_mm32f3277g.o(.text)
    ETH_IRQHandler                           0x0800042f   Thumb Code     0  startup_mm32f3277g.o(.text)
    FLASH_IRQHandler                         0x0800042f   Thumb Code     0  startup_mm32f3277g.o(.text)
    FlashCache_IRQHandler                    0x0800042f   Thumb Code     0  startup_mm32f3277g.o(.text)
    I2C1_IRQHandler                          0x0800042f   Thumb Code     0  startup_mm32f3277g.o(.text)
    I2C2_IRQHandler                          0x0800042f   Thumb Code     0  startup_mm32f3277g.o(.text)
    OTG_FS_IRQHandler                        0x0800042f   Thumb Code     0  startup_mm32f3277g.o(.text)
    OTG_FS_WKUP_IRQHandler                   0x0800042f   Thumb Code     0  startup_mm32f3277g.o(.text)
    PVD_IRQHandler                           0x0800042f   Thumb Code     0  startup_mm32f3277g.o(.text)
    RCC_CRS_IRQHandler                       0x0800042f   Thumb Code     0  startup_mm32f3277g.o(.text)
    RTCAlarm_IRQHandler                      0x0800042f   Thumb Code     0  startup_mm32f3277g.o(.text)
    RTC_IRQHandler                           0x0800042f   Thumb Code     0  startup_mm32f3277g.o(.text)
    SDIO_IRQHandler                          0x0800042f   Thumb Code     0  startup_mm32f3277g.o(.text)
    SPI1_IRQHandler                          0x0800042f   Thumb Code     0  startup_mm32f3277g.o(.text)
    SPI2_IRQHandler                          0x0800042f   Thumb Code     0  startup_mm32f3277g.o(.text)
    SPI3_IRQHandler                          0x0800042f   Thumb Code     0  startup_mm32f3277g.o(.text)
    TAMPER_IRQHandler                        0x0800042f   Thumb Code     0  startup_mm32f3277g.o(.text)
    TIM1_BRK_IRQHandler                      0x0800042f   Thumb Code     0  startup_mm32f3277g.o(.text)
    TIM1_CC_IRQHandler                       0x0800042f   Thumb Code     0  startup_mm32f3277g.o(.text)
    TIM1_TRG_COM_IRQHandler                  0x0800042f   Thumb Code     0  startup_mm32f3277g.o(.text)
    TIM8_BRK_IRQHandler                      0x0800042f   Thumb Code     0  startup_mm32f3277g.o(.text)
    TIM8_CC_IRQHandler                       0x0800042f   Thumb Code     0  startup_mm32f3277g.o(.text)
    TIM8_TRG_COM_IRQHandler                  0x0800042f   Thumb Code     0  startup_mm32f3277g.o(.text)
    WWDG_IRQHandler                          0x0800042f   Thumb Code     0  startup_mm32f3277g.o(.text)
    rand                                     0x08000439   Thumb Code    20  rand.o(.text)
    srand                                    0x0800044d   Thumb Code     6  rand.o(.text)
    __aeabi_memcpy                           0x0800045d   Thumb Code    36  memcpya.o(.text)
    __aeabi_memcpy4                          0x0800045d   Thumb Code     0  memcpya.o(.text)
    __aeabi_memcpy8                          0x0800045d   Thumb Code     0  memcpya.o(.text)
    __aeabi_memset                           0x08000481   Thumb Code    14  memseta.o(.text)
    __aeabi_memset4                          0x08000481   Thumb Code     0  memseta.o(.text)
    __aeabi_memset8                          0x08000481   Thumb Code     0  memseta.o(.text)
    __aeabi_memclr                           0x0800048f   Thumb Code     4  memseta.o(.text)
    __aeabi_memclr4                          0x0800048f   Thumb Code     0  memseta.o(.text)
    __aeabi_memclr8                          0x0800048f   Thumb Code     0  memseta.o(.text)
    _memset$wrapper                          0x08000493   Thumb Code    18  memseta.o(.text)
    strlen                                   0x080004a5   Thumb Code    14  strlen.o(.text)
    strcpy                                   0x080004b3   Thumb Code    18  strcpy.o(.text)
    strncmp                                  0x080004c5   Thumb Code    30  strncmp.o(.text)
    __aeabi_fadd                             0x080004e3   Thumb Code   164  fadd.o(.text)
    __aeabi_fsub                             0x08000587   Thumb Code     6  fadd.o(.text)
    __aeabi_frsub                            0x0800058d   Thumb Code     6  fadd.o(.text)
    __aeabi_fmul                             0x08000593   Thumb Code   100  fmul.o(.text)
    __aeabi_dadd                             0x080005f7   Thumb Code   322  dadd.o(.text)
    __aeabi_dsub                             0x08000739   Thumb Code     6  dadd.o(.text)
    __aeabi_drsub                            0x0800073f   Thumb Code     6  dadd.o(.text)
    __aeabi_dmul                             0x08000745   Thumb Code   228  dmul.o(.text)
    __aeabi_ddiv                             0x08000829   Thumb Code   222  ddiv.o(.text)
    __aeabi_fcmpge                           0x08000907   Thumb Code    28  fcmpge.o(.text)
    __aeabi_dcmpeq                           0x08000923   Thumb Code    56  dcmpeq.o(.text)
    __aeabi_i2f                              0x0800095b   Thumb Code    18  fflti.o(.text)
    __aeabi_ui2f                             0x0800096d   Thumb Code    10  ffltui.o(.text)
    __aeabi_f2iz                             0x08000977   Thumb Code    50  ffixi.o(.text)
    __aeabi_d2iz                             0x080009a9   Thumb Code    62  dfixi.o(.text)
    __aeabi_f2d                              0x080009e7   Thumb Code    38  f2d.o(.text)
    __aeabi_d2f                              0x08000a0d   Thumb Code    56  d2f.o(.text)
    __aeabi_uidiv                            0x08000a45   Thumb Code     0  uidiv.o(.text)
    __aeabi_uidivmod                         0x08000a45   Thumb Code    44  uidiv.o(.text)
    __aeabi_uldivmod                         0x08000a71   Thumb Code    98  uldiv.o(.text)
    __aeabi_llsl                             0x08000ad3   Thumb Code    30  llshl.o(.text)
    _ll_shift_l                              0x08000ad3   Thumb Code     0  llshl.o(.text)
    __aeabi_llsr                             0x08000af1   Thumb Code    32  llushr.o(.text)
    _ll_ushift_r                             0x08000af1   Thumb Code     0  llushr.o(.text)
    __aeabi_lasr                             0x08000b11   Thumb Code    36  llsshr.o(.text)
    _ll_sshift_r                             0x08000b11   Thumb Code     0  llsshr.o(.text)
    __I$use$fp                               0x08000b35   Thumb Code     0  iusefp.o(.text)
    _float_round                             0x08000b35   Thumb Code    18  fepilogue.o(.text)
    _float_epilogue                          0x08000b47   Thumb Code    92  fepilogue.o(.text)
    _double_round                            0x08000ba3   Thumb Code    30  depilogue.o(.text)
    _double_epilogue                         0x08000bc1   Thumb Code   156  depilogue.o(.text)
    __aeabi_d2ulz                            0x08000c5d   Thumb Code    48  dfixul.o(.text)
    __aeabi_cdrcmple                         0x08000c8d   Thumb Code    48  cdrcmple.o(.text)
    __scatterload                            0x08000cbd   Thumb Code    38  init.o(.text)
    __scatterload_rt2                        0x08000cbd   Thumb Code     0  init.o(.text)
    DMA1_Channel1_IRQHandler                 0x08000ced   Thumb Code    32  isr.o(.text.DMA1_Channel1_IRQHandler)
    DMA1_Channel2_IRQHandler                 0x08000d0d   Thumb Code    34  isr.o(.text.DMA1_Channel2_IRQHandler)
    DMA1_Channel3_IRQHandler                 0x08000d31   Thumb Code    34  isr.o(.text.DMA1_Channel3_IRQHandler)
    DMA1_Channel4_IRQHandler                 0x08000d55   Thumb Code    48  isr.o(.text.DMA1_Channel4_IRQHandler)
    DMA1_Channel5_IRQHandler                 0x08000d85   Thumb Code    34  isr.o(.text.DMA1_Channel5_IRQHandler)
    DMA1_Channel6_IRQHandler                 0x08000da9   Thumb Code    34  isr.o(.text.DMA1_Channel6_IRQHandler)
    DMA1_Channel7_IRQHandler                 0x08000dcd   Thumb Code    34  isr.o(.text.DMA1_Channel7_IRQHandler)
    DMA2_Channel1_IRQHandler                 0x08000df1   Thumb Code    36  isr.o(.text.DMA2_Channel1_IRQHandler)
    DMA2_Channel2_IRQHandler                 0x08000e15   Thumb Code    38  isr.o(.text.DMA2_Channel2_IRQHandler)
    DMA2_Channel3_IRQHandler                 0x08000e3d   Thumb Code    38  isr.o(.text.DMA2_Channel3_IRQHandler)
    DMA2_Channel4_IRQHandler                 0x08000e65   Thumb Code    38  isr.o(.text.DMA2_Channel4_IRQHandler)
    DMA2_Channel5_IRQHandler                 0x08000e8d   Thumb Code    38  isr.o(.text.DMA2_Channel5_IRQHandler)
    EXTI0_IRQHandler                         0x08000eb5   Thumb Code    18  isr.o(.text.EXTI0_IRQHandler)
    EXTI15_10_IRQHandler                     0x08000ec9   Thumb Code   228  isr.o(.text.EXTI15_10_IRQHandler)
    EXTI1_IRQHandler                         0x08000fad   Thumb Code    18  isr.o(.text.EXTI1_IRQHandler)
    EXTI2_IRQHandler                         0x08000fc1   Thumb Code    18  isr.o(.text.EXTI2_IRQHandler)
    EXTI3_IRQHandler                         0x08000fd5   Thumb Code    18  isr.o(.text.EXTI3_IRQHandler)
    EXTI4_IRQHandler                         0x08000fe9   Thumb Code    24  isr.o(.text.EXTI4_IRQHandler)
    EXTI9_5_IRQHandler                       0x08001001   Thumb Code   196  isr.o(.text.EXTI9_5_IRQHandler)
    FUN_INIT                                 0x080010c5   Thumb Code    84  auto_menu.o(.text.FUN_INIT)
    NULL_FUN                                 0x08001119   Thumb Code     2  auto_menu.o(.text.NULL_FUN)
    SystemInit                               0x0800111d   Thumb Code    16  system_mm32f3277g.o(.text.SystemInit)
    TIM1_UP_IRQHandler                       0x0800112d   Thumb Code    18  isr.o(.text.TIM1_UP_IRQHandler)
    TIM2_IRQHandler                          0x08001141   Thumb Code   304  isr.o(.text.TIM2_IRQHandler)
    TIM3_IRQHandler                          0x08001271   Thumb Code    18  isr.o(.text.TIM3_IRQHandler)
    TIM4_IRQHandler                          0x08001285   Thumb Code    18  isr.o(.text.TIM4_IRQHandler)
    TIM5_IRQHandler                          0x08001299   Thumb Code    76  isr.o(.text.TIM5_IRQHandler)
    TIM6_IRQHandler                          0x080012e5   Thumb Code    18  isr.o(.text.TIM6_IRQHandler)
    TIM7_IRQHandler                          0x080012f9   Thumb Code    18  isr.o(.text.TIM7_IRQHandler)
    TIM8_UP_IRQHandler                       0x0800130d   Thumb Code    24  isr.o(.text.TIM8_UP_IRQHandler)
    UART1_IRQHandler                         0x08001325   Thumb Code    72  isr.o(.text.UART1_IRQHandler)
    UART2_IRQHandler                         0x0800136d   Thumb Code    78  isr.o(.text.UART2_IRQHandler)
    UART3_IRQHandler                         0x080013bd   Thumb Code    72  isr.o(.text.UART3_IRQHandler)
    UART4_IRQHandler                         0x08001405   Thumb Code    72  isr.o(.text.UART4_IRQHandler)
    UART5_IRQHandler                         0x0800144d   Thumb Code    72  isr.o(.text.UART5_IRQHandler)
    UART6_IRQHandler                         0x08001495   Thumb Code    86  isr.o(.text.UART6_IRQHandler)
    UART7_IRQHandler                         0x080014ed   Thumb Code    72  isr.o(.text.UART7_IRQHandler)
    UART8_IRQHandler                         0x08001535   Thumb Code    86  isr.o(.text.UART8_IRQHandler)
    UNIT_SET                                 0x0800158d   Thumb Code   228  auto_menu.o(.text.UNIT_SET)
    adc_convert                              0x080016ad   Thumb Code   150  zf_driver_adc.o(.text.adc_convert)
    afio_init                                0x08001745   Thumb Code   384  zf_driver_gpio.o(.text.afio_init)
    assist_menu                              0x080018c5   Thumb Code   514  auto_menu.o(.text.assist_menu)
    button_entry                             0x08001ac9   Thumb Code   806  key.o(.text.button_entry)
    center_menu                              0x08001df1   Thumb Code   610  auto_menu.o(.text.center_menu)
    change_value                             0x08002055   Thumb Code   864  auto_menu.o(.text.change_value)
    clock_init                               0x080023b5   Thumb Code    36  zf_common_clock.o(.text.clock_init)
    dad_link                                 0x080026d1   Thumb Code    46  auto_menu.o(.text.dad_link)
    dad_name_init                            0x08002701   Thumb Code   242  auto_menu.o(.text.dad_name_init)
    day_night                                0x080027f5   Thumb Code   156  auto_menu.o(.text.day_night)
    debug_assert_handler                     0x08002891   Thumb Code   108  zf_common_debug.o(.text.debug_assert_handler)
    debug_init                               0x0800293d   Thumb Code    50  zf_common_debug.o(.text.debug_init)
    debug_output_init                        0x08002d21   Thumb Code    76  zf_common_debug.o(.text.debug_output_init)
    debug_output_struct_init                 0x08002d6d   Thumb Code    48  zf_common_debug.o(.text.debug_output_struct_init)
    dl1a_get_distance                        0x08002ea5   Thumb Code   158  zf_device_dl1a.o(.text.dl1a_get_distance)
    dl1a_int_handler                         0x08002f45   Thumb Code     8  zf_device_dl1a.o(.text.dl1a_int_handler)
    dm1xa_light_callback                     0x08002f4d   Thumb Code    58  zf_device_dm1xa.o(.text.dm1xa_light_callback)
    dm1xa_sound_callback                     0x08002f89   Thumb Code   256  zf_device_dm1xa.o(.text.dm1xa_sound_callback)
    encoder_clear_count                      0x08003089   Thumb Code   144  zf_driver_encoder.o(.text.encoder_clear_count)
    encoder_get_count                        0x08003119   Thumb Code   222  zf_driver_encoder.o(.text.encoder_get_count)
    fifo_clear                               0x080031f9   Thumb Code   168  zf_common_fifo.o(.text.fifo_clear)
    fifo_read_buffer                         0x08003301   Thumb Code   496  zf_common_fifo.o(.text.fifo_read_buffer)
    fifo_used                                0x080034f1   Thumb Code    40  zf_common_fifo.o(.text.fifo_used)
    fifo_write_buffer                        0x08003519   Thumb Code   506  zf_common_fifo.o(.text.fifo_write_buffer)
    fun_init                                 0x08003715   Thumb Code   342  auto_menu.o(.text.fun_init)
    fun_menu                                 0x0800386d   Thumb Code    90  auto_menu.o(.text.fun_menu)
    func_float_to_str                        0x080038c9   Thumb Code   588  zf_common_function.o(.text.func_float_to_str)
    func_get_greatest_common_divisor         0x08003b15   Thumb Code    66  zf_common_function.o(.text.func_get_greatest_common_divisor)
    func_int_to_str                          0x08003b59   Thumb Code   242  zf_common_function.o(.text.func_int_to_str)
    func_uint_to_str                         0x08003c4d   Thumb Code   168  zf_common_function.o(.text.func_uint_to_str)
    gpio_get_level                           0x08003cf5   Thumb Code    46  zf_driver_gpio.o(.text.gpio_get_level)
    gpio_init                                0x08003d25   Thumb Code   488  zf_driver_gpio.o(.text.gpio_init)
    gpio_set_level                           0x08003f0d   Thumb Code    98  zf_driver_gpio.o(.text.gpio_set_level)
    gps_uart_callback                        0x08003f71   Thumb Code   314  zf_device_gps_tau1201.o(.text.gps_uart_callback)
    index_xy_init                            0x080040ad   Thumb Code   290  auto_menu.o(.text.index_xy_init)
    interrupt_global_disable                 0x080041d1   Thumb Code    36  zf_common_interrupt.o(.text.interrupt_global_disable)
    interrupt_init                           0x080041f5   Thumb Code    10  zf_common_interrupt.o(.text.interrupt_init)
    ips200_clear                             0x08004201   Thumb Code   270  zf_device_ips200.o(.text.ips200_clear)
    ips200_init                              0x0800439d   Thumb Code  1138  zf_device_ips200.o(.text.ips200_init)
    ips200_set_color                         0x08004811   Thumb Code    42  zf_device_ips200.o(.text.ips200_set_color)
    ips200_set_dir                           0x0800483d   Thumb Code   102  zf_device_ips200.o(.text.ips200_set_dir)
    ips200_show_char                         0x08004969   Thumb Code   734  zf_device_ips200.o(.text.ips200_show_char)
    ips200_show_float                        0x08004c49   Thumb Code   350  zf_device_ips200.o(.text.ips200_show_float)
    ips200_show_int                          0x08004da9   Thumb Code   256  zf_device_ips200.o(.text.ips200_show_int)
    ips200_show_string                       0x08004ea9   Thumb Code   220  zf_device_ips200.o(.text.ips200_show_string)
    ips200_show_uint                         0x08004f85   Thumb Code   254  zf_device_ips200.o(.text.ips200_show_uint)
    is_first_in_page                         0x080052f9   Thumb Code    96  auto_menu.o(.text.is_first_in_page)
    is_menu_clear                            0x08005359   Thumb Code    96  auto_menu.o(.text.is_menu_clear)
    key_into                                 0x080053b9   Thumb Code    60  key.o(.text.key_into)
    main                                     0x080053f5   Thumb Code    44  main.o(.text.main)
    menu_init                                0x08005421   Thumb Code    30  auto_menu.o(.text.menu_init)
    rand_color                               0x08005441   Thumb Code    78  auto_menu.o(.text.rand_color)
    show_menu                                0x08005491   Thumb Code    36  auto_menu.o(.text.show_menu)
    show_process                             0x080054b5   Thumb Code   210  auto_menu.o(.text.show_process)
    soft_iic_read_8bit_registers             0x08005589   Thumb Code   152  zf_driver_soft_iic.o(.text.soft_iic_read_8bit_registers)
    soft_iic_write_8bit_register             0x08005c79   Thumb Code    86  zf_driver_soft_iic.o(.text.soft_iic_write_8bit_register)
    son_link                                 0x08005cd1   Thumb Code    44  auto_menu.o(.text.son_link)
    spi_init                                 0x08005cfd   Thumb Code   870  zf_driver_spi.o(.text.spi_init)
    spi_write_16bit                          0x08006065   Thumb Code   184  zf_driver_spi.o(.text.spi_write_16bit)
    spi_write_8bit                           0x0800611d   Thumb Code   134  zf_driver_spi.o(.text.spi_write_8bit)
    system_delay_ms                          0x080061a5   Thumb Code   154  zf_driver_delay.o(.text.system_delay_ms)
    timer_clear                              0x08006241   Thumb Code   178  zf_driver_timer.o(.text.timer_clear)
    timer_get                                0x080062f5   Thumb Code   182  zf_driver_timer.o(.text.timer_get)
    tsl1401_collect_pit_handler              0x080063ad   Thumb Code   224  zf_device_tsl1401.o(.text.tsl1401_collect_pit_handler)
    uart_init                                0x08006491   Thumb Code   652  zf_driver_uart.o(.text.uart_init)
    uart_query_byte                          0x0800671d   Thumb Code   102  zf_driver_uart.o(.text.uart_query_byte)
    uart_write_byte                          0x08006785   Thumb Code    64  zf_driver_uart.o(.text.uart_write_byte)
    uart_write_string                        0x080067c5   Thumb Code    64  zf_driver_uart.o(.text.uart_write_string)
    unit_default                             0x08006805   Thumb Code    50  auto_menu.o(.text.unit_default)
    unit_index_init                          0x08006839   Thumb Code    36  auto_menu.o(.text.unit_index_init)
    unit_param_set                           0x0800685d   Thumb Code   848  auto_menu.o(.text.unit_param_set)
    __0sprintf                               0x08006bad   Thumb Code    34  printfa.o(i.__0sprintf)
    __1sprintf                               0x08006bad   Thumb Code     0  printfa.o(i.__0sprintf)
    __2sprintf                               0x08006bad   Thumb Code     0  printfa.o(i.__0sprintf)
    __c89sprintf                             0x08006bad   Thumb Code     0  printfa.o(i.__0sprintf)
    sprintf                                  0x08006bad   Thumb Code     0  printfa.o(i.__0sprintf)
    free                                     0x08006bd5   Thumb Code    76  malloc2.o(i.__free$2region)
    malloc                                   0x08006c25   Thumb Code    92  malloc2.o(i.__malloc$2region)
    __scatterload_copy                       0x08006c91   Thumb Code    14  handlers.o(i.__scatterload_copy)
    __scatterload_null                       0x08006c9f   Thumb Code     2  handlers.o(i.__scatterload_null)
    __scatterload_zeroinit                   0x08006ca1   Thumb Code    14  handlers.o(i.__scatterload_zeroinit)
    ascii_font_6x8                           0x08007618   Data         552  zf_common_font.o(.rodata.ascii_font_6x8)
    ascii_font_8x16                          0x08007840   Data        1520  zf_common_font.o(.rodata.ascii_font_8x16)
    Region$$Table$$Base                      0x08008038   Number         0  anon$$obj.o(Region$$Table)
    Region$$Table$$Limit                     0x08008058   Number         0  anon$$obj.o(Region$$Table)
    __microlib_freelist                      0x20000004   Data           4  mvars.o(.data)
    __microlib_freelist_initialised          0x20000008   Data           4  mvars.o(.data)
    DAD_NUM                                  0x2000000c   Data           1  auto_menu.o(.data.DAD_NUM)
    begin_menu_flag                          0x20000018   Data           1  auto_menu.o(.data.begin_menu_flag)
    camera_dma_handler                       0x2000001c   Data           4  zf_device_type.o(.data.camera_dma_handler)
    camera_uart_handler                      0x20000020   Data           4  zf_device_type.o(.data.camera_uart_handler)
    camera_vsync_handler                     0x20000024   Data           4  zf_device_type.o(.data.camera_vsync_handler)
    count_time                               0x20000028   Data           4  main.o(.data.count_time)
    dl1a_distance_mm                         0x2000002c   Data           2  zf_device_dl1a.o(.data.dl1a_distance_mm)
    gpio_group                               0x20000038   Data          32  zf_driver_gpio.o(.data.gpio_group)
    system_clock                             0x20000070   Data           4  zf_common_clock.o(.data.system_clock)
    test_a                                   0x20000074   Data           4  auto_menu.o(.data.test_a)
    test_b                                   0x20000078   Data           4  auto_menu.o(.data.test_b)
    test_c                                   0x20000080   Data           8  auto_menu.o(.data.test_c)
    test_d                                   0x20000088   Data           2  auto_menu.o(.data.test_d)
    test_e                                   0x2000008c   Data           4  auto_menu.o(.data.test_e)
    wireless_module_uart_handler             0x200000b0   Data           4  zf_device_type.o(.data.wireless_module_uart_handler)
    button1                                  0x200000be   Data           1  auto_menu.o(.bss.button1)
    button2                                  0x200000bf   Data           1  auto_menu.o(.bss.button2)
    button3                                  0x200000c0   Data           1  auto_menu.o(.bss.button3)
    button4                                  0x200000c1   Data           1  auto_menu.o(.bss.button4)
    current_operation_menu                   0x200000c8   Data           4  auto_menu.o(.bss.current_operation_menu)
    dl1a_finsh_flag                          0x200000e4   Data           1  zf_device_dl1a.o(.bss.dl1a_finsh_flag)
    encoder1                                 0x20000100   Data           4  main.o(.bss.encoder1)
    encoder2                                 0x20000104   Data           4  main.o(.bss.encoder2)
    first_in_page_flag                       0x20000108   Data           1  auto_menu.o(.bss.first_in_page_flag)
    gps_gga_state                            0x20000189   Data           1  zf_device_gps_tau1201.o(.bss.gps_gga_state)
    gps_rmc_state                            0x2000020a   Data           1  zf_device_gps_tau1201.o(.bss.gps_rmc_state)
    gps_tau1201_flag                         0x2000020b   Data           1  zf_device_gps_tau1201.o(.bss.gps_tau1201_flag)
    is_clear_flag                            0x2000022e   Data           1  auto_menu.o(.bss.is_clear_flag)
    key1_count                               0x2000022f   Data           1  key.o(.bss.key1_count)
    key1_flag                                0x20000230   Data           1  key.o(.bss.key1_flag)
    key1_state                               0x20000231   Data           1  key.o(.bss.key1_state)
    key1_state_last                          0x20000232   Data           1  key.o(.bss.key1_state_last)
    key2_count                               0x20000233   Data           1  key.o(.bss.key2_count)
    key2_flag                                0x20000234   Data           1  key.o(.bss.key2_flag)
    key2_state                               0x20000235   Data           1  key.o(.bss.key2_state)
    key2_state_last                          0x20000236   Data           1  key.o(.bss.key2_state_last)
    key3_count                               0x20000237   Data           1  key.o(.bss.key3_count)
    key3_flag                                0x20000238   Data           1  key.o(.bss.key3_flag)
    key3_state                               0x20000239   Data           1  key.o(.bss.key3_state)
    key3_state_last                          0x2000023a   Data           1  key.o(.bss.key3_state_last)
    key4_count                               0x2000023b   Data           1  key.o(.bss.key4_count)
    key4_flag                                0x2000023c   Data           1  key.o(.bss.key4_flag)
    key4_state                               0x2000023d   Data           1  key.o(.bss.key4_state)
    key4_state_last                          0x2000023e   Data           1  key.o(.bss.key4_state_last)
    my_index                                 0x2000023f   Data         200  auto_menu.o(.bss.my_index)
    my_menu_unit                             0x20000308   Data        4000  auto_menu.o(.bss.my_menu_unit)
    my_param_set                             0x200012a8   Data        1200  auto_menu.o(.bss.my_param_set)
    p_index_xy_dad                           0x20001758   Data           4  auto_menu.o(.bss.p_index_xy_dad)
    p_index_xy_son                           0x2000175c   Data           4  auto_menu.o(.bss.p_index_xy_son)
    tsl1401_data                             0x20001774   Data         512  zf_device_tsl1401.o(.bss.tsl1401_data)
    tsl1401_finish_flag                      0x20001974   Data           1  zf_device_tsl1401.o(.bss.tsl1401_finish_flag)
    Image$$ARM_LIB_HEAP$$ZI$$Base            0x20001984   Number         0  anon$$obj.o ABSOLUTE
    Image$$ARM_LIB_HEAP$$ZI$$Limit           0x20001d84   Number         0  anon$$obj.o ABSOLUTE
    Image$$ARM_LIB_STACK$$ZI$$Limit          0x20020000   Number         0  anon$$obj.o ABSOLUTE



==============================================================================

Memory Map of the image

  Image Entry point : 0x08000401

  Load Region LR_m_text (Base: 0x08000000, Size: 0x00008110, Max: 0x00080000, ABSOLUTE)

    Execution Region VECTOR_ROM (Exec base: 0x08000000, Load base: 0x08000000, Size: 0x00000190, Max: 0x00000400, ABSOLUTE)

    Exec Addr    Load Addr    Size         Type   Attr      Idx    E Section Name        Object

    0x08000000   0x08000000   0x00000190   Data   RO         1634    RESET               startup_mm32f3277g.o


    Execution Region ER_m_text (Exec base: 0x08000400, Load base: 0x08000400, Size: 0x00007c58, Max: 0x0007fc00, ABSOLUTE, FIXED)

    Exec Addr    Load Addr    Size         Type   Attr      Idx    E Section Name        Object

    0x08000400   0x08000400   0x00000000   Code   RO         2614  * .ARM.Collect$$$$00000000  mc_w.l(entry.o)
    0x08000400   0x08000400   0x00000004   Code   RO         2773    .ARM.Collect$$$$00000003  mc_w.l(entry4.o)
    0x08000404   0x08000404   0x00000004   Code   RO         2776    .ARM.Collect$$$$00000004  mc_w.l(entry5.o)
    0x08000408   0x08000408   0x00000000   Code   RO         2778    .ARM.Collect$$$$00000008  mc_w.l(entry7b.o)
    0x08000408   0x08000408   0x00000000   Code   RO         2780    .ARM.Collect$$$$0000000A  mc_w.l(entry8b.o)
    0x08000408   0x08000408   0x00000008   Code   RO         2781    .ARM.Collect$$$$0000000B  mc_w.l(entry9a.o)
    0x08000410   0x08000410   0x00000000   Code   RO         2783    .ARM.Collect$$$$0000000D  mc_w.l(entry10a.o)
    0x08000410   0x08000410   0x00000000   Code   RO         2785    .ARM.Collect$$$$0000000F  mc_w.l(entry11a.o)
    0x08000410   0x08000410   0x00000004   Code   RO         2774    .ARM.Collect$$$$00002714  mc_w.l(entry4.o)
    0x08000414   0x08000414   0x00000024   Code   RO         1635    .text               startup_mm32f3277g.o
    0x08000438   0x08000438   0x00000024   Code   RO         2617    .text               mc_w.l(rand.o)
    0x0800045c   0x0800045c   0x00000024   Code   RO         2620    .text               mc_w.l(memcpya.o)
    0x08000480   0x08000480   0x00000024   Code   RO         2622    .text               mc_w.l(memseta.o)
    0x080004a4   0x080004a4   0x0000000e   Code   RO         2630    .text               mc_w.l(strlen.o)
    0x080004b2   0x080004b2   0x00000012   Code   RO         2634    .text               mc_w.l(strcpy.o)
    0x080004c4   0x080004c4   0x0000001e   Code   RO         2636    .text               mc_w.l(strncmp.o)
    0x080004e2   0x080004e2   0x000000b0   Code   RO         2698    .text               mf_w.l(fadd.o)
    0x08000592   0x08000592   0x00000064   Code   RO         2700    .text               mf_w.l(fmul.o)
    0x080005f6   0x080005f6   0x0000014e   Code   RO         2704    .text               mf_w.l(dadd.o)
    0x08000744   0x08000744   0x000000e4   Code   RO         2706    .text               mf_w.l(dmul.o)
    0x08000828   0x08000828   0x000000de   Code   RO         2708    .text               mf_w.l(ddiv.o)
    0x08000906   0x08000906   0x0000001c   Code   RO         2710    .text               mf_w.l(fcmpge.o)
    0x08000922   0x08000922   0x00000038   Code   RO         2718    .text               mf_w.l(dcmpeq.o)
    0x0800095a   0x0800095a   0x00000012   Code   RO         2720    .text               mf_w.l(fflti.o)
    0x0800096c   0x0800096c   0x0000000a   Code   RO         2722    .text               mf_w.l(ffltui.o)
    0x08000976   0x08000976   0x00000032   Code   RO         2728    .text               mf_w.l(ffixi.o)
    0x080009a8   0x080009a8   0x0000003e   Code   RO         2730    .text               mf_w.l(dfixi.o)
    0x080009e6   0x080009e6   0x00000026   Code   RO         2734    .text               mf_w.l(f2d.o)
    0x08000a0c   0x08000a0c   0x00000038   Code   RO         2736    .text               mf_w.l(d2f.o)
    0x08000a44   0x08000a44   0x0000002c   Code   RO         2797    .text               mc_w.l(uidiv.o)
    0x08000a70   0x08000a70   0x00000062   Code   RO         2799    .text               mc_w.l(uldiv.o)
    0x08000ad2   0x08000ad2   0x0000001e   Code   RO         2801    .text               mc_w.l(llshl.o)
    0x08000af0   0x08000af0   0x00000020   Code   RO         2803    .text               mc_w.l(llushr.o)
    0x08000b10   0x08000b10   0x00000024   Code   RO         2805    .text               mc_w.l(llsshr.o)
    0x08000b34   0x08000b34   0x00000000   Code   RO         2816    .text               mc_w.l(iusefp.o)
    0x08000b34   0x08000b34   0x0000006e   Code   RO         2817    .text               mf_w.l(fepilogue.o)
    0x08000ba2   0x08000ba2   0x000000ba   Code   RO         2819    .text               mf_w.l(depilogue.o)
    0x08000c5c   0x08000c5c   0x00000030   Code   RO         2825    .text               mf_w.l(dfixul.o)
    0x08000c8c   0x08000c8c   0x00000030   Code   RO         2829    .text               mf_w.l(cdrcmple.o)
    0x08000cbc   0x08000cbc   0x00000030   Code   RO         2831    .text               mc_w.l(init.o)
    0x08000cec   0x08000cec   0x00000020   Code   RO           62    .text.DMA1_Channel1_IRQHandler  isr.o
    0x08000d0c   0x08000d0c   0x00000022   Code   RO           64    .text.DMA1_Channel2_IRQHandler  isr.o
    0x08000d2e   0x08000d2e   0x00000002   PAD
    0x08000d30   0x08000d30   0x00000022   Code   RO           66    .text.DMA1_Channel3_IRQHandler  isr.o
    0x08000d52   0x08000d52   0x00000002   PAD
    0x08000d54   0x08000d54   0x00000030   Code   RO           68    .text.DMA1_Channel4_IRQHandler  isr.o
    0x08000d84   0x08000d84   0x00000022   Code   RO           70    .text.DMA1_Channel5_IRQHandler  isr.o
    0x08000da6   0x08000da6   0x00000002   PAD
    0x08000da8   0x08000da8   0x00000022   Code   RO           72    .text.DMA1_Channel6_IRQHandler  isr.o
    0x08000dca   0x08000dca   0x00000002   PAD
    0x08000dcc   0x08000dcc   0x00000022   Code   RO           74    .text.DMA1_Channel7_IRQHandler  isr.o
    0x08000dee   0x08000dee   0x00000002   PAD
    0x08000df0   0x08000df0   0x00000024   Code   RO           76    .text.DMA2_Channel1_IRQHandler  isr.o
    0x08000e14   0x08000e14   0x00000026   Code   RO           78    .text.DMA2_Channel2_IRQHandler  isr.o
    0x08000e3a   0x08000e3a   0x00000002   PAD
    0x08000e3c   0x08000e3c   0x00000026   Code   RO           80    .text.DMA2_Channel3_IRQHandler  isr.o
    0x08000e62   0x08000e62   0x00000002   PAD
    0x08000e64   0x08000e64   0x00000026   Code   RO           82    .text.DMA2_Channel4_IRQHandler  isr.o
    0x08000e8a   0x08000e8a   0x00000002   PAD
    0x08000e8c   0x08000e8c   0x00000026   Code   RO           84    .text.DMA2_Channel5_IRQHandler  isr.o
    0x08000eb2   0x08000eb2   0x00000002   PAD
    0x08000eb4   0x08000eb4   0x00000012   Code   RO           48    .text.EXTI0_IRQHandler  isr.o
    0x08000ec6   0x08000ec6   0x00000002   PAD
    0x08000ec8   0x08000ec8   0x000000e4   Code   RO           60    .text.EXTI15_10_IRQHandler  isr.o
    0x08000fac   0x08000fac   0x00000012   Code   RO           50    .text.EXTI1_IRQHandler  isr.o
    0x08000fbe   0x08000fbe   0x00000002   PAD
    0x08000fc0   0x08000fc0   0x00000012   Code   RO           52    .text.EXTI2_IRQHandler  isr.o
    0x08000fd2   0x08000fd2   0x00000002   PAD
    0x08000fd4   0x08000fd4   0x00000012   Code   RO           54    .text.EXTI3_IRQHandler  isr.o
    0x08000fe6   0x08000fe6   0x00000002   PAD
    0x08000fe8   0x08000fe8   0x00000018   Code   RO           56    .text.EXTI4_IRQHandler  isr.o
    0x08001000   0x08001000   0x000000c4   Code   RO           58    .text.EXTI9_5_IRQHandler  isr.o
    0x080010c4   0x080010c4   0x00000054   Code   RO          137    .text.FUN_INIT      auto_menu.o
    0x08001118   0x08001118   0x00000002   Code   RO          133    .text.NULL_FUN      auto_menu.o
    0x0800111a   0x0800111a   0x00000002   PAD
    0x0800111c   0x0800111c   0x00000010   Code   RO         1627    .text.SystemInit    system_mm32f3277g.o
    0x0800112c   0x0800112c   0x00000012   Code   RO           16    .text.TIM1_UP_IRQHandler  isr.o
    0x0800113e   0x0800113e   0x00000002   PAD
    0x08001140   0x08001140   0x00000130   Code   RO           18    .text.TIM2_IRQHandler  isr.o
    0x08001270   0x08001270   0x00000012   Code   RO           20    .text.TIM3_IRQHandler  isr.o
    0x08001282   0x08001282   0x00000002   PAD
    0x08001284   0x08001284   0x00000012   Code   RO           22    .text.TIM4_IRQHandler  isr.o
    0x08001296   0x08001296   0x00000002   PAD
    0x08001298   0x08001298   0x0000004c   Code   RO           24    .text.TIM5_IRQHandler  isr.o
    0x080012e4   0x080012e4   0x00000012   Code   RO           26    .text.TIM6_IRQHandler  isr.o
    0x080012f6   0x080012f6   0x00000002   PAD
    0x080012f8   0x080012f8   0x00000012   Code   RO           28    .text.TIM7_IRQHandler  isr.o
    0x0800130a   0x0800130a   0x00000002   PAD
    0x0800130c   0x0800130c   0x00000018   Code   RO           30    .text.TIM8_UP_IRQHandler  isr.o
    0x08001324   0x08001324   0x00000048   Code   RO           32    .text.UART1_IRQHandler  isr.o
    0x0800136c   0x0800136c   0x0000004e   Code   RO           34    .text.UART2_IRQHandler  isr.o
    0x080013ba   0x080013ba   0x00000002   PAD
    0x080013bc   0x080013bc   0x00000048   Code   RO           36    .text.UART3_IRQHandler  isr.o
    0x08001404   0x08001404   0x00000048   Code   RO           38    .text.UART4_IRQHandler  isr.o
    0x0800144c   0x0800144c   0x00000048   Code   RO           40    .text.UART5_IRQHandler  isr.o
    0x08001494   0x08001494   0x00000056   Code   RO           42    .text.UART6_IRQHandler  isr.o
    0x080014ea   0x080014ea   0x00000002   PAD
    0x080014ec   0x080014ec   0x00000048   Code   RO           44    .text.UART7_IRQHandler  isr.o
    0x08001534   0x08001534   0x00000056   Code   RO           46    .text.UART8_IRQHandler  isr.o
    0x0800158a   0x0800158a   0x00000002   PAD
    0x0800158c   0x0800158c   0x000000e4   Code   RO          135    .text.UNIT_SET      auto_menu.o
    0x08001670   0x08001670   0x0000003c   Code   RO          365    .text.__NVIC_SetPriorityGrouping  zf_common_interrupt.o
    0x080016ac   0x080016ac   0x00000096   Code   RO          375    .text.adc_convert   zf_driver_adc.o
    0x08001742   0x08001742   0x00000002   PAD
    0x08001744   0x08001744   0x00000180   Code   RO          482    .text.afio_init     zf_driver_gpio.o
    0x080018c4   0x080018c4   0x00000202   Code   RO          115    .text.assist_menu   auto_menu.o
    0x08001ac6   0x08001ac6   0x00000002   PAD
    0x08001ac8   0x08001ac8   0x00000326   Code   RO          182    .text.button_entry  key.o
    0x08001dee   0x08001dee   0x00000002   PAD
    0x08001df0   0x08001df0   0x00000262   Code   RO          113    .text.center_menu   auto_menu.o
    0x08002052   0x08002052   0x00000002   PAD
    0x08002054   0x08002054   0x00000360   Code   RO          117    .text.change_value  auto_menu.o
    0x080023b4   0x080023b4   0x00000024   Code   RO          211    .text.clock_init    zf_common_clock.o
    0x080023d8   0x080023d8   0x00000098   Code   RO          213    .text.clock_reset   zf_common_clock.o
    0x08002470   0x08002470   0x00000260   Code   RO          215    .text.clock_set_freq  zf_common_clock.o
    0x080026d0   0x080026d0   0x0000002e   Code   RO           97    .text.dad_link      auto_menu.o
    0x080026fe   0x080026fe   0x00000002   PAD
    0x08002700   0x08002700   0x000000f2   Code   RO           93    .text.dad_name_init  auto_menu.o
    0x080027f2   0x080027f2   0x00000002   PAD
    0x080027f4   0x080027f4   0x0000009c   Code   RO          129    .text.day_night     auto_menu.o
    0x08002890   0x08002890   0x0000006c   Code   RO          233    .text.debug_assert_handler  zf_common_debug.o
    0x080028fc   0x080028fc   0x00000040   Code   RO          239    .text.debug_delay   zf_common_debug.o
    0x0800293c   0x0800293c   0x00000032   Code   RO          247    .text.debug_init    zf_common_debug.o
    0x0800296e   0x0800296e   0x00000002   PAD
    0x08002970   0x08002970   0x000003ae   Code   RO          237    .text.debug_output  zf_common_debug.o
    0x08002d1e   0x08002d1e   0x00000002   PAD
    0x08002d20   0x08002d20   0x0000004c   Code   RO          245    .text.debug_output_init  zf_common_debug.o
    0x08002d6c   0x08002d6c   0x00000030   Code   RO          243    .text.debug_output_struct_init  zf_common_debug.o
    0x08002d9c   0x08002d9c   0x000000f2   Code   RO          235    .text.debug_protective_handler  zf_common_debug.o
    0x08002e8e   0x08002e8e   0x00000002   PAD
    0x08002e90   0x08002e90   0x00000012   Code   RO          249    .text.debug_uart_str_output  zf_common_debug.o
    0x08002ea2   0x08002ea2   0x00000002   PAD
    0x08002ea4   0x08002ea4   0x0000009e   Code   RO          879    .text.dl1a_get_distance  zf_device_dl1a.o
    0x08002f42   0x08002f42   0x00000002   PAD
    0x08002f44   0x08002f44   0x00000008   Code   RO          881    .text.dl1a_int_handler  zf_device_dl1a.o
    0x08002f4c   0x08002f4c   0x0000003a   Code   RO          922    .text.dm1xa_light_callback  zf_device_dm1xa.o
    0x08002f86   0x08002f86   0x00000002   PAD
    0x08002f88   0x08002f88   0x00000100   Code   RO          920    .text.dm1xa_sound_callback  zf_device_dm1xa.o
    0x08003088   0x08003088   0x00000090   Code   RO          421    .text.encoder_clear_count  zf_driver_encoder.o
    0x08003118   0x08003118   0x000000de   Code   RO          419    .text.encoder_get_count  zf_driver_encoder.o
    0x080031f6   0x080031f6   0x00000002   PAD
    0x080031f8   0x080031f8   0x000000a8   Code   RO          264    .text.fifo_clear    zf_common_fifo.o
    0x080032a0   0x080032a0   0x0000002e   Code   RO          276    .text.fifo_end_offset  zf_common_fifo.o
    0x080032ce   0x080032ce   0x00000002   PAD
    0x080032d0   0x080032d0   0x0000002e   Code   RO          270    .text.fifo_head_offset  zf_common_fifo.o
    0x080032fe   0x080032fe   0x00000002   PAD
    0x08003300   0x08003300   0x000001f0   Code   RO          278    .text.fifo_read_buffer  zf_common_fifo.o
    0x080034f0   0x080034f0   0x00000028   Code   RO          266    .text.fifo_used     zf_common_fifo.o
    0x08003518   0x08003518   0x000001fa   Code   RO          272    .text.fifo_write_buffer  zf_common_fifo.o
    0x08003712   0x08003712   0x00000002   PAD
    0x08003714   0x08003714   0x00000156   Code   RO          105    .text.fun_init      auto_menu.o
    0x0800386a   0x0800386a   0x00000002   PAD
    0x0800386c   0x0800386c   0x0000005a   Code   RO          123    .text.fun_menu      auto_menu.o
    0x080038c6   0x080038c6   0x00000002   PAD
    0x080038c8   0x080038c8   0x0000024c   Code   RO          322    .text.func_float_to_str  zf_common_function.o
    0x08003b14   0x08003b14   0x00000042   Code   RO          308    .text.func_get_greatest_common_divisor  zf_common_function.o
    0x08003b56   0x08003b56   0x00000002   PAD
    0x08003b58   0x08003b58   0x000000f2   Code   RO          314    .text.func_int_to_str  zf_common_function.o
    0x08003c4a   0x08003c4a   0x00000002   PAD
    0x08003c4c   0x08003c4c   0x000000a8   Code   RO          318    .text.func_uint_to_str  zf_common_function.o
    0x08003cf4   0x08003cf4   0x0000002e   Code   RO          474    .text.gpio_get_level  zf_driver_gpio.o
    0x08003d22   0x08003d22   0x00000002   PAD
    0x08003d24   0x08003d24   0x000001e8   Code   RO          480    .text.gpio_init     zf_driver_gpio.o
    0x08003f0c   0x08003f0c   0x00000062   Code   RO          472    .text.gpio_set_level  zf_driver_gpio.o
    0x08003f6e   0x08003f6e   0x00000002   PAD
    0x08003f70   0x08003f70   0x0000013a   Code   RO          951    .text.gps_uart_callback  zf_device_gps_tau1201.o
    0x080040aa   0x080040aa   0x00000002   PAD
    0x080040ac   0x080040ac   0x00000122   Code   RO          107    .text.index_xy_init  auto_menu.o
    0x080041ce   0x080041ce   0x00000002   PAD
    0x080041d0   0x080041d0   0x00000024   Code   RO          349    .text.interrupt_global_disable  zf_common_interrupt.o
    0x080041f4   0x080041f4   0x0000000a   Code   RO          363    .text.interrupt_init  zf_common_interrupt.o
    0x080041fe   0x080041fe   0x00000002   PAD
    0x08004200   0x08004200   0x0000010e   Code   RO         1153    .text.ips200_clear  zf_device_ips200.o
    0x0800430e   0x0800430e   0x00000002   PAD
    0x08004310   0x08004310   0x0000008a   Code   RO         1197    .text.ips200_debug_init  zf_device_ips200.o
    0x0800439a   0x0800439a   0x00000002   PAD
    0x0800439c   0x0800439c   0x00000472   Code   RO         1191    .text.ips200_init   zf_device_ips200.o
    0x0800480e   0x0800480e   0x00000002   PAD
    0x08004810   0x08004810   0x0000002a   Code   RO         1165    .text.ips200_set_color  zf_device_ips200.o
    0x0800483a   0x0800483a   0x00000002   PAD
    0x0800483c   0x0800483c   0x00000066   Code   RO         1161    .text.ips200_set_dir  zf_device_ips200.o
    0x080048a2   0x080048a2   0x00000002   PAD
    0x080048a4   0x080048a4   0x000000c4   Code   RO         1155    .text.ips200_set_region  zf_device_ips200.o
    0x08004968   0x08004968   0x000002de   Code   RO         1171    .text.ips200_show_char  zf_device_ips200.o
    0x08004c46   0x08004c46   0x00000002   PAD
    0x08004c48   0x08004c48   0x0000015e   Code   RO         1179    .text.ips200_show_float  zf_device_ips200.o
    0x08004da6   0x08004da6   0x00000002   PAD
    0x08004da8   0x08004da8   0x00000100   Code   RO         1175    .text.ips200_show_int  zf_device_ips200.o
    0x08004ea8   0x08004ea8   0x000000dc   Code   RO         1173    .text.ips200_show_string  zf_device_ips200.o
    0x08004f84   0x08004f84   0x000000fe   Code   RO         1177    .text.ips200_show_uint  zf_device_ips200.o
    0x08005082   0x08005082   0x00000002   PAD
    0x08005084   0x08005084   0x000000d6   Code   RO         1157    .text.ips200_write_16bit_data  zf_device_ips200.o
    0x0800515a   0x0800515a   0x00000002   PAD
    0x0800515c   0x0800515c   0x000000ae   Code   RO         1195    .text.ips200_write_8bit_data  zf_device_ips200.o
    0x0800520a   0x0800520a   0x00000002   PAD
    0x0800520c   0x0800520c   0x000000ea   Code   RO         1193    .text.ips200_write_command  zf_device_ips200.o
    0x080052f6   0x080052f6   0x00000002   PAD
    0x080052f8   0x080052f8   0x00000060   Code   RO          119    .text.is_first_in_page  auto_menu.o
    0x08005358   0x08005358   0x00000060   Code   RO          111    .text.is_menu_clear  auto_menu.o
    0x080053b8   0x080053b8   0x0000003c   Code   RO          184    .text.key_into      key.o
    0x080053f4   0x080053f4   0x0000002c   Code   RO            4    .text.main          main.o
    0x08005420   0x08005420   0x0000001e   Code   RO          127    .text.menu_init     auto_menu.o
    0x0800543e   0x0800543e   0x00000002   PAD
    0x08005440   0x08005440   0x0000004e   Code   RO          131    .text.rand_color    auto_menu.o
    0x0800548e   0x0800548e   0x00000002   PAD
    0x08005490   0x08005490   0x00000024   Code   RO          121    .text.show_menu     auto_menu.o
    0x080054b4   0x080054b4   0x000000d2   Code   RO          125    .text.show_process  auto_menu.o
    0x08005586   0x08005586   0x00000002   PAD
    0x08005588   0x08005588   0x00000098   Code   RO          632    .text.soft_iic_read_8bit_registers  zf_driver_soft_iic.o
    0x08005620   0x08005620   0x00000164   Code   RO          622    .text.soft_iic_read_data  zf_driver_soft_iic.o
    0x08005784   0x08005784   0x0000011a   Code   RO          650    .text.soft_iic_send_ack  zf_driver_soft_iic.o
    0x0800589e   0x0800589e   0x00000002   PAD
    0x080058a0   0x080058a0   0x00000128   Code   RO          602    .text.soft_iic_send_data  zf_driver_soft_iic.o
    0x080059c8   0x080059c8   0x000000da   Code   RO          600    .text.soft_iic_start  zf_driver_soft_iic.o
    0x08005aa2   0x08005aa2   0x00000002   PAD
    0x08005aa4   0x08005aa4   0x000000da   Code   RO          604    .text.soft_iic_stop  zf_driver_soft_iic.o
    0x08005b7e   0x08005b7e   0x00000002   PAD
    0x08005b80   0x08005b80   0x000000f8   Code   RO          648    .text.soft_iic_wait_ack  zf_driver_soft_iic.o
    0x08005c78   0x08005c78   0x00000056   Code   RO          612    .text.soft_iic_write_8bit_register  zf_driver_soft_iic.o
    0x08005cce   0x08005cce   0x00000002   PAD
    0x08005cd0   0x08005cd0   0x0000002c   Code   RO           95    .text.son_link      auto_menu.o
    0x08005cfc   0x08005cfc   0x00000366   Code   RO          746    .text.spi_init      zf_driver_spi.o
    0x08006062   0x08006062   0x00000002   PAD
    0x08006064   0x08006064   0x000000b8   Code   RO          714    .text.spi_write_16bit  zf_driver_spi.o
    0x0800611c   0x0800611c   0x00000086   Code   RO          710    .text.spi_write_8bit  zf_driver_spi.o
    0x080061a2   0x080061a2   0x00000002   PAD
    0x080061a4   0x080061a4   0x0000009a   Code   RO          391    .text.system_delay_ms  zf_driver_delay.o
    0x0800623e   0x0800623e   0x00000002   PAD
    0x08006240   0x08006240   0x000000b2   Code   RO          767    .text.timer_clear   zf_driver_timer.o
    0x080062f2   0x080062f2   0x00000002   PAD
    0x080062f4   0x080062f4   0x000000b6   Code   RO          765    .text.timer_get     zf_driver_timer.o
    0x080063aa   0x080063aa   0x00000002   PAD
    0x080063ac   0x080063ac   0x000000e0   Code   RO         1481    .text.tsl1401_collect_pit_handler  zf_device_tsl1401.o
    0x0800648c   0x0800648c   0x00000002   Code   RO         1497    .text.type_default_callback  zf_device_type.o
    0x0800648e   0x0800648e   0x00000002   PAD
    0x08006490   0x08006490   0x0000028c   Code   RO          797    .text.uart_init     zf_driver_uart.o
    0x0800671c   0x0800671c   0x00000066   Code   RO          791    .text.uart_query_byte  zf_driver_uart.o
    0x08006782   0x08006782   0x00000002   PAD
    0x08006784   0x08006784   0x00000040   Code   RO          783    .text.uart_write_byte  zf_driver_uart.o
    0x080067c4   0x080067c4   0x00000040   Code   RO          787    .text.uart_write_string  zf_driver_uart.o
    0x08006804   0x08006804   0x00000032   Code   RO           99    .text.unit_default  auto_menu.o
    0x08006836   0x08006836   0x00000002   PAD
    0x08006838   0x08006838   0x00000024   Code   RO          101    .text.unit_index_init  auto_menu.o
    0x0800685c   0x0800685c   0x00000350   Code   RO          103    .text.unit_param_set  auto_menu.o
    0x08006bac   0x08006bac   0x00000028   Code   RO         2645    i.__0sprintf        mc_w.l(printfa.o)
    0x08006bd4   0x08006bd4   0x00000050   Code   RO         2670    i.__free$2region    mc_w.l(malloc2.o)
    0x08006c24   0x08006c24   0x0000006c   Code   RO         2671    i.__malloc$2region  mc_w.l(malloc2.o)
    0x08006c90   0x08006c90   0x0000000e   Code   RO         2835    i.__scatterload_copy  mc_w.l(handlers.o)
    0x08006c9e   0x08006c9e   0x00000002   Code   RO         2836    i.__scatterload_null  mc_w.l(handlers.o)
    0x08006ca0   0x08006ca0   0x0000000e   Code   RO         2837    i.__scatterload_zeroinit  mc_w.l(handlers.o)
    0x08006cae   0x08006cae   0x00000002   PAD
    0x08006cb0   0x08006cb0   0x00000184   Code   RO         2650    i._fp_digits        mc_w.l(printfa.o)
    0x08006e34   0x08006e34   0x000006dc   Code   RO         2651    i._printf_core      mc_w.l(printfa.o)
    0x08007510   0x08007510   0x00000024   Code   RO         2652    i._printf_post_padding  mc_w.l(printfa.o)
    0x08007534   0x08007534   0x0000002e   Code   RO         2653    i._printf_pre_padding  mc_w.l(printfa.o)
    0x08007562   0x08007562   0x0000000a   Code   RO         2655    i._sputc            mc_w.l(printfa.o)
    0x0800756c   0x0800756c   0x000000ac   Data   RO          256    .rodata..L__const.debug_protective_handler.pin_list  zf_common_debug.o
    0x08007618   0x08007618   0x00000228   Data   RO          293    .rodata.ascii_font_6x8  zf_common_font.o
    0x08007840   0x08007840   0x000005f0   Data   RO          292    .rodata.ascii_font_8x16  zf_common_font.o
    0x08007e30   0x08007e30   0x00000061   Data   RO          146    .rodata.str1.1      auto_menu.o
    0x08007e91   0x08007e91   0x00000066   Data   RO          254    .rodata.str1.1      zf_common_debug.o
    0x08007ef7   0x08007ef7   0x0000002b   Data   RO          284    .rodata.str1.1      zf_common_fifo.o
    0x08007f22   0x08007f22   0x0000002f   Data   RO          338    .rodata.str1.1      zf_common_function.o
    0x08007f51   0x08007f51   0x0000002c   Data   RO          395    .rodata.str1.1      zf_driver_delay.o
    0x08007f7d   0x08007f7d   0x0000002f   Data   RO          652    .rodata.str1.1      zf_driver_soft_iic.o
    0x08007fac   0x08007fac   0x0000002a   Data   RO          749    .rodata.str1.1      zf_driver_spi.o
    0x08007fd6   0x08007fd6   0x0000002b   Data   RO          800    .rodata.str1.1      zf_driver_uart.o
    0x08008001   0x08008001   0x00000008   Data   RO          974    .rodata.str1.1      zf_device_gps_tau1201.o
    0x08008009   0x08008009   0x0000002d   Data   RO         1207    .rodata.str1.1      zf_device_ips200.o
    0x08008036   0x08008036   0x00000002   PAD
    0x08008038   0x08008038   0x00000020   Data   RO         2834    Region$$Table       anon$$obj.o


    Execution Region RW_m_data (Exec base: 0x20000000, Load base: 0x08008058, Size: 0x00001984, Max: 0x0001dc00, ABSOLUTE)

    Exec Addr    Load Addr    Size         Type   Attr      Idx    E Section Name        Object

    0x20000000   0x08008058   0x00000004   Data   RW         2618    .data               mc_w.l(rand.o)
    0x20000004   0x0800805c   0x00000004   Data   RW         2807    .data               mc_w.l(mvars.o)
    0x20000008   0x08008060   0x00000004   Data   RW         2808    .data               mc_w.l(mvars.o)
    0x2000000c   0x08008064   0x00000001   Data   RW          145    .data.DAD_NUM       auto_menu.o
    0x2000000d   0x08008065   0x00000001   PAD
    0x2000000e   0x08008066   0x00000002   Data   RW          161    .data.IPS200_BGCOLOR  auto_menu.o
    0x20000010   0x08008068   0x00000008   Data   RW          381    .data.adc_index     zf_driver_adc.o
    0x20000018   0x08008070   0x00000001   Data   RW          158    .data.begin_menu_flag  auto_menu.o
    0x20000019   0x08008071   0x00000003   PAD
    0x2000001c   0x08008074   0x00000004   Data   RW         1506    .data.camera_dma_handler  zf_device_type.o
    0x20000020   0x08008078   0x00000004   Data   RW         1504    .data.camera_uart_handler  zf_device_type.o
    0x20000024   0x0800807c   0x00000004   Data   RW         1505    .data.camera_vsync_handler  zf_device_type.o
    0x20000028   0x08008080   0x00000004   Data   RW            6    .data.count_time    main.o
    0x2000002c   0x08008084   0x00000002   Data   RW          910    .data.dl1a_distance_mm  zf_device_dl1a.o
    0x2000002e   0x08008086   0x00000002   Data   RW          933    .data.dm1xa_distance_mm  zf_device_dm1xa.o
    0x20000030   0x08008088   0x00000008   Data   RW          427    .data.encoder_dir_pin  zf_driver_encoder.o
    0x20000038   0x08008090   0x00000020   Data   RW          484    .data.gpio_group    zf_driver_gpio.o
    0x20000058   0x080080b0   0x00000002   Data   RW         1203    .data.ips200_bgcolor  zf_device_ips200.o
    0x2000005a   0x080080b2   0x00000001   Data   RW         1205    .data.ips200_display_font  zf_device_ips200.o
    0x2000005b   0x080080b3   0x00000001   PAD
    0x2000005c   0x080080b4   0x00000002   Data   RW         1206    .data.ips200_pencolor  zf_device_ips200.o
    0x2000005e   0x080080b6   0x00000002   Data   RW         1201    .data.ips200_x_max  zf_device_ips200.o
    0x20000060   0x080080b8   0x00000002   Data   RW         1202    .data.ips200_y_max  zf_device_ips200.o
    0x20000062   0x080080ba   0x00000001   Data   RW         1209    .data.ips_bl_pin    zf_device_ips200.o
    0x20000063   0x080080bb   0x00000001   Data   RW         1200    .data.ips_cs_pin    zf_device_ips200.o
    0x20000064   0x080080bc   0x00000001   Data   RW         1208    .data.ips_rst_pin   zf_device_ips200.o
    0x20000065   0x080080bd   0x00000003   PAD
    0x20000068   0x080080c0   0x00000008   Data   RW          748    .data.spi_index     zf_driver_spi.o
    0x20000070   0x080080c8   0x00000004   Data   RW          217    .data.system_clock  zf_common_clock.o
    0x20000074   0x080080cc   0x00000004   Data   RW          162    .data.test_a        auto_menu.o
    0x20000078   0x080080d0   0x00000004   Data   RW          163    .data.test_b        auto_menu.o
    0x2000007c   0x080080d4   0x00000004   PAD
    0x20000080   0x080080d8   0x00000008   Data   RW          164    .data.test_c        auto_menu.o
    0x20000088   0x080080e0   0x00000002   Data   RW          165    .data.test_d        auto_menu.o
    0x2000008a   0x080080e2   0x00000002   PAD
    0x2000008c   0x080080e4   0x00000004   Data   RW          166    .data.test_e        auto_menu.o
    0x20000090   0x080080e8   0x00000020   Data   RW          799    .data.uart_index    zf_driver_uart.o
    0x200000b0   0x08008108   0x00000004   Data   RW         1508    .data.wireless_module_uart_handler  zf_device_type.o
    0x200000b4   0x0800810c   0x00000001   Data   RW          252    .data.zf_debug_assert_enable  zf_common_debug.o
    0x200000b5   0x0800810d   0x00000003   PAD
    0x200000b8        -       0x00000004   Zero   RW          147    .bss.P_dad_head     auto_menu.o
    0x200000bc        -       0x00000002   Zero   RW          382    .bss.adc_resolution  zf_driver_adc.o
    0x200000be        -       0x00000001   Zero   RW          139    .bss.button1        auto_menu.o
    0x200000bf        -       0x00000001   Zero   RW          140    .bss.button2        auto_menu.o
    0x200000c0        -       0x00000001   Zero   RW          141    .bss.button3        auto_menu.o
    0x200000c1        -       0x00000001   Zero   RW          142    .bss.button4        auto_menu.o
    0x200000c2        -       0x00000001   Zero   RW          203    .bss.button_entry.long_press_button  key.o
    0x200000c3        -       0x00000001   Zero   RW          202    .bss.button_entry.long_press_cnt  key.o
    0x200000c4        -       0x00000001   Zero   RW          159    .bss.change_value.last_index  auto_menu.o
    0x200000c5   0x0800810d   0x00000003   PAD
    0x200000c8        -       0x00000004   Zero   RW          160    .bss.current_operation_menu  auto_menu.o
    0x200000cc        -       0x00000001   Zero   RW          253    .bss.debug_assert_handler.assert_nest_index  zf_common_debug.o
    0x200000cd   0x0800810d   0x00000003   PAD
    0x200000d0        -       0x00000014   Zero   RW          255    .bss.debug_output_info  zf_common_debug.o
    0x200000e4        -       0x00000001   Zero   RW          909    .bss.dl1a_finsh_flag  zf_device_dl1a.o
    0x200000e5   0x0800810d   0x00000003   PAD
    0x200000e8        -       0x00000010   Zero   RW          911    .bss.dl1a_iic_struct  zf_device_dl1a.o
    0x200000f8        -       0x00000004   Zero   RW          931    .bss.dm1xa_plus_count  zf_device_dm1xa.o
    0x200000fc        -       0x00000001   Zero   RW          932    .bss.dm1xa_ranging_state  zf_device_dm1xa.o
    0x200000fd        -       0x00000001   Zero   RW          930    .bss.dm1xa_type     zf_device_dm1xa.o
    0x200000fe   0x0800810d   0x00000002   PAD
    0x20000100        -       0x00000004   Zero   RW            7    .bss.encoder1       main.o
    0x20000104        -       0x00000004   Zero   RW            8    .bss.encoder2       main.o
    0x20000108        -       0x00000001   Zero   RW          143    .bss.first_in_page_flag  auto_menu.o
    0x20000109        -       0x00000080   Zero   RW          971    .bss.gps_gga_buffer  zf_device_gps_tau1201.o
    0x20000189        -       0x00000001   Zero   RW          966    .bss.gps_gga_state  zf_device_gps_tau1201.o
    0x2000018a        -       0x00000080   Zero   RW          969    .bss.gps_rmc_buffer  zf_device_gps_tau1201.o
    0x2000020a        -       0x00000001   Zero   RW          967    .bss.gps_rmc_state  zf_device_gps_tau1201.o
    0x2000020b        -       0x00000001   Zero   RW          965    .bss.gps_tau1201_flag  zf_device_gps_tau1201.o
    0x2000020c        -       0x00000018   Zero   RW          973    .bss.gps_tau1201_receiver_fifo  zf_device_gps_tau1201.o
    0x20000224        -       0x00000001   Zero   RW          972    .bss.gps_tau1201_state  zf_device_gps_tau1201.o
    0x20000225   0x0800810d   0x00000003   PAD
    0x20000228        -       0x00000004   Zero   RW          367    .bss.interrupt_nest_count  zf_common_interrupt.o
    0x2000022c        -       0x00000001   Zero   RW         1204    .bss.ips200_display_dir  zf_device_ips200.o
    0x2000022d        -       0x00000001   Zero   RW         1199    .bss.ips200_display_type  zf_device_ips200.o
    0x2000022e        -       0x00000001   Zero   RW          144    .bss.is_clear_flag  auto_menu.o
    0x2000022f        -       0x00000001   Zero   RW          189    .bss.key1_count     key.o
    0x20000230        -       0x00000001   Zero   RW          188    .bss.key1_flag      key.o
    0x20000231        -       0x00000001   Zero   RW          186    .bss.key1_state     key.o
    0x20000232        -       0x00000001   Zero   RW          187    .bss.key1_state_last  key.o
    0x20000233        -       0x00000001   Zero   RW          193    .bss.key2_count     key.o
    0x20000234        -       0x00000001   Zero   RW          192    .bss.key2_flag      key.o
    0x20000235        -       0x00000001   Zero   RW          190    .bss.key2_state     key.o
    0x20000236        -       0x00000001   Zero   RW          191    .bss.key2_state_last  key.o
    0x20000237        -       0x00000001   Zero   RW          197    .bss.key3_count     key.o
    0x20000238        -       0x00000001   Zero   RW          196    .bss.key3_flag      key.o
    0x20000239        -       0x00000001   Zero   RW          194    .bss.key3_state     key.o
    0x2000023a        -       0x00000001   Zero   RW          195    .bss.key3_state_last  key.o
    0x2000023b        -       0x00000001   Zero   RW          201    .bss.key4_count     key.o
    0x2000023c        -       0x00000001   Zero   RW          200    .bss.key4_flag      key.o
    0x2000023d        -       0x00000001   Zero   RW          198    .bss.key4_state     key.o
    0x2000023e        -       0x00000001   Zero   RW          199    .bss.key4_state_last  key.o
    0x2000023f        -       0x000000c8   Zero   RW          155    .bss.my_index       auto_menu.o
    0x20000307   0x0800810d   0x00000001   PAD
    0x20000308        -       0x00000fa0   Zero   RW          150    .bss.my_menu_unit   auto_menu.o
    0x200012a8        -       0x000004b0   Zero   RW          152    .bss.my_param_set   auto_menu.o
    0x20001758        -       0x00000004   Zero   RW          156    .bss.p_index_xy_dad  auto_menu.o
    0x2000175c        -       0x00000004   Zero   RW          157    .bss.p_index_xy_son  auto_menu.o
    0x20001760        -       0x00000004   Zero   RW          153    .bss.p_unit         auto_menu.o
    0x20001764        -       0x00000004   Zero   RW          154    .bss.p_unit_last    auto_menu.o
    0x20001768        -       0x00000004   Zero   RW          151    .bss.static_cnt     auto_menu.o
    0x2000176c        -       0x00000008   Zero   RW          774    .bss.timer_mode_state  zf_driver_timer.o
    0x20001774        -       0x00000200   Zero   RW         1488    .bss.tsl1401_data   zf_device_tsl1401.o
    0x20001974        -       0x00000001   Zero   RW         1489    .bss.tsl1401_finish_flag  zf_device_tsl1401.o
    0x20001975        -       0x00000001   Zero   RW         1487    .bss.tsl1401_init_state  zf_device_tsl1401.o
    0x20001976   0x0800810d   0x00000002   PAD
    0x20001978        -       0x00000004   Zero   RW          149    .bss.unit_param_set.dad  auto_menu.o
    0x2000197c        -       0x00000004   Zero   RW          148    .bss.unit_param_set.p_middle  auto_menu.o
    0x20001980        -       0x00000001   Zero   RW          251    .bss.zf_debug_init_flag  zf_common_debug.o


    Execution Region ARM_LIB_HEAP (Exec base: 0x20001984, Load base: 0x08008110, Size: 0x00000400, Max: 0x00000400, ABSOLUTE)

    Exec Addr    Load Addr    Size         Type   Attr      Idx    E Section Name        Object

    0x20001984        -       0x00000400   Zero   RW            1    ARM_LIB_HEAP.bss    anon$$obj.o


    Execution Region ARM_LIB_STACK (Exec base: 0x2001e000, Load base: 0x08008110, Size: 0x00002000, Max: 0x00002000, ABSOLUTE)

    Exec Addr    Load Addr    Size         Type   Attr      Idx    E Section Name        Object

    0x2001e000        -       0x00002000   Zero   RW            2    ARM_LIB_STACK.bss   anon$$obj.o


==============================================================================

Image component sizes


      Code (inc. data)   RO Data    RW Data    ZI Data      Debug   Object Name

      4992          0         97         26       5443       9164   auto_menu.o
      2062          0          0          0          0       6871   isr.o
       866          0          0          0         18       3304   key.o
        44          0          0          4          8        825   main.o
        36          8        400          0          0        828   startup_mm32f3277g.o
        16          0          0          0          0        407   system_mm32f3277g.o
       796          0          0          4          0       2908   zf_common_clock.o
      1548          0        274          1         22       8160   zf_common_debug.o
      1302          0         43          0          0       5414   zf_common_fifo.o
         0          0       2072          0          0        887   zf_common_font.o
      1064          0         47          0          0       8031   zf_common_function.o
       106          0          0          0          4       4645   zf_common_interrupt.o
       166          0          0          2         17       7690   zf_device_dl1a.o
       314          4          0          2          6       3517   zf_device_dm1xa.o
       314          0          8          0        284       8135   zf_device_gps_tau1201.o
      4322          4         45         12          2      12086   zf_device_ips200.o
       224          0          0          0        514       3502   zf_device_tsl1401.o
         2          0          0         16          0       1510   zf_device_type.o
       150          0          0          8          2       4694   zf_driver_adc.o
       154          0         44          0          0       1201   zf_driver_delay.o
       366         16          0          8          0       5944   zf_driver_encoder.o
      1016          0          0         32          0       4811   zf_driver_gpio.o
      1856          0         47          0          0       8779   zf_driver_soft_iic.o
      1188          4         42          8          0       8667   zf_driver_spi.o
       360         16          0          0          8       7418   zf_driver_timer.o
       882          8         43         32          0       7470   zf_driver_uart.o

    ----------------------------------------------------------------------
     24292         60       3196        172      15564     136868   Object Totals
         0          0         32          0       9216          0   (incl. Generated)
       146          0          2         17         20          0   (incl. Padding)

    ----------------------------------------------------------------------

      Code (inc. data)   RO Data    RW Data    ZI Data      Debug   Library Member Name

         0          0          0          0          0          0   entry.o
         0          0          0          0          0          0   entry10a.o
         0          0          0          0          0          0   entry11a.o
         8          4          0          0          0          0   entry4.o
         4          0          0          0          0          0   entry5.o
         0          0          0          0          0          0   entry7b.o
         0          0          0          0          0          0   entry8b.o
         8          4          0          0          0          0   entry9a.o
        30          0          0          0          0          0   handlers.o
        48         10          0          0          0         68   init.o
         0          0          0          0          0          0   iusefp.o
        30          0          0          0          0         68   llshl.o
        36          0          0          0          0         68   llsshr.o
        32          0          0          0          0         68   llushr.o
       188         20          0          0          0        160   malloc2.o
        36          0          0          0          0         68   memcpya.o
        36          0          0          0          0        108   memseta.o
         0          0          0          8          0          0   mvars.o
      2276         86          0          0          0        520   printfa.o
        36         10          0          4          0        136   rand.o
        18          0          0          0          0         68   strcpy.o
        14          0          0          0          0         68   strlen.o
        30          0          0          0          0         80   strncmp.o
        44          0          0          0          0         80   uidiv.o
        98          0          0          0          0         92   uldiv.o
        48          0          0          0          0         68   cdrcmple.o
        56          0          0          0          0         88   d2f.o
       334          0          0          0          0        148   dadd.o
        56          0          0          0          0         80   dcmpeq.o
       222          0          0          0          0        100   ddiv.o
       186          0          0          0          0        176   depilogue.o
        62          0          0          0          0         80   dfixi.o
        48          0          0          0          0         68   dfixul.o
       228          0          0          0          0         96   dmul.o
        38          0          0          0          0         68   f2d.o
       176          0          0          0          0        140   fadd.o
        28          0          0          0          0         68   fcmpge.o
       110          0          0          0          0        168   fepilogue.o
        50          0          0          0          0         68   ffixi.o
        18          0          0          0          0         68   fflti.o
        10          0          0          0          0         68   ffltui.o
       100          0          0          0          0         76   fmul.o

    ----------------------------------------------------------------------
      4744        134          0         12          0       3280   Library Totals
         2          0          0          0          0          0   (incl. Padding)

    ----------------------------------------------------------------------

      Code (inc. data)   RO Data    RW Data    ZI Data      Debug   Library Name

      2972        134          0         12          0       1652   mc_w.l
      1770          0          0          0          0       1628   mf_w.l

    ----------------------------------------------------------------------
      4744        134          0         12          0       3280   Library Totals

    ----------------------------------------------------------------------

==============================================================================


      Code (inc. data)   RO Data    RW Data    ZI Data      Debug   

     29036        194       3196        184      15564     138020   Grand Totals
     29036        194       3196        184      15564     138020   ELF Image Totals
     29036        194       3196        184          0          0   ROM Totals

==============================================================================

    Total RO  Size (Code + RO Data)                32232 (  31.48kB)
    Total RW  Size (RW Data + ZI Data)             15748 (  15.38kB)
    Total ROM Size (Code + RO Data + RW Data)      32416 (  31.66kB)

==============================================================================

